sim65 tests/decode_test
test_decode_byte:
  tests/decode_test.c:20: assert byte_value (0, $0) == 0x00 (0, $0): OK
  tests/decode_test.c:23: assert byte_value (1, $1) == 0x01 (1, $1): OK
  tests/decode_test.c:26: assert byte_value (3, $3) == 0x03 (3, $3): OK
test_decode_number:
  tests/decode_test.c:43: assert (result).e (134, $86) == (result_1).e (134, $86): OK
  tests/decode_test.c:43: assert (result).t (1207959552, $48000000) == (result_1).t (1207959552, $48000000): OK
  tests/decode_test.c:48: assert (result).e (140, $8C) == (result_2).e (140, $8C): OK
  tests/decode_test.c:48: assert (result).t (8388608, $800000) == (result_2).t (8388608, $800000): OK
  tests/decode_test.c:53: assert (result).e (129, $81) == (result_3).e (129, $81): OK
  tests/decode_test.c:53: assert (result).t (1225772929, $490FCF81) == (result_3).t (1225772929, $490FCF81): OK
test_decode_string:
        &line_buffer ($0300):
        0000 0300  0A 00 00 22 48 45 4C 4C 4F 22 32 2C 33 2E 31 34  ..."HELLO"2,3.14
        0010 0310  31 35 39 2C FF FF FF FF FF FF FF FF FF FF FF FF  159,ÿÿÿÿÿÿÿÿÿÿÿÿ
        line_ptr ($0300):
        0000 0300  0A 00 00 22 48 45 4C 4C 4F 22 32 2C 33 2E 31 34  ..."HELLO"2,3.14
        0010 0310  31 35 39 2C FF FF FF FF FF FF FF FF FF FF FF FF  159,ÿÿÿÿÿÿÿÿÿÿÿÿ
        string_ptr ($F6BB):
        0000 F6BB  05 48 45 4C 4C 4F FF FF FA FF FF FF FF FF FF FF  .HELLOÿÿúÿÿÿÿÿÿÿ
        0010 F6CB  FF FF FF FF FF FF FF FF FF FF FF FF FF FF FF FF  ÿÿÿÿÿÿÿÿÿÿÿÿÿÿÿÿ
  tests/decode_test.c:72: assert string_ptr->length (5, $5) == 5 (5, $5): OK
  tests/decode_test.c:73: assert memcmp(string_ptr->data, "HELLO", 5) (0, $0) == 0 (0, $0): OK
  tests/decode_test.c:74: assert line_pos (10, $A) == 10 (10, $A): OK
test_decode_name:
  tests/decode_test.c:91: assert decode_name_ptr ($0303) == line_buffer.data ($0303): OK
  tests/decode_test.c:92: assert decode_name_length (1, $1) == 1 (1, $1): OK
  tests/decode_test.c:93: assert decode_name_type (0, $0) == 0x00 (0, $0): OK
  tests/decode_test.c:94: assert decode_name_arity (0, $0) == 0 (0, $0): OK
  tests/decode_test.c:97: assert decode_name_ptr ($0304) == line_buffer.data + 1 ($0304): OK
  tests/decode_test.c:98: assert decode_name_length (6, $6) == 6 (6, $6): OK
  tests/decode_test.c:99: assert decode_name_type (0, $0) == 0x00 (0, $0): OK
  tests/decode_test.c:100: assert decode_name_arity (0, $0) == 0 (0, $0): OK
  tests/decode_test.c:103: assert decode_name_ptr ($030A) == line_buffer.data + 7 ($030A): OK
  tests/decode_test.c:104: assert decode_name_length (2, $2) == 2 (2, $2): OK
  tests/decode_test.c:105: assert decode_name_type (1, $1) == 0x01 (1, $1): OK
  tests/decode_test.c:106: assert decode_name_arity (0, $0) == 0 (0, $0): OK
  tests/decode_test.c:109: assert decode_name_ptr ($030C) == line_buffer.data + 9 ($030C): OK
  tests/decode_test.c:110: assert decode_name_length (1, $1) == 1 (1, $1): OK
  tests/decode_test.c:111: assert decode_name_type (0, $0) == 0x00 (0, $0): OK
  tests/decode_test.c:112: assert decode_name_arity (-1, $FFFFFFFF) == -1 (-1, $FFFFFFFF): OK
  tests/decode_test.c:115: assert decode_name_ptr ($030E) == line_buffer.data + 11 ($030E): OK
  tests/decode_test.c:116: assert decode_name_length (2, $2) == 2 (2, $2): OK
  tests/decode_test.c:117: assert decode_name_type (1, $1) == 0x01 (1, $1): OK
  tests/decode_test.c:118: assert decode_name_arity (-1, $FFFFFFFF) == -1 (-1, $FFFFFFFF): OK
sim65 tests/expression_test
test_stack_alloc_free:
  tests/expression_test.c:16: assert op_stack_pos (16, $10) == 16 (16, $10): OK
  tests/expression_test.c:17: assert stack_pos (192, $C0) == 192 (192, $C0): OK
  tests/expression_test.c:20: assert err (0, $0) == 0 (0, $0): OK
  tests/expression_test.c:21: assert stack_pos (190, $BE) == 192 - 2 (190, $BE): OK
  tests/expression_test.c:22: assert p (190, $BE) == stack_pos (190, $BE): OK
  tests/expression_test.c:25: assert err (0, $0) == 0 (0, $0): OK
  tests/expression_test.c:26: assert stack_pos (126, $7E) == 192 - 2 - 64 (126, $7E): OK
  tests/expression_test.c:27: assert p (126, $7E) == stack_pos (126, $7E): OK
  tests/expression_test.c:30: assert stack_pos (190, $BE) == 192 - 2 (190, $BE): OK
  tests/expression_test.c:33: assert stack_pos (192, $C0) == 192 (192, $C0): OK
  tests/expression_test.c:39: assert err (134, $86) == 0x86 (134, $86): OK
test_evaluate_expression_op:
op=0
  tests/expression_test.c:56: assert err (0, $0) == 0 (0, $0): OK
  tests/expression_test.c:59: assert (value).e (0, $0) == (*expected00).e (0, $0): OK
  tests/expression_test.c:59: assert (value).t (0, $0) == (*expected00).t (0, $0): OK
  tests/expression_test.c:65: assert err (0, $0) == 0 (0, $0): OK
  tests/expression_test.c:67: assert (value).e (128, $80) == (*expected01).e (128, $80): OK
  tests/expression_test.c:67: assert (value).t (0, $0) == (*expected01).t (0, $0): OK
  tests/expression_test.c:73: assert err (0, $0) == 0 (0, $0): OK
  tests/expression_test.c:76: assert (value).e (128, $80) == (*expected10).e (128, $80): OK
  tests/expression_test.c:76: assert (value).t (0, $0) == (*expected10).t (0, $0): OK
  tests/expression_test.c:82: assert err (0, $0) == 0 (0, $0): OK
  tests/expression_test.c:85: assert (value).e (129, $81) == (*expected11).e (129, $81): OK
  tests/expression_test.c:85: assert (value).t (0, $0) == (*expected11).t (0, $0): OK
op=1
  tests/expression_test.c:56: assert err (0, $0) == 0 (0, $0): OK
  tests/expression_test.c:59: assert (value).e (0, $0) == (*expected00).e (0, $0): OK
  tests/expression_test.c:59: assert (value).t (0, $0) == (*expected00).t (0, $0): OK
  tests/expression_test.c:65: assert err (0, $0) == 0 (0, $0): OK
  tests/expression_test.c:67: assert (value).e (128, $80) == (*expected01).e (128, $80): OK
  tests/expression_test.c:67: assert (value).t (-2147483648, $80000000) == (*expected01).t (-2147483648, $80000000): OK
  tests/expression_test.c:73: assert err (0, $0) == 0 (0, $0): OK
  tests/expression_test.c:76: assert (value).e (128, $80) == (*expected10).e (128, $80): OK
  tests/expression_test.c:76: assert (value).t (0, $0) == (*expected10).t (0, $0): OK
  tests/expression_test.c:82: assert err (0, $0) == 0 (0, $0): OK
  tests/expression_test.c:85: assert (value).e (0, $0) == (*expected11).e (0, $0): OK
  tests/expression_test.c:85: assert (value).t (0, $0) == (*expected11).t (0, $0): OK
op=6
  tests/expression_test.c:56: assert err (0, $0) == 0 (0, $0): OK
  tests/expression_test.c:59: assert (value).e (128, $80) == (*expected00).e (128, $80): OK
  tests/expression_test.c:59: assert (value).t (0, $0) == (*expected00).t (0, $0): OK
  tests/expression_test.c:65: assert err (0, $0) == 0 (0, $0): OK
  tests/expression_test.c:67: assert (value).e (0, $0) == (*expected01).e (0, $0): OK
  tests/expression_test.c:67: assert (value).t (0, $0) == (*expected01).t (0, $0): OK
  tests/expression_test.c:73: assert err (0, $0) == 0 (0, $0): OK
  tests/expression_test.c:76: assert (value).e (0, $0) == (*expected10).e (0, $0): OK
  tests/expression_test.c:76: assert (value).t (0, $0) == (*expected10).t (0, $0): OK
  tests/expression_test.c:82: assert err (0, $0) == 0 (0, $0): OK
  tests/expression_test.c:85: assert (value).e (128, $80) == (*expected11).e (128, $80): OK
  tests/expression_test.c:85: assert (value).t (0, $0) == (*expected11).t (0, $0): OK
op=9
  tests/expression_test.c:56: assert err (0, $0) == 0 (0, $0): OK
  tests/expression_test.c:59: assert (value).e (0, $0) == (*expected00).e (0, $0): OK
  tests/expression_test.c:59: assert (value).t (0, $0) == (*expected00).t (0, $0): OK
  tests/expression_test.c:65: assert err (0, $0) == 0 (0, $0): OK
  tests/expression_test.c:67: assert (value).e (128, $80) == (*expected01).e (128, $80): OK
  tests/expression_test.c:67: assert (value).t (0, $0) == (*expected01).t (0, $0): OK
  tests/expression_test.c:73: assert err (0, $0) == 0 (0, $0): OK
  tests/expression_test.c:76: assert (value).e (128, $80) == (*expected10).e (128, $80): OK
  tests/expression_test.c:76: assert (value).t (0, $0) == (*expected10).t (0, $0): OK
  tests/expression_test.c:82: assert err (0, $0) == 0 (0, $0): OK
  tests/expression_test.c:85: assert (value).e (0, $0) == (*expected11).e (0, $0): OK
  tests/expression_test.c:85: assert (value).t (0, $0) == (*expected11).t (0, $0): OK
op=7
  tests/expression_test.c:56: assert err (0, $0) == 0 (0, $0): OK
  tests/expression_test.c:59: assert (value).e (0, $0) == (*expected00).e (0, $0): OK
  tests/expression_test.c:59: assert (value).t (0, $0) == (*expected00).t (0, $0): OK
  tests/expression_test.c:65: assert err (0, $0) == 0 (0, $0): OK
  tests/expression_test.c:67: assert (value).e (128, $80) == (*expected01).e (128, $80): OK
  tests/expression_test.c:67: assert (value).t (0, $0) == (*expected01).t (0, $0): OK
  tests/expression_test.c:73: assert err (0, $0) == 0 (0, $0): OK
  tests/expression_test.c:76: assert (value).e (0, $0) == (*expected10).e (0, $0): OK
  tests/expression_test.c:76: assert (value).t (0, $0) == (*expected10).t (0, $0): OK
  tests/expression_test.c:82: assert err (0, $0) == 0 (0, $0): OK
  tests/expression_test.c:85: assert (value).e (0, $0) == (*expected11).e (0, $0): OK
  tests/expression_test.c:85: assert (value).t (0, $0) == (*expected11).t (0, $0): OK
op=10
  tests/expression_test.c:56: assert err (0, $0) == 0 (0, $0): OK
  tests/expression_test.c:59: assert (value).e (128, $80) == (*expected00).e (128, $80): OK
  tests/expression_test.c:59: assert (value).t (0, $0) == (*expected00).t (0, $0): OK
  tests/expression_test.c:65: assert err (0, $0) == 0 (0, $0): OK
  tests/expression_test.c:67: assert (value).e (128, $80) == (*expected01).e (128, $80): OK
  tests/expression_test.c:67: assert (value).t (0, $0) == (*expected01).t (0, $0): OK
  tests/expression_test.c:73: assert err (0, $0) == 0 (0, $0): OK
  tests/expression_test.c:76: assert (value).e (0, $0) == (*expected10).e (0, $0): OK
  tests/expression_test.c:76: assert (value).t (0, $0) == (*expected10).t (0, $0): OK
  tests/expression_test.c:82: assert err (0, $0) == 0 (0, $0): OK
  tests/expression_test.c:85: assert (value).e (128, $80) == (*expected11).e (128, $80): OK
  tests/expression_test.c:85: assert (value).t (0, $0) == (*expected11).t (0, $0): OK
op=8
  tests/expression_test.c:56: assert err (0, $0) == 0 (0, $0): OK
  tests/expression_test.c:59: assert (value).e (0, $0) == (*expected00).e (0, $0): OK
  tests/expression_test.c:59: assert (value).t (0, $0) == (*expected00).t (0, $0): OK
  tests/expression_test.c:65: assert err (0, $0) == 0 (0, $0): OK
  tests/expression_test.c:67: assert (value).e (0, $0) == (*expected01).e (0, $0): OK
  tests/expression_test.c:67: assert (value).t (0, $0) == (*expected01).t (0, $0): OK
  tests/expression_test.c:73: assert err (0, $0) == 0 (0, $0): OK
  tests/expression_test.c:76: assert (value).e (128, $80) == (*expected10).e (128, $80): OK
  tests/expression_test.c:76: assert (value).t (0, $0) == (*expected10).t (0, $0): OK
  tests/expression_test.c:82: assert err (0, $0) == 0 (0, $0): OK
  tests/expression_test.c:85: assert (value).e (0, $0) == (*expected11).e (0, $0): OK
  tests/expression_test.c:85: assert (value).t (0, $0) == (*expected11).t (0, $0): OK
op=11
  tests/expression_test.c:56: assert err (0, $0) == 0 (0, $0): OK
  tests/expression_test.c:59: assert (value).e (128, $80) == (*expected00).e (128, $80): OK
  tests/expression_test.c:59: assert (value).t (0, $0) == (*expected00).t (0, $0): OK
  tests/expression_test.c:65: assert err (0, $0) == 0 (0, $0): OK
  tests/expression_test.c:67: assert (value).e (0, $0) == (*expected01).e (0, $0): OK
  tests/expression_test.c:67: assert (value).t (0, $0) == (*expected01).t (0, $0): OK
  tests/expression_test.c:73: assert err (0, $0) == 0 (0, $0): OK
  tests/expression_test.c:76: assert (value).e (128, $80) == (*expected10).e (128, $80): OK
  tests/expression_test.c:76: assert (value).t (0, $0) == (*expected10).t (0, $0): OK
  tests/expression_test.c:82: assert err (0, $0) == 0 (0, $0): OK
  tests/expression_test.c:85: assert (value).e (128, $80) == (*expected11).e (128, $80): OK
  tests/expression_test.c:85: assert (value).t (0, $0) == (*expected11).t (0, $0): OK
op=12
  tests/expression_test.c:56: assert err (0, $0) == 0 (0, $0): OK
  tests/expression_test.c:59: assert (value).e (0, $0) == (*expected00).e (0, $0): OK
  tests/expression_test.c:59: assert (value).t (0, $0) == (*expected00).t (0, $0): OK
  tests/expression_test.c:65: assert err (0, $0) == 0 (0, $0): OK
  tests/expression_test.c:67: assert (value).e (0, $0) == (*expected01).e (0, $0): OK
  tests/expression_test.c:67: assert (value).t (0, $0) == (*expected01).t (0, $0): OK
  tests/expression_test.c:73: assert err (0, $0) == 0 (0, $0): OK
  tests/expression_test.c:76: assert (value).e (0, $0) == (*expected10).e (0, $0): OK
  tests/expression_test.c:76: assert (value).t (0, $0) == (*expected10).t (0, $0): OK
  tests/expression_test.c:82: assert err (0, $0) == 0 (0, $0): OK
  tests/expression_test.c:85: assert (value).e (128, $80) == (*expected11).e (128, $80): OK
  tests/expression_test.c:85: assert (value).t (0, $0) == (*expected11).t (0, $0): OK
op=13
  tests/expression_test.c:56: assert err (0, $0) == 0 (0, $0): OK
  tests/expression_test.c:59: assert (value).e (0, $0) == (*expected00).e (0, $0): OK
  tests/expression_test.c:59: assert (value).t (0, $0) == (*expected00).t (0, $0): OK
  tests/expression_test.c:65: assert err (0, $0) == 0 (0, $0): OK
  tests/expression_test.c:67: assert (value).e (128, $80) == (*expected01).e (128, $80): OK
  tests/expression_test.c:67: assert (value).t (0, $0) == (*expected01).t (0, $0): OK
  tests/expression_test.c:73: assert err (0, $0) == 0 (0, $0): OK
  tests/expression_test.c:76: assert (value).e (128, $80) == (*expected10).e (128, $80): OK
  tests/expression_test.c:76: assert (value).t (0, $0) == (*expected10).t (0, $0): OK
  tests/expression_test.c:82: assert err (0, $0) == 0 (0, $0): OK
  tests/expression_test.c:85: assert (value).e (128, $80) == (*expected11).e (128, $80): OK
  tests/expression_test.c:85: assert (value).t (0, $0) == (*expected11).t (0, $0): OK
op=0
  tests/expression_test.c:100: assert err (0, $0) == 0 (0, $0): OK
  tests/expression_test.c:103: assert (value).e (0, $0) == (*expected0).e (0, $0): OK
  tests/expression_test.c:103: assert (value).t (0, $0) == (*expected0).t (0, $0): OK
  tests/expression_test.c:108: assert err (0, $0) == 0 (0, $0): OK
  tests/expression_test.c:111: assert (value).e (128, $80) == (*expected1).e (128, $80): OK
  tests/expression_test.c:111: assert (value).t (-2147483648, $80000000) == (*expected1).t (-2147483648, $80000000): OK
op=1
  tests/expression_test.c:100: assert err (0, $0) == 0 (0, $0): OK
  tests/expression_test.c:103: assert (value).e (128, $80) == (*expected0).e (128, $80): OK
  tests/expression_test.c:103: assert (value).t (0, $0) == (*expected0).t (0, $0): OK
  tests/expression_test.c:108: assert err (0, $0) == 0 (0, $0): OK
  tests/expression_test.c:111: assert (value).e (0, $0) == (*expected1).e (0, $0): OK
  tests/expression_test.c:111: assert (value).t (0, $0) == (*expected1).t (0, $0): OK
test_evaluate_expression_op_precedence:
  tests/expression_test.c:158: assert err (0, $0) == 0 (0, $0): OK
  tests/expression_test.c:161: assert (value).e (0, $0) == (result_1).e (0, $0): OK
  tests/expression_test.c:161: assert (value).t (0, $0) == (result_1).t (0, $0): OK
  tests/expression_test.c:165: assert err (0, $0) == 0 (0, $0): OK
  tests/expression_test.c:168: assert (value).e (129, $81) == (result_2).e (129, $81): OK
  tests/expression_test.c:168: assert (value).t (0, $0) == (result_2).t (0, $0): OK
test_string_comparison:
  tests/expression_test.c:208: test_one_string_comparison(6, "HELLO", "HELLO")
  tests/expression_test.c:196: assert err (0, $0) == 0 (0, $0): OK
  tests/expression_test.c:199: assert (value).e (128, $80) == (*expected).e (128, $80): OK
  tests/expression_test.c:199: assert (value).t (0, $0) == (*expected).t (0, $0): OK
  tests/expression_test.c:209: test_one_string_comparison(6, "HELLO", "HELLOX")
  tests/expression_test.c:196: assert err (0, $0) == 0 (0, $0): OK
  tests/expression_test.c:199: assert (value).e (0, $0) == (*expected).e (0, $0): OK
  tests/expression_test.c:199: assert (value).t (0, $0) == (*expected).t (0, $0): OK
  tests/expression_test.c:210: test_one_string_comparison(6, "HELLOX", "HELLO")
  tests/expression_test.c:196: assert err (0, $0) == 0 (0, $0): OK
  tests/expression_test.c:199: assert (value).e (0, $0) == (*expected).e (0, $0): OK
  tests/expression_test.c:199: assert (value).t (0, $0) == (*expected).t (0, $0): OK
  tests/expression_test.c:211: test_one_string_comparison(6, "ABC", "XYZ")
  tests/expression_test.c:196: assert err (0, $0) == 0 (0, $0): OK
  tests/expression_test.c:199: assert (value).e (0, $0) == (*expected).e (0, $0): OK
  tests/expression_test.c:199: assert (value).t (0, $0) == (*expected).t (0, $0): OK
  tests/expression_test.c:212: test_one_string_comparison(6, "", "")
  tests/expression_test.c:196: assert err (0, $0) == 0 (0, $0): OK
  tests/expression_test.c:199: assert (value).e (128, $80) == (*expected).e (128, $80): OK
  tests/expression_test.c:199: assert (value).t (0, $0) == (*expected).t (0, $0): OK
  tests/expression_test.c:214: test_one_string_comparison(9, "HELLO", "HELLO")
  tests/expression_test.c:196: assert err (0, $0) == 0 (0, $0): OK
  tests/expression_test.c:199: assert (value).e (0, $0) == (*expected).e (0, $0): OK
  tests/expression_test.c:199: assert (value).t (0, $0) == (*expected).t (0, $0): OK
  tests/expression_test.c:215: test_one_string_comparison(9, "HELLO", "HELLOX")
  tests/expression_test.c:196: assert err (0, $0) == 0 (0, $0): OK
  tests/expression_test.c:199: assert (value).e (128, $80) == (*expected).e (128, $80): OK
  tests/expression_test.c:199: assert (value).t (0, $0) == (*expected).t (0, $0): OK
  tests/expression_test.c:216: test_one_string_comparison(9, "HELLOX", "HELLO")
  tests/expression_test.c:196: assert err (0, $0) == 0 (0, $0): OK
  tests/expression_test.c:199: assert (value).e (128, $80) == (*expected).e (128, $80): OK
  tests/expression_test.c:199: assert (value).t (0, $0) == (*expected).t (0, $0): OK
  tests/expression_test.c:217: test_one_string_comparison(9, "ABC", "XYZ")
  tests/expression_test.c:196: assert err (0, $0) == 0 (0, $0): OK
  tests/expression_test.c:199: assert (value).e (128, $80) == (*expected).e (128, $80): OK
  tests/expression_test.c:199: assert (value).t (0, $0) == (*expected).t (0, $0): OK
  tests/expression_test.c:218: test_one_string_comparison(9, "", "")
  tests/expression_test.c:196: assert err (0, $0) == 0 (0, $0): OK
  tests/expression_test.c:199: assert (value).e (0, $0) == (*expected).e (0, $0): OK
  tests/expression_test.c:199: assert (value).t (0, $0) == (*expected).t (0, $0): OK
  tests/expression_test.c:220: test_one_string_comparison(7, "HELLO", "HELLO")
  tests/expression_test.c:196: assert err (0, $0) == 0 (0, $0): OK
  tests/expression_test.c:199: assert (value).e (0, $0) == (*expected).e (0, $0): OK
  tests/expression_test.c:199: assert (value).t (0, $0) == (*expected).t (0, $0): OK
  tests/expression_test.c:221: test_one_string_comparison(7, "HELLO", "HELLOX")
  tests/expression_test.c:196: assert err (0, $0) == 0 (0, $0): OK
  tests/expression_test.c:199: assert (value).e (128, $80) == (*expected).e (128, $80): OK
  tests/expression_test.c:199: assert (value).t (0, $0) == (*expected).t (0, $0): OK
  tests/expression_test.c:222: test_one_string_comparison(7, "HELLOX", "HELLO")
  tests/expression_test.c:196: assert err (0, $0) == 0 (0, $0): OK
  tests/expression_test.c:199: assert (value).e (0, $0) == (*expected).e (0, $0): OK
  tests/expression_test.c:199: assert (value).t (0, $0) == (*expected).t (0, $0): OK
  tests/expression_test.c:223: test_one_string_comparison(7, "ABC", "XYZ")
  tests/expression_test.c:196: assert err (0, $0) == 0 (0, $0): OK
  tests/expression_test.c:199: assert (value).e (128, $80) == (*expected).e (128, $80): OK
  tests/expression_test.c:199: assert (value).t (0, $0) == (*expected).t (0, $0): OK
  tests/expression_test.c:224: test_one_string_comparison(7, "", "")
  tests/expression_test.c:196: assert err (0, $0) == 0 (0, $0): OK
  tests/expression_test.c:199: assert (value).e (0, $0) == (*expected).e (0, $0): OK
  tests/expression_test.c:199: assert (value).t (0, $0) == (*expected).t (0, $0): OK
  tests/expression_test.c:226: test_one_string_comparison(10, "HELLO", "HELLO")
  tests/expression_test.c:196: assert err (0, $0) == 0 (0, $0): OK
  tests/expression_test.c:199: assert (value).e (128, $80) == (*expected).e (128, $80): OK
  tests/expression_test.c:199: assert (value).t (0, $0) == (*expected).t (0, $0): OK
  tests/expression_test.c:227: test_one_string_comparison(10, "HELLO", "HELLOX")
  tests/expression_test.c:196: assert err (0, $0) == 0 (0, $0): OK
  tests/expression_test.c:199: assert (value).e (128, $80) == (*expected).e (128, $80): OK
  tests/expression_test.c:199: assert (value).t (0, $0) == (*expected).t (0, $0): OK
  tests/expression_test.c:228: test_one_string_comparison(10, "HELLOX", "HELLO")
  tests/expression_test.c:196: assert err (0, $0) == 0 (0, $0): OK
  tests/expression_test.c:199: assert (value).e (0, $0) == (*expected).e (0, $0): OK
  tests/expression_test.c:199: assert (value).t (0, $0) == (*expected).t (0, $0): OK
  tests/expression_test.c:229: test_one_string_comparison(10, "ABC", "XYZ")
  tests/expression_test.c:196: assert err (0, $0) == 0 (0, $0): OK
  tests/expression_test.c:199: assert (value).e (128, $80) == (*expected).e (128, $80): OK
  tests/expression_test.c:199: assert (value).t (0, $0) == (*expected).t (0, $0): OK
  tests/expression_test.c:230: test_one_string_comparison(10, "", "")
  tests/expression_test.c:196: assert err (0, $0) == 0 (0, $0): OK
  tests/expression_test.c:199: assert (value).e (128, $80) == (*expected).e (128, $80): OK
  tests/expression_test.c:199: assert (value).t (0, $0) == (*expected).t (0, $0): OK
  tests/expression_test.c:232: test_one_string_comparison(8, "HELLO", "HELLO")
  tests/expression_test.c:196: assert err (0, $0) == 0 (0, $0): OK
  tests/expression_test.c:199: assert (value).e (0, $0) == (*expected).e (0, $0): OK
  tests/expression_test.c:199: assert (value).t (0, $0) == (*expected).t (0, $0): OK
  tests/expression_test.c:233: test_one_string_comparison(8, "HELLO", "HELLOX")
  tests/expression_test.c:196: assert err (0, $0) == 0 (0, $0): OK
  tests/expression_test.c:199: assert (value).e (0, $0) == (*expected).e (0, $0): OK
  tests/expression_test.c:199: assert (value).t (0, $0) == (*expected).t (0, $0): OK
  tests/expression_test.c:234: test_one_string_comparison(8, "HELLOX", "HELLO")
  tests/expression_test.c:196: assert err (0, $0) == 0 (0, $0): OK
  tests/expression_test.c:199: assert (value).e (128, $80) == (*expected).e (128, $80): OK
  tests/expression_test.c:199: assert (value).t (0, $0) == (*expected).t (0, $0): OK
  tests/expression_test.c:235: test_one_string_comparison(8, "ABC", "XYZ")
  tests/expression_test.c:196: assert err (0, $0) == 0 (0, $0): OK
  tests/expression_test.c:199: assert (value).e (0, $0) == (*expected).e (0, $0): OK
  tests/expression_test.c:199: assert (value).t (0, $0) == (*expected).t (0, $0): OK
  tests/expression_test.c:236: test_one_string_comparison(8, "", "")
  tests/expression_test.c:196: assert err (0, $0) == 0 (0, $0): OK
  tests/expression_test.c:199: assert (value).e (0, $0) == (*expected).e (0, $0): OK
  tests/expression_test.c:199: assert (value).t (0, $0) == (*expected).t (0, $0): OK
  tests/expression_test.c:238: test_one_string_comparison(11, "HELLO", "HELLO")
  tests/expression_test.c:196: assert err (0, $0) == 0 (0, $0): OK
  tests/expression_test.c:199: assert (value).e (128, $80) == (*expected).e (128, $80): OK
  tests/expression_test.c:199: assert (value).t (0, $0) == (*expected).t (0, $0): OK
  tests/expression_test.c:239: test_one_string_comparison(11, "HELLO", "HELLOX")
  tests/expression_test.c:196: assert err (0, $0) == 0 (0, $0): OK
  tests/expression_test.c:199: assert (value).e (0, $0) == (*expected).e (0, $0): OK
  tests/expression_test.c:199: assert (value).t (0, $0) == (*expected).t (0, $0): OK
  tests/expression_test.c:240: test_one_string_comparison(11, "HELLOX", "HELLO")
  tests/expression_test.c:196: assert err (0, $0) == 0 (0, $0): OK
  tests/expression_test.c:199: assert (value).e (128, $80) == (*expected).e (128, $80): OK
  tests/expression_test.c:199: assert (value).t (0, $0) == (*expected).t (0, $0): OK
  tests/expression_test.c:241: test_one_string_comparison(11, "ABC", "XYZ")
  tests/expression_test.c:196: assert err (0, $0) == 0 (0, $0): OK
  tests/expression_test.c:199: assert (value).e (0, $0) == (*expected).e (0, $0): OK
  tests/expression_test.c:199: assert (value).t (0, $0) == (*expected).t (0, $0): OK
  tests/expression_test.c:242: test_one_string_comparison(11, "", "")
  tests/expression_test.c:196: assert err (0, $0) == 0 (0, $0): OK
  tests/expression_test.c:199: assert (value).e (128, $80) == (*expected).e (128, $80): OK
  tests/expression_test.c:199: assert (value).t (0, $0) == (*expected).t (0, $0): OK
test_evaluate_argument_list:
  tests/expression_test.c:256: assert stack_pos (192, $C0) == 192 (192, $C0): OK
  tests/expression_test.c:262: assert skipped_arguments (0, $0) == 0 (0, $0): OK
  tests/expression_test.c:264: assert stack_pos (180, $B4) == 192 - 12 (180, $B4): OK
  tests/expression_test.c:268: assert (value).e (129, $81) == (value_3).e (129, $81): OK
  tests/expression_test.c:268: assert (value).t (1073741824, $40000000) == (value_3).t (1073741824, $40000000): OK
  tests/expression_test.c:272: assert (value).e (135, $87) == (value_128).e (135, $87): OK
  tests/expression_test.c:272: assert (value).t (0, $0) == (value_128).t (0, $0): OK
  tests/expression_test.c:274: assert stack_pos (192, $C0) == 192 (192, $C0): OK
sim65 tests/fp_test
test_load_fp:
  tests/fp_test.c:33: load_fp0(t=$00000000 e=$00)
  tests/fp_test.c:36: assert FP0.s (0, $0) == test_case->u.s (0, $0): OK
  tests/fp_test.c:36: assert FP0.e (0, $0) == test_case->u.e (0, $0): OK
  tests/fp_test.c:36: assert FP0.t (0, $0) == test_case->u.t (0, $0): OK
  tests/fp_test.c:38: assert FP1.s (0, $0) == test_case->u.s (0, $0): OK
  tests/fp_test.c:38: assert FP1.e (0, $0) == test_case->u.e (0, $0): OK
  tests/fp_test.c:38: assert FP1.t (0, $0) == test_case->u.t (0, $0): OK
  tests/fp_test.c:33: load_fp0(t=$00000000 e=$80)
  tests/fp_test.c:36: assert FP0.s (0, $0) == test_case->u.s (0, $0): OK
  tests/fp_test.c:36: assert FP0.e (128, $80) == test_case->u.e (128, $80): OK
  tests/fp_test.c:36: assert FP0.t (-2147483648, $80000000) == test_case->u.t (-2147483648, $80000000): OK
  tests/fp_test.c:38: assert FP1.s (0, $0) == test_case->u.s (0, $0): OK
  tests/fp_test.c:38: assert FP1.e (128, $80) == test_case->u.e (128, $80): OK
  tests/fp_test.c:38: assert FP1.t (-2147483648, $80000000) == test_case->u.t (-2147483648, $80000000): OK
  tests/fp_test.c:33: load_fp0(t=$7FFFFFFE e=$9E)
  tests/fp_test.c:36: assert FP0.s (0, $0) == test_case->u.s (0, $0): OK
  tests/fp_test.c:36: assert FP0.e (158, $9E) == test_case->u.e (158, $9E): OK
  tests/fp_test.c:36: assert FP0.t (-2, $FFFFFFFE) == test_case->u.t (-2, $FFFFFFFE): OK
  tests/fp_test.c:38: assert FP1.s (0, $0) == test_case->u.s (0, $0): OK
  tests/fp_test.c:38: assert FP1.e (158, $9E) == test_case->u.e (158, $9E): OK
  tests/fp_test.c:38: assert FP1.t (-2, $FFFFFFFE) == test_case->u.t (-2, $FFFFFFFE): OK
  tests/fp_test.c:33: load_fp0(t=$80000000 e=$9F)
  tests/fp_test.c:36: assert FP0.s (128, $80) == test_case->u.s (128, $80): OK
  tests/fp_test.c:36: assert FP0.e (159, $9F) == test_case->u.e (159, $9F): OK
  tests/fp_test.c:36: assert FP0.t (-2147483648, $80000000) == test_case->u.t (-2147483648, $80000000): OK
  tests/fp_test.c:38: assert FP1.s (128, $80) == test_case->u.s (128, $80): OK
  tests/fp_test.c:38: assert FP1.e (159, $9F) == test_case->u.e (159, $9F): OK
  tests/fp_test.c:38: assert FP1.t (-2147483648, $80000000) == test_case->u.t (-2147483648, $80000000): OK
  tests/fp_test.c:33: load_fp0(t=$08442211 e=$80)
  tests/fp_test.c:36: assert FP0.s (0, $0) == test_case->u.s (0, $0): OK
  tests/fp_test.c:36: assert FP0.e (128, $80) == test_case->u.e (128, $80): OK
  tests/fp_test.c:36: assert FP0.t (-2008800751, $88442211) == test_case->u.t (-2008800751, $88442211): OK
  tests/fp_test.c:38: assert FP1.s (0, $0) == test_case->u.s (0, $0): OK
  tests/fp_test.c:38: assert FP1.e (128, $80) == test_case->u.e (128, $80): OK
  tests/fp_test.c:38: assert FP1.t (-2008800751, $88442211) == test_case->u.t (-2008800751, $88442211): OK
  tests/fp_test.c:33: load_fp0(t=$00000000 e=$01)
  tests/fp_test.c:36: assert FP0.s (0, $0) == test_case->u.s (0, $0): OK
  tests/fp_test.c:36: assert FP0.e (1, $1) == test_case->u.e (1, $1): OK
  tests/fp_test.c:36: assert FP0.t (-2147483648, $80000000) == test_case->u.t (-2147483648, $80000000): OK
  tests/fp_test.c:38: assert FP1.s (0, $0) == test_case->u.s (0, $0): OK
  tests/fp_test.c:38: assert FP1.e (1, $1) == test_case->u.e (1, $1): OK
  tests/fp_test.c:38: assert FP1.t (-2147483648, $80000000) == test_case->u.t (-2147483648, $80000000): OK
  tests/fp_test.c:43: assert FP0.s (0, $0) == 0 (0, $0): OK
  tests/fp_test.c:43: assert FP0.e (0, $0) == 0 (0, $0): OK
  tests/fp_test.c:43: assert FP0.t (0, $0) == 0 (0, $0): OK
test_store_fp0:
  tests/fp_test.c:55: store_fp0(t=$00000000 e=$00 s=$00)
  tests/fp_test.c:59: assert (value).e (0, $0) == (test_case->f).e (0, $0): OK
  tests/fp_test.c:59: assert (value).t (0, $0) == (test_case->f).t (0, $0): OK
  tests/fp_test.c:55: store_fp0(t=$80000000 e=$80 s=$00)
  tests/fp_test.c:59: assert (value).e (128, $80) == (test_case->f).e (128, $80): OK
  tests/fp_test.c:59: assert (value).t (0, $0) == (test_case->f).t (0, $0): OK
  tests/fp_test.c:55: store_fp0(t=$FFFFFFFE e=$9E s=$00)
  tests/fp_test.c:59: assert (value).e (158, $9E) == (test_case->f).e (158, $9E): OK
  tests/fp_test.c:59: assert (value).t (2147483646, $7FFFFFFE) == (test_case->f).t (2147483646, $7FFFFFFE): OK
  tests/fp_test.c:55: store_fp0(t=$80000000 e=$9F s=$80)
  tests/fp_test.c:59: assert (value).e (159, $9F) == (test_case->f).e (159, $9F): OK
  tests/fp_test.c:59: assert (value).t (-2147483648, $80000000) == (test_case->f).t (-2147483648, $80000000): OK
  tests/fp_test.c:55: store_fp0(t=$88442211 e=$80 s=$00)
  tests/fp_test.c:59: assert (value).e (128, $80) == (test_case->f).e (128, $80): OK
  tests/fp_test.c:59: assert (value).t (138682897, $8442211) == (test_case->f).t (138682897, $8442211): OK
  tests/fp_test.c:55: store_fp0(t=$80000000 e=$01 s=$00)
  tests/fp_test.c:59: assert (value).e (1, $1) == (test_case->f).e (1, $1): OK
  tests/fp_test.c:59: assert (value).t (0, $0) == (test_case->f).t (0, $0): OK
test_swap_fp0_fp1:
  tests/fp_test.c:68: assert FP0.s (128, $80) == ((char)0x80) (128, $80): OK
  tests/fp_test.c:68: assert FP0.e (1, $1) == 1 (1, $1): OK
  tests/fp_test.c:68: assert FP0.t (1418858818, $54921142) == 1418858818L (1418858818, $54921142): OK
  tests/fp_test.c:69: assert FP1.s (0, $0) == ((char)0x00) (0, $0): OK
  tests/fp_test.c:69: assert FP1.e (2, $2) == 2 (2, $2): OK
  tests/fp_test.c:69: assert FP1.t (12345678, $BC614E) == 12345678L (12345678, $BC614E): OK
test_adjust_exponent:
  tests/fp_test.c:76: assert FP0.s (0, $0) == ((char)0x00) (0, $0): OK
  tests/fp_test.c:76: assert FP0.e (0, $0) == 0 (0, $0): OK
  tests/fp_test.c:76: assert FP0.t (0, $0) == 0 (0, $0): OK
  tests/fp_test.c:77: assert C (0, $0) == 0 (0, $0): OK
  tests/fp_test.c:79: assert FP0.s (0, $0) == ((char)0x00) (0, $0): OK
  tests/fp_test.c:79: assert FP0.e (1, $1) == 1 (1, $1): OK
  tests/fp_test.c:79: assert FP0.t (0, $0) == 0 (0, $0): OK
  tests/fp_test.c:80: assert C (0, $0) == 0 (0, $0): OK
  tests/fp_test.c:82: assert FP0.s (0, $0) == ((char)0x00) (0, $0): OK
  tests/fp_test.c:82: assert FP0.e (0, $0) == 0 (0, $0): OK
  tests/fp_test.c:82: assert FP0.t (0, $0) == 0 (0, $0): OK
  tests/fp_test.c:83: assert C (0, $0) == 0 (0, $0): OK
  tests/fp_test.c:86: assert FP0.s (0, $0) == ((char)0x00) (0, $0): OK
  tests/fp_test.c:86: assert FP0.e (128, $80) == 128 (128, $80): OK
  tests/fp_test.c:86: assert FP0.t (0, $0) == 0 (0, $0): OK
  tests/fp_test.c:87: assert C (1, $1) == 1 (1, $1): OK
  tests/fp_test.c:90: assert FP0.s (0, $0) == ((char)0x00) (0, $0): OK
  tests/fp_test.c:90: assert FP0.e (64, $40) == 64 (64, $40): OK
  tests/fp_test.c:90: assert FP0.t (0, $0) == 0 (0, $0): OK
  tests/fp_test.c:91: assert C (255, $FF) == 255 (255, $FF): OK
test_normalize:
  tests/fp_test.c:110: normalize(t=$0000000000000000 e=00 s=00 grs=00)
  tests/fp_test.c:102: assert err (0, $0) == 0 (0, $0): OK
  tests/fp_test.c:103: assert FP0.s (0, $0) == s (0, $0): OK
  tests/fp_test.c:103: assert FP0.e (0, $0) == expect_e (0, $0): OK
  tests/fp_test.c:103: assert FP0.t (0, $0) == expect_t (0, $0): OK
  tests/fp_test.c:112: normalize(t=$0000000000000000 e=80 s=00 grs=00)
  tests/fp_test.c:102: assert err (0, $0) == 0 (0, $0): OK
  tests/fp_test.c:103: assert FP0.s (0, $0) == s (0, $0): OK
  tests/fp_test.c:103: assert FP0.e (0, $0) == expect_e (0, $0): OK
  tests/fp_test.c:103: assert FP0.t (0, $0) == expect_t (0, $0): OK
  tests/fp_test.c:114: normalize(t=$0000000000000001 e=80 s=00 grs=00)
  tests/fp_test.c:102: assert err (0, $0) == 0 (0, $0): OK
  tests/fp_test.c:103: assert FP0.s (0, $0) == s (0, $0): OK
  tests/fp_test.c:103: assert FP0.e (97, $61) == expect_e (97, $61): OK
  tests/fp_test.c:103: assert FP0.t (-2147483648, $80000000) == expect_t (-2147483648, $80000000): OK
  tests/fp_test.c:116: normalize(t=$0000000000000001 e=80 s=80 grs=00)
  tests/fp_test.c:102: assert err (0, $0) == 0 (0, $0): OK
  tests/fp_test.c:103: assert FP0.s (128, $80) == s (128, $80): OK
  tests/fp_test.c:103: assert FP0.e (97, $61) == expect_e (97, $61): OK
  tests/fp_test.c:103: assert FP0.t (-2147483648, $80000000) == expect_t (-2147483648, $80000000): OK
  tests/fp_test.c:118: normalize(t=$0000000000007FFF e=9E s=00 grs=00)
  tests/fp_test.c:102: assert err (0, $0) == 0 (0, $0): OK
  tests/fp_test.c:103: assert FP0.s (0, $0) == s (0, $0): OK
  tests/fp_test.c:103: assert FP0.e (141, $8D) == expect_e (141, $8D): OK
  tests/fp_test.c:103: assert FP0.t (-131072, $FFFE0000) == expect_t (-131072, $FFFE0000): OK
  tests/fp_test.c:120: normalize(t=$000000007FFFFFFF e=9F s=00 grs=00)
  tests/fp_test.c:102: assert err (0, $0) == 0 (0, $0): OK
  tests/fp_test.c:103: assert FP0.s (0, $0) == s (0, $0): OK
  tests/fp_test.c:103: assert FP0.e (158, $9E) == expect_e (158, $9E): OK
  tests/fp_test.c:103: assert FP0.t (-2, $FFFFFFFE) == expect_t (-2, $FFFFFFFE): OK
  tests/fp_test.c:122: normalize(t=$0000000080000000 e=9F s=80 grs=00)
  tests/fp_test.c:102: assert err (0, $0) == 0 (0, $0): OK
  tests/fp_test.c:103: assert FP0.s (128, $80) == s (128, $80): OK
  tests/fp_test.c:103: assert FP0.e (159, $9F) == expect_e (159, $9F): OK
  tests/fp_test.c:103: assert FP0.t (-2147483648, $80000000) == expect_t (-2147483648, $80000000): OK
  tests/fp_test.c:124: normalize(t=$0000000088442211 e=9E s=00 grs=00)
  tests/fp_test.c:102: assert err (0, $0) == 0 (0, $0): OK
  tests/fp_test.c:103: assert FP0.s (0, $0) == s (0, $0): OK
  tests/fp_test.c:103: assert FP0.e (158, $9E) == expect_e (158, $9E): OK
  tests/fp_test.c:103: assert FP0.t (-2008800751, $88442211) == expect_t (-2008800751, $88442211): OK
  tests/fp_test.c:126: normalize(t=$0000000100000000 e=9F s=00 grs=00)
  tests/fp_test.c:102: assert err (0, $0) == 0 (0, $0): OK
  tests/fp_test.c:103: assert FP0.s (0, $0) == s (0, $0): OK
  tests/fp_test.c:103: assert FP0.e (160, $A0) == expect_e (160, $A0): OK
  tests/fp_test.c:103: assert FP0.t (-2147483648, $80000000) == expect_t (-2147483648, $80000000): OK
  tests/fp_test.c:141: assert err (139, $8B) != 0 (0, $0): OK
test_int_to_fp:
  tests/fp_test.c:167: int_to_fp(0)
  tests/fp_test.c:170: assert (result).e (0, $0) == (test_case->float_value).e (0, $0): OK
  tests/fp_test.c:170: assert (result).t (0, $0) == (test_case->float_value).t (0, $0): OK
  tests/fp_test.c:167: int_to_fp(1)
  tests/fp_test.c:170: assert (result).e (128, $80) == (test_case->float_value).e (128, $80): OK
  tests/fp_test.c:170: assert (result).t (0, $0) == (test_case->float_value).t (0, $0): OK
  tests/fp_test.c:167: int_to_fp(-1)
  tests/fp_test.c:170: assert (result).e (128, $80) == (test_case->float_value).e (128, $80): OK
  tests/fp_test.c:170: assert (result).t (-2147483648, $80000000) == (test_case->float_value).t (-2147483648, $80000000): OK
  tests/fp_test.c:167: int_to_fp(32767)
  tests/fp_test.c:170: assert (result).e (142, $8E) == (test_case->float_value).e (142, $8E): OK
  tests/fp_test.c:170: assert (result).t (2147352576, $7FFE0000) == (test_case->float_value).t (2147352576, $7FFE0000): OK
  tests/fp_test.c:167: int_to_fp(-32768)
  tests/fp_test.c:170: assert (result).e (143, $8F) == (test_case->float_value).e (143, $8F): OK
  tests/fp_test.c:170: assert (result).t (-2147483648, $80000000) == (test_case->float_value).t (-2147483648, $80000000): OK
  tests/fp_test.c:167: int_to_fp(4112)
  tests/fp_test.c:170: assert (result).e (140, $8C) == (test_case->float_value).e (140, $8C): OK
  tests/fp_test.c:170: assert (result).t (8388608, $800000) == (test_case->float_value).t (8388608, $800000): OK
test_int32_to_fp:
  tests/fp_test.c:234: int32_to_fp(0)
  tests/fp_test.c:238: assert (result).e (0, $0) == (test_case->float_value).e (0, $0): OK
  tests/fp_test.c:238: assert (result).t (0, $0) == (test_case->float_value).t (0, $0): OK
  tests/fp_test.c:234: int32_to_fp(1)
  tests/fp_test.c:238: assert (result).e (128, $80) == (test_case->float_value).e (128, $80): OK
  tests/fp_test.c:238: assert (result).t (0, $0) == (test_case->float_value).t (0, $0): OK
  tests/fp_test.c:234: int32_to_fp(2147483647)
  tests/fp_test.c:238: assert (result).e (158, $9E) == (test_case->float_value).e (158, $9E): OK
  tests/fp_test.c:238: assert (result).t (2147483646, $7FFFFFFE) == (test_case->float_value).t (2147483646, $7FFFFFFE): OK
  tests/fp_test.c:234: int32_to_fp(2147483648)
  tests/fp_test.c:238: assert (result).e (159, $9F) == (test_case->float_value).e (159, $9F): OK
  tests/fp_test.c:238: assert (result).t (0, $0) == (test_case->float_value).t (0, $0): OK
  tests/fp_test.c:234: int32_to_fp(4294967295)
  tests/fp_test.c:238: assert (result).e (159, $9F) == (test_case->float_value).e (159, $9F): OK
  tests/fp_test.c:238: assert (result).t (2147483647, $7FFFFFFF) == (test_case->float_value).t (2147483647, $7FFFFFFF): OK
  tests/fp_test.c:234: int32_to_fp(4112)
  tests/fp_test.c:238: assert (result).e (140, $8C) == (test_case->float_value).e (140, $8C): OK
  tests/fp_test.c:238: assert (result).t (8388608, $800000) == (test_case->float_value).t (8388608, $800000): OK
test_truncate_fp_to_int:
  tests/fp_test.c:186: truncate_fp_to_int(t=$00000000 e=00)
  tests/fp_test.c:190: assert err (0, $0) == 0 (0, $0): OK
  tests/fp_test.c:191: assert result (0, $0) == test_case->int_value (0, $0): OK
  tests/fp_test.c:186: truncate_fp_to_int(t=$00000000 e=80)
  tests/fp_test.c:190: assert err (0, $0) == 0 (0, $0): OK
  tests/fp_test.c:191: assert result (1, $1) == test_case->int_value (1, $1): OK
  tests/fp_test.c:186: truncate_fp_to_int(t=$80000000 e=80)
  tests/fp_test.c:190: assert err (0, $0) == 0 (0, $0): OK
  tests/fp_test.c:191: assert result (-1, $FFFFFFFF) == test_case->int_value (-1, $FFFFFFFF): OK
  tests/fp_test.c:186: truncate_fp_to_int(t=$7FFE0000 e=8E)
  tests/fp_test.c:190: assert err (0, $0) == 0 (0, $0): OK
  tests/fp_test.c:191: assert result (32767, $7FFF) == test_case->int_value (32767, $7FFF): OK
  tests/fp_test.c:186: truncate_fp_to_int(t=$80000000 e=8F)
  tests/fp_test.c:190: assert err (0, $0) == 0 (0, $0): OK
  tests/fp_test.c:191: assert result (-32768, $FFFF8000) == test_case->int_value (-32768, $FFFF8000): OK
  tests/fp_test.c:186: truncate_fp_to_int(t=$00800000 e=8C)
  tests/fp_test.c:190: assert err (0, $0) == 0 (0, $0): OK
  tests/fp_test.c:191: assert result (4112, $1010) == test_case->int_value (4112, $1010): OK
  tests/fp_test.c:199: assert err (0, $0) == 0 (0, $0): OK
  tests/fp_test.c:200: assert result (0, $0) == 0 (0, $0): OK
  tests/fp_test.c:205: assert err (139, $8B) != 0 (0, $0): OK
  tests/fp_test.c:208: assert err (139, $8B) != 0 (0, $0): OK
test_truncate_fp_to_int32:
  tests/fp_test.c:251: truncate_fp_to_int32(t=$00000000 e=00)
  tests/fp_test.c:256: assert err (0, $0) == 0 (0, $0): OK
  tests/fp_test.c:257: assert FP0t (0, $0) == test_case->int32_value (0, $0): OK
  tests/fp_test.c:251: truncate_fp_to_int32(t=$00000000 e=80)
  tests/fp_test.c:256: assert err (0, $0) == 0 (0, $0): OK
  tests/fp_test.c:257: assert FP0t (1, $1) == test_case->int32_value (1, $1): OK
  tests/fp_test.c:251: truncate_fp_to_int32(t=$7FFFFFFE e=9E)
  tests/fp_test.c:256: assert err (0, $0) == 0 (0, $0): OK
  tests/fp_test.c:257: assert FP0t (2147483647, $7FFFFFFF) == test_case->int32_value (2147483647, $7FFFFFFF): OK
  tests/fp_test.c:251: truncate_fp_to_int32(t=$00000000 e=9F)
  tests/fp_test.c:256: assert err (0, $0) == 0 (0, $0): OK
  tests/fp_test.c:257: assert FP0t (-2147483648, $80000000) == test_case->int32_value (-2147483648, $80000000): OK
  tests/fp_test.c:251: truncate_fp_to_int32(t=$7FFFFFFF e=9F)
  tests/fp_test.c:256: assert err (0, $0) == 0 (0, $0): OK
  tests/fp_test.c:257: assert FP0t (-1, $FFFFFFFF) == test_case->int32_value (-1, $FFFFFFFF): OK
  tests/fp_test.c:251: truncate_fp_to_int32(t=$00800000 e=8C)
  tests/fp_test.c:256: assert err (0, $0) == 0 (0, $0): OK
  tests/fp_test.c:257: assert FP0t (4112, $1010) == test_case->int32_value (4112, $1010): OK
test_truncate:
  tests/fp_test.c:285: truncate(t=$00000000 e=00)
  tests/fp_test.c:289: assert err (0, $0) == 0 (0, $0): OK
  tests/fp_test.c:290: assert (result).e (0, $0) == (expected_results[i]).e (0, $0): OK
  tests/fp_test.c:290: assert (result).t (0, $0) == (expected_results[i]).t (0, $0): OK
  tests/fp_test.c:285: truncate(t=$00000000 e=80)
  tests/fp_test.c:289: assert err (0, $0) == 0 (0, $0): OK
  tests/fp_test.c:290: assert (result).e (128, $80) == (expected_results[i]).e (128, $80): OK
  tests/fp_test.c:290: assert (result).t (0, $0) == (expected_results[i]).t (0, $0): OK
  tests/fp_test.c:285: truncate(t=$490FCF81 e=81)
  tests/fp_test.c:289: assert err (0, $0) == 0 (0, $0): OK
  tests/fp_test.c:290: assert (result).e (129, $81) == (expected_results[i]).e (129, $81): OK
  tests/fp_test.c:290: assert (result).t (1073741824, $40000000) == (expected_results[i]).t (1073741824, $40000000): OK
  tests/fp_test.c:285: truncate(t=$C90FCF81 e=81)
  tests/fp_test.c:289: assert err (0, $0) == 0 (0, $0): OK
  tests/fp_test.c:290: assert (result).e (129, $81) == (expected_results[i]).e (129, $81): OK
  tests/fp_test.c:290: assert (result).t (-1073741824, $C0000000) == (expected_results[i]).t (-1073741824, $C0000000): OK
  tests/fp_test.c:285: truncate(t=$3A43B73D e=A4)
  tests/fp_test.c:289: assert err (0, $0) == 0 (0, $0): OK
  tests/fp_test.c:290: assert (result).e (164, $A4) == (expected_results[i]).e (164, $A4): OK
  tests/fp_test.c:290: assert (result).t (977516349, $3A43B73D) == (expected_results[i]).t (977516349, $3A43B73D): OK
  tests/fp_test.c:285: truncate(t=$DBE6FECE e=00)
  tests/fp_test.c:289: assert err (0, $0) == 0 (0, $0): OK
  tests/fp_test.c:290: assert (result).e (0, $0) == (expected_results[i]).e (0, $0): OK
  tests/fp_test.c:290: assert (result).t (0, $0) == (expected_results[i]).t (0, $0): OK
test_round:
  tests/fp_test.c:326: round(t=$00000000 e=00)
  tests/fp_test.c:330: assert err (0, $0) == 0 (0, $0): OK
  tests/fp_test.c:331: assert (result).e (0, $0) == (expected_results[i]).e (0, $0): OK
  tests/fp_test.c:331: assert (result).t (0, $0) == (expected_results[i]).t (0, $0): OK
  tests/fp_test.c:326: round(t=$00000000 e=80)
  tests/fp_test.c:330: assert err (0, $0) == 0 (0, $0): OK
  tests/fp_test.c:331: assert (result).e (128, $80) == (expected_results[i]).e (128, $80): OK
  tests/fp_test.c:331: assert (result).t (0, $0) == (expected_results[i]).t (0, $0): OK
  tests/fp_test.c:326: round(t=$490FCF81 e=81)
  tests/fp_test.c:330: assert err (0, $0) == 0 (0, $0): OK
  tests/fp_test.c:331: assert (result).e (129, $81) == (expected_results[i]).e (129, $81): OK
  tests/fp_test.c:331: assert (result).t (1073741824, $40000000) == (expected_results[i]).t (1073741824, $40000000): OK
  tests/fp_test.c:326: round(t=$C90FCF81 e=81)
  tests/fp_test.c:330: assert err (0, $0) == 0 (0, $0): OK
  tests/fp_test.c:331: assert (result).e (129, $81) == (expected_results[i]).e (129, $81): OK
  tests/fp_test.c:331: assert (result).t (-1073741824, $C0000000) == (expected_results[i]).t (-1073741824, $C0000000): OK
  tests/fp_test.c:326: round(t=$4CCCCCCD e=82)
  tests/fp_test.c:330: assert err (0, $0) == 0 (0, $0): OK
  tests/fp_test.c:331: assert (result).e (130, $82) == (expected_results[i]).e (130, $82): OK
  tests/fp_test.c:331: assert (result).t (1073741824, $40000000) == (expected_results[i]).t (1073741824, $40000000): OK
  tests/fp_test.c:326: round(t=$50000000 e=82)
  tests/fp_test.c:330: assert err (0, $0) == 0 (0, $0): OK
  tests/fp_test.c:331: assert (result).e (130, $82) == (expected_results[i]).e (130, $82): OK
  tests/fp_test.c:331: assert (result).t (1610612736, $60000000) == (expected_results[i]).t (1610612736, $60000000): OK
  tests/fp_test.c:326: round(t=$53333333 e=82)
  tests/fp_test.c:330: assert err (0, $0) == 0 (0, $0): OK
  tests/fp_test.c:331: assert (result).e (130, $82) == (expected_results[i]).e (130, $82): OK
  tests/fp_test.c:331: assert (result).t (1610612736, $60000000) == (expected_results[i]).t (1610612736, $60000000): OK
  tests/fp_test.c:326: round(t=$CCCCCCCD e=82)
  tests/fp_test.c:330: assert err (0, $0) == 0 (0, $0): OK
  tests/fp_test.c:331: assert (result).e (130, $82) == (expected_results[i]).e (130, $82): OK
  tests/fp_test.c:331: assert (result).t (-1073741824, $C0000000) == (expected_results[i]).t (-1073741824, $C0000000): OK
  tests/fp_test.c:326: round(t=$D0000000 e=82)
  tests/fp_test.c:330: assert err (0, $0) == 0 (0, $0): OK
  tests/fp_test.c:331: assert (result).e (130, $82) == (expected_results[i]).e (130, $82): OK
  tests/fp_test.c:331: assert (result).t (-536870912, $E0000000) == (expected_results[i]).t (-536870912, $E0000000): OK
  tests/fp_test.c:326: round(t=$D3333333 e=82)
  tests/fp_test.c:330: assert err (0, $0) == 0 (0, $0): OK
  tests/fp_test.c:331: assert (result).e (130, $82) == (expected_results[i]).e (130, $82): OK
  tests/fp_test.c:331: assert (result).t (-536870912, $E0000000) == (expected_results[i]).t (-536870912, $E0000000): OK
test_fadd:
  tests/fp_test.c:350 fadd(t=00000000 e=00, t=00000000 e=00)
  tests/fp_test.c:356: assert err (0, $0) == 0 (0, $0): OK
  tests/fp_test.c:358: assert (result).e (0, $0) == (test_case->result).e (0, $0): OK
  tests/fp_test.c:358: assert (result).t (0, $0) == (test_case->result).t (0, $0): OK
  tests/fp_test.c:350 fadd(t=00000000 e=80, t=00000000 e=80)
  tests/fp_test.c:356: assert err (0, $0) == 0 (0, $0): OK
  tests/fp_test.c:358: assert (result).e (129, $81) == (test_case->result).e (129, $81): OK
  tests/fp_test.c:358: assert (result).t (0, $0) == (test_case->result).t (0, $0): OK
  tests/fp_test.c:350 fadd(t=00000000 e=7F, t=00000000 e=7F)
  tests/fp_test.c:356: assert err (0, $0) == 0 (0, $0): OK
  tests/fp_test.c:358: assert (result).e (128, $80) == (test_case->result).e (128, $80): OK
  tests/fp_test.c:358: assert (result).t (0, $0) == (test_case->result).t (0, $0): OK
  tests/fp_test.c:350 fadd(t=80000000 e=80, t=80000000 e=80)
  tests/fp_test.c:356: assert err (0, $0) == 0 (0, $0): OK
  tests/fp_test.c:358: assert (result).e (129, $81) == (test_case->result).e (129, $81): OK
  tests/fp_test.c:358: assert (result).t (-2147483648, $80000000) == (test_case->result).t (-2147483648, $80000000): OK
  tests/fp_test.c:350 fadd(t=00000000 e=80, t=80000000 e=80)
  tests/fp_test.c:356: assert err (0, $0) == 0 (0, $0): OK
  tests/fp_test.c:358: assert (result).e (0, $0) == (test_case->result).e (0, $0): OK
  tests/fp_test.c:358: assert (result).t (0, $0) == (test_case->result).t (0, $0): OK
  tests/fp_test.c:350 fadd(t=80000000 e=81, t=00000000 e=80)
  tests/fp_test.c:356: assert err (0, $0) == 0 (0, $0): OK
  tests/fp_test.c:358: assert (result).e (128, $80) == (test_case->result).e (128, $80): OK
  tests/fp_test.c:358: assert (result).t (-2147483648, $80000000) == (test_case->result).t (-2147483648, $80000000): OK
  tests/fp_test.c:350 fadd(t=00000000 e=80, t=80000000 e=81)
  tests/fp_test.c:356: assert err (0, $0) == 0 (0, $0): OK
  tests/fp_test.c:358: assert (result).e (128, $80) == (test_case->result).e (128, $80): OK
  tests/fp_test.c:358: assert (result).t (-2147483648, $80000000) == (test_case->result).t (-2147483648, $80000000): OK
  tests/fp_test.c:350 fadd(t=80000000 e=80, t=00000000 e=81)
  tests/fp_test.c:356: assert err (0, $0) == 0 (0, $0): OK
  tests/fp_test.c:358: assert (result).e (128, $80) == (test_case->result).e (128, $80): OK
  tests/fp_test.c:358: assert (result).t (0, $0) == (test_case->result).t (0, $0): OK
  tests/fp_test.c:350 fadd(t=00000000 e=81, t=80000000 e=80)
  tests/fp_test.c:356: assert err (0, $0) == 0 (0, $0): OK
  tests/fp_test.c:358: assert (result).e (128, $80) == (test_case->result).e (128, $80): OK
  tests/fp_test.c:358: assert (result).t (0, $0) == (test_case->result).t (0, $0): OK
  tests/fp_test.c:350 fadd(t=00000000 e=80, t=00000000 e=73)
  tests/fp_test.c:356: assert err (0, $0) == 0 (0, $0): OK
  tests/fp_test.c:358: assert (result).e (128, $80) == (test_case->result).e (128, $80): OK
  tests/fp_test.c:358: assert (result).t (262144, $40000) == (test_case->result).t (262144, $40000): OK
  tests/fp_test.c:350 fadd(t=00000000 e=80, t=490FCF81 e=81)
  tests/fp_test.c:356: assert err (0, $0) == 0 (0, $0): OK
  tests/fp_test.c:358: assert (result).e (130, $82) == (test_case->result).e (130, $82): OK
  tests/fp_test.c:358: assert (result).t (76015553, $487E7C1) == (test_case->result).t (76015553, $487E7C1): OK
  tests/fp_test.c:350 fadd(t=00000000 e=80, t=00000000 e=61)
  tests/fp_test.c:356: assert err (0, $0) == 0 (0, $0): OK
  tests/fp_test.c:358: assert (result).e (128, $80) == (test_case->result).e (128, $80): OK
  tests/fp_test.c:358: assert (result).t (1, $1) == (test_case->result).t (1, $1): OK
  tests/fp_test.c:350 fadd(t=00000000 e=80, t=00000000 e=5F)
  tests/fp_test.c:356: assert err (0, $0) == 0 (0, $0): OK
  tests/fp_test.c:358: assert (result).e (128, $80) == (test_case->result).e (128, $80): OK
  tests/fp_test.c:358: assert (result).t (0, $0) == (test_case->result).t (0, $0): OK
  tests/fp_test.c:350 fadd(t=00000000 e=80, t=00000000 e=60)
  tests/fp_test.c:356: assert err (0, $0) == 0 (0, $0): OK
  tests/fp_test.c:358: assert (result).e (128, $80) == (test_case->result).e (128, $80): OK
  tests/fp_test.c:358: assert (result).t (1, $1) == (test_case->result).t (1, $1): OK
  tests/fp_test.c:350 fadd(t=00000000 e=80, t=40000000 e=60)
  tests/fp_test.c:356: assert err (0, $0) == 0 (0, $0): OK
  tests/fp_test.c:358: assert (result).e (128, $80) == (test_case->result).e (128, $80): OK
  tests/fp_test.c:358: assert (result).t (1, $1) == (test_case->result).t (1, $1): OK
test_fsub:
  tests/fp_test.c:350 fsub(t=00000000 e=00, t=00000000 e=00)
  tests/fp_test.c:356: assert err (0, $0) == 0 (0, $0): OK
  tests/fp_test.c:358: assert (result).e (0, $0) == (test_case->result).e (0, $0): OK
  tests/fp_test.c:358: assert (result).t (0, $0) == (test_case->result).t (0, $0): OK
  tests/fp_test.c:350 fsub(t=00000000 e=80, t=00000000 e=80)
  tests/fp_test.c:356: assert err (0, $0) == 0 (0, $0): OK
  tests/fp_test.c:358: assert (result).e (0, $0) == (test_case->result).e (0, $0): OK
  tests/fp_test.c:358: assert (result).t (0, $0) == (test_case->result).t (0, $0): OK
  tests/fp_test.c:350 fsub(t=80000000 e=80, t=80000000 e=80)
  tests/fp_test.c:356: assert err (0, $0) == 0 (0, $0): OK
  tests/fp_test.c:358: assert (result).e (0, $0) == (test_case->result).e (0, $0): OK
  tests/fp_test.c:358: assert (result).t (0, $0) == (test_case->result).t (0, $0): OK
  tests/fp_test.c:350 fsub(t=00000000 e=80, t=80000000 e=80)
  tests/fp_test.c:356: assert err (0, $0) == 0 (0, $0): OK
  tests/fp_test.c:358: assert (result).e (129, $81) == (test_case->result).e (129, $81): OK
  tests/fp_test.c:358: assert (result).t (0, $0) == (test_case->result).t (0, $0): OK
test_fmul:
  tests/fp_test.c:350 fmul(t=00000000 e=00, t=00000000 e=00)
  tests/fp_test.c:356: assert err (0, $0) == 0 (0, $0): OK
  tests/fp_test.c:358: assert (result).e (0, $0) == (test_case->result).e (0, $0): OK
  tests/fp_test.c:358: assert (result).t (0, $0) == (test_case->result).t (0, $0): OK
  tests/fp_test.c:350 fmul(t=00000000 e=80, t=00000000 e=80)
  tests/fp_test.c:356: assert err (0, $0) == 0 (0, $0): OK
  tests/fp_test.c:358: assert (result).e (128, $80) == (test_case->result).e (128, $80): OK
  tests/fp_test.c:358: assert (result).t (0, $0) == (test_case->result).t (0, $0): OK
  tests/fp_test.c:350 fmul(t=00000000 e=80, t=80000000 e=80)
  tests/fp_test.c:356: assert err (0, $0) == 0 (0, $0): OK
  tests/fp_test.c:358: assert (result).e (128, $80) == (test_case->result).e (128, $80): OK
  tests/fp_test.c:358: assert (result).t (-2147483648, $80000000) == (test_case->result).t (-2147483648, $80000000): OK
  tests/fp_test.c:350 fmul(t=80000000 e=80, t=00000000 e=80)
  tests/fp_test.c:356: assert err (0, $0) == 0 (0, $0): OK
  tests/fp_test.c:358: assert (result).e (128, $80) == (test_case->result).e (128, $80): OK
  tests/fp_test.c:358: assert (result).t (-2147483648, $80000000) == (test_case->result).t (-2147483648, $80000000): OK
  tests/fp_test.c:350 fmul(t=80000000 e=80, t=80000000 e=80)
  tests/fp_test.c:356: assert err (0, $0) == 0 (0, $0): OK
  tests/fp_test.c:358: assert (result).e (128, $80) == (test_case->result).e (128, $80): OK
  tests/fp_test.c:358: assert (result).t (0, $0) == (test_case->result).t (0, $0): OK
  tests/fp_test.c:350 fmul(t=00000000 e=81, t=00000000 e=81)
  tests/fp_test.c:356: assert err (0, $0) == 0 (0, $0): OK
  tests/fp_test.c:358: assert (result).e (130, $82) == (test_case->result).e (130, $82): OK
  tests/fp_test.c:358: assert (result).t (0, $0) == (test_case->result).t (0, $0): OK
  tests/fp_test.c:350 fmul(t=00000000 e=7F, t=00000000 e=7F)
  tests/fp_test.c:356: assert err (0, $0) == 0 (0, $0): OK
  tests/fp_test.c:358: assert (result).e (126, $7E) == (test_case->result).e (126, $7E): OK
  tests/fp_test.c:358: assert (result).t (0, $0) == (test_case->result).t (0, $0): OK
  tests/fp_test.c:350 fmul(t=20000000 e=83, t=20000000 e=83)
  tests/fp_test.c:356: assert err (0, $0) == 0 (0, $0): OK
  tests/fp_test.c:358: assert (result).e (134, $86) == (test_case->result).e (134, $86): OK
  tests/fp_test.c:358: assert (result).t (1207959552, $48000000) == (test_case->result).t (1207959552, $48000000): OK
  tests/fp_test.c:350 fmul(t=48000000 e=86, t=20000000 e=83)
  tests/fp_test.c:356: assert err (0, $0) == 0 (0, $0): OK
  tests/fp_test.c:358: assert (result).e (137, $89) == (test_case->result).e (137, $89): OK
  tests/fp_test.c:358: assert (result).t (2046820352, $7A000000) == (test_case->result).t (2046820352, $7A000000): OK
  tests/fp_test.c:350 fmul(t=7A000000 e=89, t=20000000 e=83)
  tests/fp_test.c:356: assert err (0, $0) == 0 (0, $0): OK
  tests/fp_test.c:358: assert (result).e (141, $8D) == (test_case->result).e (141, $8D): OK
  tests/fp_test.c:358: assert (result).t (473956352, $1C400000) == (test_case->result).t (473956352, $1C400000): OK
  tests/fp_test.c:350 fmul(t=1C400000 e=8D, t=20000000 e=83)
  tests/fp_test.c:356: assert err (0, $0) == 0 (0, $0): OK
  tests/fp_test.c:358: assert (result).e (144, $90) == (test_case->result).e (144, $90): OK
  tests/fp_test.c:358: assert (result).t (1129316352, $43500000) == (test_case->result).t (1129316352, $43500000): OK
  tests/fp_test.c:350 fmul(t=490FCF81 e=81, t=43500000 e=90)
  tests/fp_test.c:356: assert err (0, $0) == 0 (0, $0): OK
  tests/fp_test.c:358: assert (result).e (146, $92) == (test_case->result).e (146, $92): OK
  tests/fp_test.c:358: assert (result).t (426106880, $1965E000) == (test_case->result).t (426106880, $1965E000): OK
test_fdiv:
  tests/fp_test.c:350 fdiv(t=00000000 e=80, t=00000000 e=80)
  tests/fp_test.c:356: assert err (0, $0) == 0 (0, $0): OK
  tests/fp_test.c:358: assert (result).e (128, $80) == (test_case->result).e (128, $80): OK
  tests/fp_test.c:358: assert (result).t (0, $0) == (test_case->result).t (0, $0): OK
  tests/fp_test.c:350 fdiv(t=00000000 e=81, t=00000000 e=80)
  tests/fp_test.c:356: assert err (0, $0) == 0 (0, $0): OK
  tests/fp_test.c:358: assert (result).e (129, $81) == (test_case->result).e (129, $81): OK
  tests/fp_test.c:358: assert (result).t (0, $0) == (test_case->result).t (0, $0): OK
  tests/fp_test.c:350 fdiv(t=00000000 e=81, t=00000000 e=81)
  tests/fp_test.c:356: assert err (0, $0) == 0 (0, $0): OK
  tests/fp_test.c:358: assert (result).e (128, $80) == (test_case->result).e (128, $80): OK
  tests/fp_test.c:358: assert (result).t (0, $0) == (test_case->result).t (0, $0): OK
  tests/fp_test.c:350 fdiv(t=48000000 e=86, t=20000000 e=83)
  tests/fp_test.c:356: assert err (0, $0) == 0 (0, $0): OK
  tests/fp_test.c:358: assert (result).e (131, $83) == (test_case->result).e (131, $83): OK
  tests/fp_test.c:358: assert (result).t (536870912, $20000000) == (test_case->result).t (536870912, $20000000): OK
  tests/fp_test.c:350 fdiv(t=7A000000 e=89, t=20000000 e=83)
  tests/fp_test.c:356: assert err (0, $0) == 0 (0, $0): OK
  tests/fp_test.c:358: assert (result).e (134, $86) == (test_case->result).e (134, $86): OK
  tests/fp_test.c:358: assert (result).t (1207959552, $48000000) == (test_case->result).t (1207959552, $48000000): OK
  tests/fp_test.c:350 fdiv(t=1C400000 e=8D, t=20000000 e=83)
  tests/fp_test.c:356: assert err (0, $0) == 0 (0, $0): OK
  tests/fp_test.c:358: assert (result).e (137, $89) == (test_case->result).e (137, $89): OK
  tests/fp_test.c:358: assert (result).t (2046820352, $7A000000) == (test_case->result).t (2046820352, $7A000000): OK
  tests/fp_test.c:350 fdiv(t=43500000 e=90, t=20000000 e=83)
  tests/fp_test.c:356: assert err (0, $0) == 0 (0, $0): OK
  tests/fp_test.c:358: assert (result).e (141, $8D) == (test_case->result).e (141, $8D): OK
  tests/fp_test.c:358: assert (result).t (473956352, $1C400000) == (test_case->result).t (473956352, $1C400000): OK
  tests/fp_test.c:350 fdiv(t=00000000 e=80, t=03333333 e=80)
  tests/fp_test.c:356: assert err (0, $0) == 0 (0, $0): OK
  tests/fp_test.c:358: assert (result).e (127, $7F) == (test_case->result).e (127, $7F): OK
  tests/fp_test.c:358: assert (result).t (2042728348, $79C18F9C) == (test_case->result).t (2042728348, $79C18F9C): OK
  tests/fp_test.c:350 fdiv(t=1965E000 e=92, t=43500000 e=90)
  tests/fp_test.c:356: assert err (0, $0) == 0 (0, $0): OK
  tests/fp_test.c:358: assert (result).e (129, $81) == (test_case->result).e (129, $81): OK
  tests/fp_test.c:358: assert (result).t (1225772929, $490FCF81) == (test_case->result).t (1225772929, $490FCF81): OK
test_fpow:
  tests/fp_test.c:350 fpow(t=00000000 e=80, t=00000000 e=80)
  tests/fp_test.c:356: assert err (0, $0) == 0 (0, $0): OK
  tests/fp_test.c:358: assert (result).e (128, $80) == (test_case->result).e (128, $80): OK
  tests/fp_test.c:358: assert (result).t (1, $1) == (test_case->result).t (1, $1): OK
  tests/fp_test.c:350 fpow(t=00000000 e=81, t=00000000 e=80)
  tests/fp_test.c:356: assert err (0, $0) == 0 (0, $0): OK
  tests/fp_test.c:358: assert (result).e (129, $81) == (test_case->result).e (129, $81): OK
  tests/fp_test.c:358: assert (result).t (2, $2) == (test_case->result).t (2, $2): OK
  tests/fp_test.c:350 fpow(t=00000000 e=81, t=00000000 e=81)
  tests/fp_test.c:356: assert err (0, $0) == 0 (0, $0): OK
  tests/fp_test.c:358: assert (result).e (130, $82) == (test_case->result).e (130, $82): OK
  tests/fp_test.c:358: assert (result).t (4, $4) == (test_case->result).t (4, $4): OK
test_fcmp:
  tests/fp_test.c:517: fcmp(t=00000000 e=00, t=00000000 e=00)
  tests/fp_test.c:521: assert result (0, $0) == test_case->result (0, $0): OK
  tests/fp_test.c:517: fcmp(t=00000000 e=80, t=00000000 e=00)
  tests/fp_test.c:521: assert result (1, $1) == test_case->result (1, $1): OK
  tests/fp_test.c:517: fcmp(t=00000000 e=00, t=00000000 e=80)
  tests/fp_test.c:521: assert result (-1, $FFFFFFFF) == test_case->result (-1, $FFFFFFFF): OK
  tests/fp_test.c:517: fcmp(t=00000000 e=81, t=00000000 e=80)
  tests/fp_test.c:521: assert result (1, $1) == test_case->result (1, $1): OK
  tests/fp_test.c:517: fcmp(t=00000000 e=80, t=00000000 e=81)
  tests/fp_test.c:521: assert result (-1, $FFFFFFFF) == test_case->result (-1, $FFFFFFFF): OK
  tests/fp_test.c:517: fcmp(t=00000001 e=80, t=00000000 e=80)
  tests/fp_test.c:521: assert result (1, $1) == test_case->result (1, $1): OK
  tests/fp_test.c:517: fcmp(t=00000000 e=80, t=00000001 e=80)
  tests/fp_test.c:521: assert result (-1, $FFFFFFFF) == test_case->result (-1, $FFFFFFFF): OK
  tests/fp_test.c:517: fcmp(t=00000000 e=FE, t=00000001 e=80)
  tests/fp_test.c:521: assert result (1, $1) == test_case->result (1, $1): OK
  tests/fp_test.c:517: fcmp(t=00000001 e=80, t=00000000 e=FE)
  tests/fp_test.c:521: assert result (-1, $FFFFFFFF) == test_case->result (-1, $FFFFFFFF): OK
test_char_to_digit:
  tests/fp_test.c:531: assert err (0, $0) == 0 (0, $0): OK
  tests/fp_test.c:532: assert d (0, $0) == 0 (0, $0): OK
  tests/fp_test.c:534: assert err (0, $0) == 0 (0, $0): OK
  tests/fp_test.c:535: assert d (9, $9) == 9 (9, $9): OK
  tests/fp_test.c:537: assert err (1, $1) != 0 (0, $0): OK
  tests/fp_test.c:539: assert err (1, $1) != 0 (0, $0): OK
  tests/fp_test.c:541: assert err (1, $1) != 0 (0, $0): OK
  tests/fp_test.c:543: assert err (1, $1) != 0 (0, $0): OK
  tests/fp_test.c:545: assert err (1, $1) != 0 (0, $0): OK
  tests/fp_test.c:547: assert err (1, $1) != 0 (0, $0): OK
test_fp_to_string:
  tests/fp_test.c:566: fp_to_string(t=$00000000 e=00)
  tests/fp_test.c:559: assert "0" == "0": OK
  tests/fp_test.c:568: fp_to_string(t=$00000000 e=80)
  tests/fp_test.c:559: assert "1" == "1": OK
  tests/fp_test.c:570: fp_to_string(t=$80000000 e=80)
  tests/fp_test.c:559: assert "-1" == "-1": OK
  tests/fp_test.c:572: fp_to_string(t=$20000000 e=83)
  tests/fp_test.c:559: assert "10" == "10": OK
  tests/fp_test.c:574: fp_to_string(t=$48000000 e=84)
  tests/fp_test.c:559: assert "25" == "25": OK
  tests/fp_test.c:576: fp_to_string(t=$48000000 e=86)
  tests/fp_test.c:559: assert "100" == "100": OK
  tests/fp_test.c:578: fp_to_string(t=$C8000000 e=86)
  tests/fp_test.c:559: assert "-100" == "-100": OK
  tests/fp_test.c:580: fp_to_string(t=$490FCF81 e=81)
  tests/fp_test.c:559: assert "3.14159" == "3.14159": OK
  tests/fp_test.c:582: fp_to_string(t=$00ADF571 e=7B)
  tests/fp_test.c:559: assert "0.0314159" == "0.0314159": OK
  tests/fp_test.c:584: fp_to_string(t=$7FFFFFFE e=9E)
  tests/fp_test.c:559: assert "2.14748364E9" == "2.14748364E9": OK
  tests/fp_test.c:586: fp_to_string(t=$80000000 e=9F)
  tests/fp_test.c:559: assert "-2.14748364E9" == "-2.14748364E9": OK
  tests/fp_test.c:588: fp_to_string(t=$00000000 e=A4)
  tests/fp_test.c:559: assert "6.87194767E10" == "6.87194767E10": OK
  tests/fp_test.c:590: fp_to_string(t=$00000000 e=08)
  tests/fp_test.c:559: assert "7.52316385E-37" == "7.52316385E-37": OK
  tests/fp_test.c:592: fp_to_string(t=$03333333 e=80)
  tests/fp_test.c:559: assert "1.025" == "1.025": OK
  tests/fp_test.c:597: fp_to_string(t=$6E6B27FC e=9D)
  tests/fp_test.c:559: assert "999999999" == "999999999": OK
  tests/fp_test.c:598: fp_to_string(t=$EE6B27FC e=9D)
  tests/fp_test.c:559: assert "-999999999" == "-999999999": OK
  tests/fp_test.c:599: fp_to_string(t=$3EBC2000 e=9A)
  tests/fp_test.c:559: assert "100000000" == "100000000": OK
  tests/fp_test.c:600: fp_to_string(t=$BEBC2000 e=9A)
  tests/fp_test.c:559: assert "-100000000" == "-100000000": OK
  tests/fp_test.c:601: fp_to_string(t=$1502F900 e=A1)
  tests/fp_test.c:559: assert "1E10" == "1E10": OK
  tests/fp_test.c:602: fp_to_string(t=$9502F900 e=A1)
  tests/fp_test.c:559: assert "-1E10" == "-1E10": OK
test_string_to_fp:
  tests/fp_test.c:630: string_to_fp("0")
  tests/fp_test.c:614: assert err (0, $0) == 0 (0, $0): OK
  tests/fp_test.c:615: assert (result).e (0, $0) == (expect_result).e (0, $0): OK
  tests/fp_test.c:615: assert (result).t (0, $0) == (expect_result).t (0, $0): OK
  tests/fp_test.c:632: string_to_fp("1")
  tests/fp_test.c:614: assert err (0, $0) == 0 (0, $0): OK
  tests/fp_test.c:615: assert (result).e (128, $80) == (expect_result).e (128, $80): OK
  tests/fp_test.c:615: assert (result).t (0, $0) == (expect_result).t (0, $0): OK
  tests/fp_test.c:634: string_to_fp("-1")
  tests/fp_test.c:614: assert err (0, $0) == 0 (0, $0): OK
  tests/fp_test.c:615: assert (result).e (128, $80) == (expect_result).e (128, $80): OK
  tests/fp_test.c:615: assert (result).t (-2147483648, $80000000) == (expect_result).t (-2147483648, $80000000): OK
  tests/fp_test.c:636: string_to_fp("10")
  tests/fp_test.c:614: assert err (0, $0) == 0 (0, $0): OK
  tests/fp_test.c:615: assert (result).e (131, $83) == (expect_result).e (131, $83): OK
  tests/fp_test.c:615: assert (result).t (536870912, $20000000) == (expect_result).t (536870912, $20000000): OK
  tests/fp_test.c:638: string_to_fp("25")
  tests/fp_test.c:614: assert err (0, $0) == 0 (0, $0): OK
  tests/fp_test.c:615: assert (result).e (132, $84) == (expect_result).e (132, $84): OK
  tests/fp_test.c:615: assert (result).t (1207959552, $48000000) == (expect_result).t (1207959552, $48000000): OK
  tests/fp_test.c:640: string_to_fp("100")
  tests/fp_test.c:614: assert err (0, $0) == 0 (0, $0): OK
  tests/fp_test.c:615: assert (result).e (134, $86) == (expect_result).e (134, $86): OK
  tests/fp_test.c:615: assert (result).t (1207959552, $48000000) == (expect_result).t (1207959552, $48000000): OK
  tests/fp_test.c:642: string_to_fp("-100")
  tests/fp_test.c:614: assert err (0, $0) == 0 (0, $0): OK
  tests/fp_test.c:615: assert (result).e (134, $86) == (expect_result).e (134, $86): OK
  tests/fp_test.c:615: assert (result).t (-939524096, $C8000000) == (expect_result).t (-939524096, $C8000000): OK
  tests/fp_test.c:644: string_to_fp("3.14159")
  tests/fp_test.c:614: assert err (0, $0) == 0 (0, $0): OK
  tests/fp_test.c:615: assert (result).e (129, $81) == (expect_result).e (129, $81): OK
  tests/fp_test.c:615: assert (result).t (1225772929, $490FCF81) == (expect_result).t (1225772929, $490FCF81): OK
  tests/fp_test.c:646: string_to_fp("0.0314159")
  tests/fp_test.c:614: assert err (0, $0) == 0 (0, $0): OK
  tests/fp_test.c:615: assert (result).e (123, $7B) == (expect_result).e (123, $7B): OK
  tests/fp_test.c:615: assert (result).t (11400561, $ADF571) == (expect_result).t (11400561, $ADF571): OK
  tests/fp_test.c:648: string_to_fp("2147483647")
  tests/fp_test.c:614: assert err (0, $0) == 0 (0, $0): OK
  tests/fp_test.c:615: assert (result).e (158, $9E) == (expect_result).e (158, $9E): OK
  tests/fp_test.c:615: assert (result).t (2147483646, $7FFFFFFE) == (expect_result).t (2147483646, $7FFFFFFE): OK
  tests/fp_test.c:650: string_to_fp("-2147483648")
  tests/fp_test.c:614: assert err (0, $0) == 0 (0, $0): OK
  tests/fp_test.c:615: assert (result).e (159, $9F) == (expect_result).e (159, $9F): OK
  tests/fp_test.c:615: assert (result).t (-2147483648, $80000000) == (expect_result).t (-2147483648, $80000000): OK
  tests/fp_test.c:652: string_to_fp("1.025")
  tests/fp_test.c:614: assert err (0, $0) == 0 (0, $0): OK
  tests/fp_test.c:615: assert (result).e (128, $80) == (expect_result).e (128, $80): OK
  tests/fp_test.c:615: assert (result).t (53687091, $3333333) == (expect_result).t (53687091, $3333333): OK
  tests/fp_test.c:654: string_to_fp("0.693147181")
  tests/fp_test.c:614: assert err (0, $0) == 0 (0, $0): OK
  tests/fp_test.c:615: assert (result).e (127, $7F) == (expect_result).e (127, $7F): OK
  tests/fp_test.c:615: assert (result).t (829560826, $317217FA) == (expect_result).t (829560826, $317217FA): OK
  tests/fp_test.c:656: string_to_fp("1.414213562")
  tests/fp_test.c:614: assert err (0, $0) == 0 (0, $0): OK
  tests/fp_test.c:615: assert (result).e (128, $80) == (expect_result).e (128, $80): OK
  tests/fp_test.c:615: assert (result).t (889516851, $3504F333) == (expect_result).t (889516851, $3504F333): OK
  tests/fp_test.c:658: string_to_fp("1E5")
  tests/fp_test.c:614: assert err (0, $0) == 0 (0, $0): OK
  tests/fp_test.c:615: assert (result).e (144, $90) == (expect_result).e (144, $90): OK
  tests/fp_test.c:615: assert (result).t (1129316352, $43500000) == (expect_result).t (1129316352, $43500000): OK
  tests/fp_test.c:660: string_to_fp("10E4")
  tests/fp_test.c:614: assert err (0, $0) == 0 (0, $0): OK
  tests/fp_test.c:615: assert (result).e (144, $90) == (expect_result).e (144, $90): OK
  tests/fp_test.c:615: assert (result).t (1129316352, $43500000) == (expect_result).t (1129316352, $43500000): OK
  tests/fp_test.c:662: string_to_fp("-1E5")
  tests/fp_test.c:614: assert err (0, $0) == 0 (0, $0): OK
  tests/fp_test.c:615: assert (result).e (144, $90) == (expect_result).e (144, $90): OK
  tests/fp_test.c:615: assert (result).t (-1018167296, $C3500000) == (expect_result).t (-1018167296, $C3500000): OK
  tests/fp_test.c:664: string_to_fp("31415.9E-4")
  tests/fp_test.c:614: assert err (0, $0) == 0 (0, $0): OK
  tests/fp_test.c:615: assert (result).e (129, $81) == (expect_result).e (129, $81): OK
  tests/fp_test.c:615: assert (result).t (1225772929, $490FCF81) == (expect_result).t (1225772929, $490FCF81): OK
  tests/fp_test.c:666: string_to_fp(".0314159E2")
  tests/fp_test.c:614: assert err (0, $0) == 0 (0, $0): OK
  tests/fp_test.c:615: assert (result).e (129, $81) == (expect_result).e (129, $81): OK
  tests/fp_test.c:615: assert (result).t (1225772929, $490FCF81) == (expect_result).t (1225772929, $490FCF81): OK
  tests/fp_test.c:668: string_to_fp("1E0")
  tests/fp_test.c:614: assert err (0, $0) == 0 (0, $0): OK
  tests/fp_test.c:615: assert (result).e (128, $80) == (expect_result).e (128, $80): OK
  tests/fp_test.c:615: assert (result).t (0, $0) == (expect_result).t (0, $0): OK
  tests/fp_test.c:670: string_to_fp("-1E0")
  tests/fp_test.c:614: assert err (0, $0) == 0 (0, $0): OK
  tests/fp_test.c:615: assert (result).e (128, $80) == (expect_result).e (128, $80): OK
  tests/fp_test.c:615: assert (result).t (-2147483648, $80000000) == (expect_result).t (-2147483648, $80000000): OK
  tests/fp_test.c:672: string_to_fp("0E5")
  tests/fp_test.c:614: assert err (0, $0) == 0 (0, $0): OK
  tests/fp_test.c:615: assert (result).e (0, $0) == (expect_result).e (0, $0): OK
  tests/fp_test.c:615: assert (result).t (0, $0) == (expect_result).t (0, $0): OK
  tests/fp_test.c:674: string_to_fp("100E-2")
  tests/fp_test.c:614: assert err (0, $0) == 0 (0, $0): OK
  tests/fp_test.c:615: assert (result).e (128, $80) == (expect_result).e (128, $80): OK
  tests/fp_test.c:615: assert (result).t (0, $0) == (expect_result).t (0, $0): OK
  tests/fp_test.c:676: string_to_fp("1E")
  tests/fp_test.c:614: assert err (0, $0) == 0 (0, $0): OK
  tests/fp_test.c:615: assert (result).e (128, $80) == (expect_result).e (128, $80): OK
  tests/fp_test.c:615: assert (result).t (0, $0) == (expect_result).t (0, $0): OK
  tests/fp_test.c:679: string_to_fp("10X")
  tests/fp_test.c:614: assert err (0, $0) == 0 (0, $0): OK
  tests/fp_test.c:615: assert (result).e (131, $83) == (expect_result).e (131, $83): OK
  tests/fp_test.c:615: assert (result).t (536870912, $20000000) == (expect_result).t (536870912, $20000000): OK
  tests/fp_test.c:680: string_to_fp("-100-")
  tests/fp_test.c:614: assert err (0, $0) == 0 (0, $0): OK
  tests/fp_test.c:615: assert (result).e (134, $86) == (expect_result).e (134, $86): OK
  tests/fp_test.c:615: assert (result).t (-939524096, $C8000000) == (expect_result).t (-939524096, $C8000000): OK
  tests/fp_test.c:681: string_to_fp("3.14159+")
  tests/fp_test.c:614: assert err (0, $0) == 0 (0, $0): OK
  tests/fp_test.c:615: assert (result).e (129, $81) == (expect_result).e (129, $81): OK
  tests/fp_test.c:615: assert (result).t (1225772929, $490FCF81) == (expect_result).t (1225772929, $490FCF81): OK
  tests/fp_test.c:684: string_to_fp("X10")
  tests/fp_test.c:622: assert err (1, $1) != 0 (0, $0): OK
  tests/fp_test.c:623: assert Y (0, $0) == 0 (0, $0): OK
  tests/fp_test.c:685: string_to_fp("*3")
  tests/fp_test.c:622: assert err (1, $1) != 0 (0, $0): OK
  tests/fp_test.c:623: assert Y (0, $0) == 0 (0, $0): OK
  tests/fp_test.c:686: string_to_fp("-X")
  tests/fp_test.c:622: assert err (1, $1) != 0 (0, $0): OK
  tests/fp_test.c:623: assert Y (0, $0) == 0 (0, $0): OK
test_fpoly:
  tests/fp_test.c:714: assert err (0, $0) == 0 (0, $0): OK
  tests/fp_test.c:715: assert (result).e (128, $80) == (result_1).e (128, $80): OK
  tests/fp_test.c:715: assert (result).t (0, $0) == (result_1).t (0, $0): OK
  tests/fp_test.c:720: assert err (0, $0) == 0 (0, $0): OK
  tests/fp_test.c:721: assert (result).e (131, $83) == (result_2).e (131, $83): OK
  tests/fp_test.c:721: assert (result).t (268435456, $10000000) == (result_2).t (268435456, $10000000): OK
  tests/fp_test.c:726: assert err (0, $0) == 0 (0, $0): OK
  tests/fp_test.c:727: assert (result).e (133, $85) == (result_3).e (133, $85): OK
  tests/fp_test.c:727: assert (result).t (1677721600, $64000000) == (result_3).t (1677721600, $64000000): OK
test_fpoly_odd:
  tests/fp_test.c:755: assert err (0, $0) == 0 (0, $0): OK
  tests/fp_test.c:756: assert (result).e (130, $82) == (result_1).e (130, $82): OK
  tests/fp_test.c:756: assert (result).t (0, $0) == (result_1).t (0, $0): OK
  tests/fp_test.c:761: assert err (0, $0) == 0 (0, $0): OK
  tests/fp_test.c:762: assert (result).e (135, $87) == (result_2).e (135, $87): OK
  tests/fp_test.c:762: assert (result).t (67108864, $4000000) == (result_2).t (67108864, $4000000): OK
  tests/fp_test.c:767: assert err (0, $0) == 0 (0, $0): OK
  tests/fp_test.c:768: assert (result).e (139, $8B) == (result_3).e (139, $8B): OK
  tests/fp_test.c:768: assert (result).t (1212153856, $48400000) == (result_3).t (1212153856, $48400000): OK
test_flog:
  tests/fp_test.c:784 flog(t=00000000 e=80)
  tests/fp_test.c:790: assert err (0, $0) == 0 (0, $0): OK
  tests/fp_test.c:792: assert (result).e (97, $61) == (test_case->result).e (97, $61): OK
  tests/fp_test.c:792: assert (result).t (536870912, $20000000) == (test_case->result).t (536870912, $20000000): OK
  tests/fp_test.c:784 flog(t=00000000 e=7F)
  tests/fp_test.c:790: assert err (0, $0) == 0 (0, $0): OK
  tests/fp_test.c:792: assert (result).e (127, $7F) == (test_case->result).e (127, $7F): OK
  tests/fp_test.c:792: assert (result).t (-1317922826, $B17217F6) == (test_case->result).t (-1317922826, $B17217F6): OK
  tests/fp_test.c:784 flog(t=00000000 e=81)
  tests/fp_test.c:790: assert err (0, $0) == 0 (0, $0): OK
  tests/fp_test.c:792: assert (result).e (127, $7F) == (test_case->result).e (127, $7F): OK
  tests/fp_test.c:792: assert (result).t (829560828, $317217FC) == (test_case->result).t (829560828, $317217FC): OK
test_fexp:
  tests/fp_test.c:784 fexp(t=317217F8 e=7F)
  tests/fp_test.c:790: assert err (0, $0) == 0 (0, $0): OK
  tests/fp_test.c:792: assert (result).e (129, $81) == (test_case->result).e (129, $81): OK
  tests/fp_test.c:792: assert (result).t (0, $0) == (test_case->result).t (0, $0): OK
  tests/fp_test.c:784 fexp(t=00000000 e=83)
  tests/fp_test.c:790: assert err (0, $0) == 0 (0, $0): OK
  tests/fp_test.c:792: assert (result).e (139, $8B) == (test_case->result).e (139, $8B): OK
  tests/fp_test.c:792: assert (result).t (978277342, $3A4F53DE) == (test_case->result).t (978277342, $3A4F53DE): OK
  tests/fp_test.c:784 fexp(t=00000000 e=80)
  tests/fp_test.c:790: assert err (0, $0) == 0 (0, $0): OK
  tests/fp_test.c:792: assert (result).e (129, $81) == (test_case->result).e (129, $81): OK
  tests/fp_test.c:792: assert (result).t (771249236, $2DF85454) == (test_case->result).t (771249236, $2DF85454): OK
  tests/fp_test.c:784 fexp(t=00000000 e=00)
  tests/fp_test.c:790: assert err (0, $0) == 0 (0, $0): OK
  tests/fp_test.c:792: assert (result).e (128, $80) == (test_case->result).e (128, $80): OK
  tests/fp_test.c:792: assert (result).t (0, $0) == (test_case->result).t (0, $0): OK
  tests/fp_test.c:784 fexp(t=80000000 e=80)
  tests/fp_test.c:790: assert err (0, $0) == 0 (0, $0): OK
  tests/fp_test.c:792: assert (result).e (126, $7E) == (test_case->result).e (126, $7E): OK
  tests/fp_test.c:792: assert (result).t (1012576684, $3C5AB1AC) == (test_case->result).t (1012576684, $3C5AB1AC): OK
test_fsin:
  tests/fp_test.c:784 fsin(t=00000000 e=00)
  tests/fp_test.c:790: assert err (0, $0) == 0 (0, $0): OK
  tests/fp_test.c:792: assert (result).e (0, $0) == (test_case->result).e (0, $0): OK
  tests/fp_test.c:792: assert (result).t (0, $0) == (test_case->result).t (0, $0): OK
  tests/fp_test.c:784 fsin(t=490FDA9E e=80)
  tests/fp_test.c:790: assert err (0, $0) == 0 (0, $0): OK
  tests/fp_test.c:792: assert (result).e (128, $80) == (test_case->result).e (128, $80): OK
  tests/fp_test.c:792: assert (result).t (2, $2) == (test_case->result).t (2, $2): OK
  tests/fp_test.c:784 fsin(t=490FDA9E e=81)
  tests/fp_test.c:790: assert err (0, $0) == 0 (0, $0): OK
  tests/fp_test.c:792: assert (result).e (109, $6D) == (test_case->result).e (109, $6D): OK
  tests/fp_test.c:792: assert (result).t (-1311768576, $B1D00000) == (test_case->result).t (-1311768576, $B1D00000): OK
  tests/fp_test.c:784 fsin(t=16CBE3F7 e=82)
  tests/fp_test.c:790: assert err (0, $0) == 0 (0, $0): OK
  tests/fp_test.c:792: assert (result).e (128, $80) == (test_case->result).e (128, $80): OK
  tests/fp_test.c:792: assert (result).t (-2147483646, $80000002) == (test_case->result).t (-2147483646, $80000002): OK
test_fcos:
  tests/fp_test.c:784 fcos(t=00000000 e=00)
  tests/fp_test.c:790: assert err (0, $0) == 0 (0, $0): OK
  tests/fp_test.c:792: assert (result).e (128, $80) == (test_case->result).e (128, $80): OK
  tests/fp_test.c:792: assert (result).t (1, $1) == (test_case->result).t (1, $1): OK
  tests/fp_test.c:784 fcos(t=490FDA9E e=80)
  tests/fp_test.c:790: assert err (0, $0) == 0 (0, $0): OK
  tests/fp_test.c:792: assert (result).e (108, $6C) == (test_case->result).e (108, $6C): OK
  tests/fp_test.c:792: assert (result).t (-1310720000, $B1E00000) == (test_case->result).t (-1310720000, $B1E00000): OK
  tests/fp_test.c:784 fcos(t=490FDA9E e=81)
  tests/fp_test.c:790: assert err (0, $0) == 0 (0, $0): OK
  tests/fp_test.c:792: assert (result).e (127, $7F) == (test_case->result).e (127, $7F): OK
  tests/fp_test.c:792: assert (result).t (-2, $FFFFFFFE) == (test_case->result).t (-2, $FFFFFFFE): OK
  tests/fp_test.c:784 fcos(t=16CBE3F7 e=82)
  tests/fp_test.c:790: assert err (0, $0) == 0 (0, $0): OK
  tests/fp_test.c:792: assert (result).e (110, $6E) == (test_case->result).e (110, $6E): OK
  tests/fp_test.c:792: assert (result).t (90177536, $5600000) == (test_case->result).t (90177536, $5600000): OK
test_ftan:
  tests/fp_test.c:784 ftan(t=00000000 e=00)
  tests/fp_test.c:790: assert err (0, $0) == 0 (0, $0): OK
  tests/fp_test.c:792: assert (result).e (0, $0) == (test_case->result).e (0, $0): OK
  tests/fp_test.c:792: assert (result).t (0, $0) == (test_case->result).t (0, $0): OK
  tests/fp_test.c:784 ftan(t=490FDAA2 e=7F)
  tests/fp_test.c:790: assert err (0, $0) == 0 (0, $0): OK
  tests/fp_test.c:792: assert (result).e (128, $80) == (test_case->result).e (128, $80): OK
  tests/fp_test.c:792: assert (result).t (2848, $B20) == (test_case->result).t (2848, $B20): OK
  tests/fp_test.c:784 ftan(t=00000000 e=80)
  tests/fp_test.c:790: assert err (0, $0) == 0 (0, $0): OK
  tests/fp_test.c:792: assert (result).e (128, $80) == (test_case->result).e (128, $80): OK
  tests/fp_test.c:792: assert (result).t (1197030885, $47593DE5) == (test_case->result).t (1197030885, $47593DE5): OK
test_fatn:
  tests/fp_test.c:784 fatn(t=00000000 e=00)
  tests/fp_test.c:790: assert err (0, $0) == 0 (0, $0): OK
  tests/fp_test.c:792: assert (result).e (0, $0) == (test_case->result).e (0, $0): OK
  tests/fp_test.c:792: assert (result).t (0, $0) == (test_case->result).t (0, $0): OK
  tests/fp_test.c:784 fatn(t=00000000 e=80)
  tests/fp_test.c:790: assert err (0, $0) == 0 (0, $0): OK
  tests/fp_test.c:792: assert (result).e (127, $7F) == (test_case->result).e (127, $7F): OK
  tests/fp_test.c:792: assert (result).t (1225775779, $490FDAA3) == (test_case->result).t (1225775779, $490FDAA3): OK
  tests/fp_test.c:784 fatn(t=00000000 e=7F)
  tests/fp_test.c:790: assert err (0, $0) == 0 (0, $0): OK
  tests/fp_test.c:792: assert (result).e (126, $7E) == (test_case->result).e (126, $7E): OK
  tests/fp_test.c:792: assert (result).t (1835218989, $6D63382D) == (test_case->result).t (1835218989, $6D63382D): OK
  tests/fp_test.c:784 fatn(t=00000000 e=81)
  tests/fp_test.c:790: assert err (0, $0) == 0 (0, $0): OK
  tests/fp_test.c:792: assert (result).e (128, $80) == (test_case->result).e (128, $80): OK
  tests/fp_test.c:792: assert (result).t (230097270, $DB70176) == (test_case->result).t (230097270, $DB70176): OK
  tests/fp_test.c:784 fatn(t=80000000 e=80)
  tests/fp_test.c:790: assert err (0, $0) == 0 (0, $0): OK
  tests/fp_test.c:792: assert (result).e (127, $7F) == (test_case->result).e (127, $7F): OK
  tests/fp_test.c:792: assert (result).t (-921707869, $C90FDAA3) == (test_case->result).t (-921707869, $C90FDAA3): OK
sim65 tests/list_test
test_list_statement:
  tests/list_test.c:72: list_statement(): expecting "RUN"
  tests/list_test.c:16: assert 3 byte(s) memory equals:
        buffer ($0200):
        0000 0200  52 55 4E                                         RUN             
        expect_buffer ($47F8):
        0000 47F8  52 55 4E                                         RUN             
OK
  tests/list_test.c:17: assert buffer_pos (3, $3) == strlen(expect_buffer) (3, $3): OK
  tests/list_test.c:73: list_statement(): expecting "PRINT 1"
  tests/list_test.c:16: assert 7 byte(s) memory equals:
        buffer ($0200):
        0000 0200  50 52 49 4E 54 20 31                             PRINT 1         
        expect_buffer ($47D1):
        0000 47D1  50 52 49 4E 54 20 31                             PRINT 1         
OK
  tests/list_test.c:17: assert buffer_pos (7, $7) == strlen(expect_buffer) (7, $7): OK
  tests/list_test.c:74: list_statement(): expecting "PRINT 25"
  tests/list_test.c:16: assert 8 byte(s) memory equals:
        buffer ($0200):
        0000 0200  50 52 49 4E 54 20 32 35                          PRINT 25        
        expect_buffer ($47C0):
        0000 47C0  50 52 49 4E 54 20 32 35                          PRINT 25        
OK
  tests/list_test.c:17: assert buffer_pos (8, $8) == strlen(expect_buffer) (8, $8): OK
  tests/list_test.c:75: list_statement(): expecting "PRINT 3.14159"
  tests/list_test.c:16: assert 13 byte(s) memory equals:
        buffer ($0200):
        0000 0200  50 52 49 4E 54 20 33 2E 31 34 31 35 39           PRINT 3.14159   
        expect_buffer ($4713):
        0000 4713  50 52 49 4E 54 20 33 2E 31 34 31 35 39           PRINT 3.14159   
OK
  tests/list_test.c:17: assert buffer_pos (13, $D) == strlen(expect_buffer) (13, $D): OK
  tests/list_test.c:76: list_statement(): expecting "PRINT 10."
  tests/list_test.c:16: assert 9 byte(s) memory equals:
        buffer ($0200):
        0000 0200  50 52 49 4E 54 20 31 30 2E                       PRINT 10.       
        expect_buffer ($47A4):
        0000 47A4  50 52 49 4E 54 20 31 30 2E                       PRINT 10.       
OK
  tests/list_test.c:17: assert buffer_pos (9, $9) == strlen(expect_buffer) (9, $9): OK
  tests/list_test.c:77: list_statement(): expecting "PRINT .125"
  tests/list_test.c:16: assert 10 byte(s) memory equals:
        buffer ($0200):
        0000 0200  50 52 49 4E 54 20 2E 31 32 35                    PRINT .125      
        expect_buffer ($478F):
        0000 478F  50 52 49 4E 54 20 2E 31 32 35                    PRINT .125      
OK
  tests/list_test.c:17: assert buffer_pos (10, $A) == strlen(expect_buffer) (10, $A): OK
  tests/list_test.c:78: list_statement(): expecting "PRINT "HELLO""
  tests/list_test.c:16: assert 13 byte(s) memory equals:
        buffer ($0200):
        0000 0200  50 52 49 4E 54 20 22 48 45 4C 4C 4F 22           PRINT "HELLO"   
        expect_buffer ($46DB):
        0000 46DB  50 52 49 4E 54 20 22 48 45 4C 4C 4F 22           PRINT "HELLO"   
OK
  tests/list_test.c:17: assert buffer_pos (13, $D) == strlen(expect_buffer) (13, $D): OK
  tests/list_test.c:79: list_statement(): expecting "PRINT "BUG OR ""FEATURE?""""
  tests/list_test.c:16: assert 27 byte(s) memory equals:
        buffer ($0200):
        0000 0200  50 52 49 4E 54 20 22 42 55 47 20 4F 52 20 22 22  PRINT "BUG OR ""
        0010 0210  46 45 41 54 55 52 45 3F 22 22 22                 FEATURE?"""     
        expect_buffer ($4502):
        0000 4502  50 52 49 4E 54 20 22 42 55 47 20 4F 52 20 22 22  PRINT "BUG OR ""
        0010 4512  46 45 41 54 55 52 45 3F 22 22 22                 FEATURE?"""     
OK
  tests/list_test.c:17: assert buffer_pos (27, $1B) == strlen(expect_buffer) (27, $1B): OK
  tests/list_test.c:80: list_statement(): expecting "PRINT "lowercase""
  tests/list_test.c:16: assert 17 byte(s) memory equals:
        buffer ($0200):
        0000 0200  50 52 49 4E 54 20 22 6C 6F 77 65 72 63 61 73 65  PRINT "lowercase
        0010 0210  22                                               "               
        expect_buffer ($467C):
        0000 467C  50 52 49 4E 54 20 22 6C 6F 77 65 72 63 61 73 65  PRINT "lowercase
        0010 468C  22                                               "               
OK
  tests/list_test.c:17: assert buffer_pos (17, $11) == strlen(expect_buffer) (17, $11): OK
  tests/list_test.c:81: list_statement(): expecting "PRINT IDX_2"
  tests/list_test.c:16: assert 11 byte(s) memory equals:
        buffer ($0200):
        0000 0200  50 52 49 4E 54 20 49 44 58 5F 32                 PRINT IDX_2     
        expect_buffer ($4761):
        0000 4761  50 52 49 4E 54 20 49 44 58 5F 32                 PRINT IDX_2     
OK
  tests/list_test.c:17: assert buffer_pos (11, $B) == strlen(expect_buffer) (11, $B): OK
  tests/list_test.c:82: list_statement(): expecting "PRINT A$"
  tests/list_test.c:16: assert 8 byte(s) memory equals:
        buffer ($0200):
        0000 0200  50 52 49 4E 54 20 41 24                          PRINT A$        
        expect_buffer ($47AE):
        0000 47AE  50 52 49 4E 54 20 41 24                          PRINT A$        
OK
  tests/list_test.c:17: assert buffer_pos (8, $8) == strlen(expect_buffer) (8, $8): OK
  tests/list_test.c:83: list_statement(): expecting "PRINT X(5)"
  tests/list_test.c:16: assert 10 byte(s) memory equals:
        buffer ($0200):
        0000 0200  50 52 49 4E 54 20 58 28 35 29                    PRINT X(5)      
        expect_buffer ($4784):
        0000 4784  50 52 49 4E 54 20 58 28 35 29                    PRINT X(5)      
OK
  tests/list_test.c:17: assert buffer_pos (10, $A) == strlen(expect_buffer) (10, $A): OK
  tests/list_test.c:84: list_statement(): expecting "PRINT XYZZY$(1,10)"
  tests/list_test.c:16: assert 18 byte(s) memory equals:
        buffer ($0200):
        0000 0200  50 52 49 4E 54 20 58 59 5A 5A 59 24 28 31 2C 31  PRINT XYZZY$(1,1
        0010 0210  30 29                                            0)              
        expect_buffer ($461F):
        0000 461F  50 52 49 4E 54 20 58 59 5A 5A 59 24 28 31 2C 31  PRINT XYZZY$(1,1
        0010 462F  30 29                                            0)              
OK
  tests/list_test.c:17: assert buffer_pos (18, $12) == strlen(expect_buffer) (18, $12): OK
  tests/list_test.c:85: list_statement(): expecting "PRINT LEN("HELLO")"
  tests/list_test.c:16: assert 18 byte(s) memory equals:
        buffer ($0200):
        0000 0200  50 52 49 4E 54 20 4C 45 4E 28 22 48 45 4C 4C 4F  PRINT LEN("HELLO
        0010 0210  22 29                                            ")              
        expect_buffer ($4645):
        0000 4645  50 52 49 4E 54 20 4C 45 4E 28 22 48 45 4C 4C 4F  PRINT LEN("HELLO
        0010 4655  22 29                                            ")              
OK
  tests/list_test.c:17: assert buffer_pos (18, $12) == strlen(expect_buffer) (18, $12): OK
  tests/list_test.c:86: list_statement(): expecting "PRINT MID$("HELLO",2,3)"
  tests/list_test.c:16: assert 23 byte(s) memory equals:
        buffer ($0200):
        0000 0200  50 52 49 4E 54 20 4D 49 44 24 28 22 48 45 4C 4C  PRINT MID$("HELL
        0010 0210  4F 22 2C 32 2C 33 29                             O",2,3)         
        expect_buffer ($4536):
        0000 4536  50 52 49 4E 54 20 4D 49 44 24 28 22 48 45 4C 4C  PRINT MID$("HELL
        0010 4546  4F 22 2C 32 2C 33 29                             O",2,3)         
OK
  tests/list_test.c:17: assert buffer_pos (23, $17) == strlen(expect_buffer) (23, $17): OK
  tests/list_test.c:87: list_statement(): expecting "PRINT VER$(0)"
  tests/list_test.c:16: assert 13 byte(s) memory equals:
        buffer ($0200):
        0000 0200  50 52 49 4E 54 20 56 45 52 24 28 30 29           PRINT VER$(0)   
        expect_buffer ($4705):
        0000 4705  50 52 49 4E 54 20 56 45 52 24 28 30 29           PRINT VER$(0)   
OK
  tests/list_test.c:17: assert buffer_pos (13, $D) == strlen(expect_buffer) (13, $D): OK
  tests/list_test.c:88: list_statement(): expecting "PRINT 1+1+1"
  tests/list_test.c:16: assert 11 byte(s) memory equals:
        buffer ($0200):
        0000 0200  50 52 49 4E 54 20 31 2B 31 2B 31                 PRINT 1+1+1     
        expect_buffer ($476D):
        0000 476D  50 52 49 4E 54 20 31 2B 31 2B 31                 PRINT 1+1+1     
OK
  tests/list_test.c:17: assert buffer_pos (11, $B) == strlen(expect_buffer) (11, $B): OK
  tests/list_test.c:89: list_statement(): expecting "PRINT 1+(1+1)"
  tests/list_test.c:16: assert 13 byte(s) memory equals:
        buffer ($0200):
        0000 0200  50 52 49 4E 54 20 31 2B 28 31 2B 31 29           PRINT 1+(1+1)   
        expect_buffer ($46F7):
        0000 46F7  50 52 49 4E 54 20 31 2B 28 31 2B 31 29           PRINT 1+(1+1)   
OK
  tests/list_test.c:17: assert buffer_pos (13, $D) == strlen(expect_buffer) (13, $D): OK
  tests/list_test.c:90: list_statement(): expecting "PRINT 314.15/10^2*X"
  tests/list_test.c:16: assert 19 byte(s) memory equals:
        buffer ($0200):
        0000 0200  50 52 49 4E 54 20 33 31 34 2E 31 35 2F 31 30 5E  PRINT 314.15/10^
        0010 0210  32 2A 58                                         2*X             
        expect_buffer ($45CF):
        0000 45CF  50 52 49 4E 54 20 33 31 34 2E 31 35 2F 31 30 5E  PRINT 314.15/10^
        0010 45DF  32 2A 58                                         2*X             
OK
  tests/list_test.c:17: assert buffer_pos (19, $13) == strlen(expect_buffer) (19, $13): OK
  tests/list_test.c:91: list_statement(): expecting "PRINT "HELLO"&", WORLD""
  tests/list_test.c:16: assert 23 byte(s) memory equals:
        buffer ($0200):
        0000 0200  50 52 49 4E 54 20 22 48 45 4C 4C 4F 22 26 22 2C  PRINT "HELLO"&",
        0010 0210  20 57 4F 52 4C 44 22                              WORLD"         
        expect_buffer ($451E):
        0000 451E  50 52 49 4E 54 20 22 48 45 4C 4C 4F 22 26 22 2C  PRINT "HELLO"&",
        0010 452E  20 57 4F 52 4C 44 22                              WORLD"         
OK
  tests/list_test.c:17: assert buffer_pos (23, $17) == strlen(expect_buffer) (23, $17): OK
  tests/list_test.c:92: list_statement(): expecting "PRINT X,Y;Z"
  tests/list_test.c:16: assert 11 byte(s) memory equals:
        buffer ($0200):
        0000 0200  50 52 49 4E 54 20 58 2C 59 3B 5A                 PRINT X,Y;Z     
        expect_buffer ($46A3):
        0000 46A3  50 52 49 4E 54 20 58 2C 59 3B 5A                 PRINT X,Y;Z     
OK
  tests/list_test.c:17: assert buffer_pos (11, $B) == strlen(expect_buffer) (11, $B): OK
  tests/list_test.c:93: list_statement(): expecting "?X,Y;Z"
  tests/list_test.c:16: assert 6 byte(s) memory equals:
        buffer ($0200):
        0000 0200  3F 58 2C 59 3B 5A                                ?X,Y;Z          
        expect_buffer ($479D):
        0000 479D  3F 58 2C 59 3B 5A                                ?X,Y;Z          
OK
  tests/list_test.c:17: assert buffer_pos (6, $6) == strlen(expect_buffer) (6, $6): OK
  tests/list_test.c:94: list_statement(): expecting "FOR X=1 TO 5"
  tests/list_test.c:16: assert 12 byte(s) memory equals:
        buffer ($0200):
        0000 0200  46 4F 52 20 58 3D 31 20 54 4F 20 35              FOR X=1 TO 5    
        expect_buffer ($473B):
        0000 473B  46 4F 52 20 58 3D 31 20 54 4F 20 35              FOR X=1 TO 5    
OK
  tests/list_test.c:17: assert buffer_pos (12, $C) == strlen(expect_buffer) (12, $C): OK
  tests/list_test.c:95: list_statement(): expecting "FOR X=1 TO 20 STEP 2"
  tests/list_test.c:16: assert 20 byte(s) memory equals:
        buffer ($0200):
        0000 0200  46 4F 52 20 58 3D 31 20 54 4F 20 32 30 20 53 54  FOR X=1 TO 20 ST
        0010 0210  45 50 20 32                                      EP 2            
        expect_buffer ($4591):
        0000 4591  46 4F 52 20 58 3D 31 20 54 4F 20 32 30 20 53 54  FOR X=1 TO 20 ST
        0010 45A1  45 50 20 32                                      EP 2            
OK
  tests/list_test.c:17: assert buffer_pos (20, $14) == strlen(expect_buffer) (20, $14): OK
  tests/list_test.c:96: list_statement(): expecting "LET X=100"
  tests/list_test.c:16: assert 9 byte(s) memory equals:
        buffer ($0200):
        0000 0200  4C 45 54 20 58 3D 31 30 30                       LET X=100       
        expect_buffer ($4731):
        0000 4731  4C 45 54 20 58 3D 31 30 30                       LET X=100       
OK
  tests/list_test.c:17: assert buffer_pos (9, $9) == strlen(expect_buffer) (9, $9): OK
  tests/list_test.c:97: list_statement(): expecting "X=100"
  tests/list_test.c:16: assert 5 byte(s) memory equals:
        buffer ($0200):
        0000 0200  58 3D 31 30 30                                   X=100           
        expect_buffer ($4735):
        0000 4735  58 3D 31 30 30                                   X=100           
OK
  tests/list_test.c:17: assert buffer_pos (5, $5) == strlen(expect_buffer) (5, $5): OK
  tests/list_test.c:98: list_statement(): expecting "IF X=1 THEN GOTO 10"
  tests/list_test.c:16: assert 19 byte(s) memory equals:
        buffer ($0200):
        0000 0200  49 46 20 58 3D 31 20 54 48 45 4E 20 47 4F 54 4F  IF X=1 THEN GOTO
        0010 0210  20 31 30                                          10             
        expect_buffer ($45E3):
        0000 45E3  49 46 20 58 3D 31 20 54 48 45 4E 20 47 4F 54 4F  IF X=1 THEN GOTO
        0010 45F3  20 31 30                                          10             
OK
  tests/list_test.c:17: assert buffer_pos (19, $13) == strlen(expect_buffer) (19, $13): OK
  tests/list_test.c:99: list_statement(): expecting "IF X=1 THEN 10"
  tests/list_test.c:16: assert 14 byte(s) memory equals:
        buffer ($0200):
        0000 0200  49 46 20 58 3D 31 20 54 48 45 4E 20 31 30        IF X=1 THEN 10  
        expect_buffer ($46AF):
        0000 46AF  49 46 20 58 3D 31 20 54 48 45 4E 20 31 30        IF X=1 THEN 10  
OK
  tests/list_test.c:17: assert buffer_pos (14, $E) == strlen(expect_buffer) (14, $E): OK
  tests/list_test.c:100: list_statement(): expecting "IF X=1 THEN LET X=X+1"
  tests/list_test.c:16: assert 21 byte(s) memory equals:
        buffer ($0200):
        0000 0200  49 46 20 58 3D 31 20 54 48 45 4E 20 4C 45 54 20  IF X=1 THEN LET 
        0010 0210  58 3D 58 2B 31                                   X=X+1           
        expect_buffer ($457B):
        0000 457B  49 46 20 58 3D 31 20 54 48 45 4E 20 4C 45 54 20  IF X=1 THEN LET 
        0010 458B  58 3D 58 2B 31                                   X=X+1           
OK
  tests/list_test.c:17: assert buffer_pos (21, $15) == strlen(expect_buffer) (21, $15): OK
  tests/list_test.c:101: list_statement(): expecting "IF X=1 THEN X=X+1"
  tests/list_test.c:16: assert 17 byte(s) memory equals:
        buffer ($0200):
        0000 0200  49 46 20 58 3D 31 20 54 48 45 4E 20 58 3D 58 2B  IF X=1 THEN X=X+
        0010 0210  31                                               1               
        expect_buffer ($468E):
        0000 468E  49 46 20 58 3D 31 20 54 48 45 4E 20 58 3D 58 2B  IF X=1 THEN X=X+
        0010 469E  31                                               1               
OK
  tests/list_test.c:17: assert buffer_pos (17, $11) == strlen(expect_buffer) (17, $11): OK
  tests/list_test.c:102: list_statement(): expecting "INPUT A"
  tests/list_test.c:16: assert 7 byte(s) memory equals:
        buffer ($0200):
        0000 0200  49 4E 50 55 54 20 41                             INPUT A         
        expect_buffer ($47C9):
        0000 47C9  49 4E 50 55 54 20 41                             INPUT A         
OK
  tests/list_test.c:17: assert buffer_pos (7, $7) == strlen(expect_buffer) (7, $7): OK
  tests/list_test.c:103: list_statement(): expecting "INPUT A,B,C"
  tests/list_test.c:16: assert 11 byte(s) memory equals:
        buffer ($0200):
        0000 0200  49 4E 50 55 54 20 41 2C 42 2C 43                 INPUT A,B,C     
        expect_buffer ($4755):
        0000 4755  49 4E 50 55 54 20 41 2C 42 2C 43                 INPUT A,B,C     
OK
  tests/list_test.c:17: assert buffer_pos (11, $B) == strlen(expect_buffer) (11, $B): OK
  tests/list_test.c:104: list_statement(): expecting "ON 1 GOTO 10"
  tests/list_test.c:16: assert 12 byte(s) memory equals:
        buffer ($0200):
        0000 0200  4F 4E 20 31 20 47 4F 54 4F 20 31 30              ON 1 GOTO 10    
        expect_buffer ($4748):
        0000 4748  4F 4E 20 31 20 47 4F 54 4F 20 31 30              ON 1 GOTO 10    
OK
  tests/list_test.c:17: assert buffer_pos (12, $C) == strlen(expect_buffer) (12, $C): OK
  tests/list_test.c:105: list_statement(): expecting "ON 1 GOSUB 10"
  tests/list_test.c:16: assert 13 byte(s) memory equals:
        buffer ($0200):
        0000 0200  4F 4E 20 31 20 47 4F 53 55 42 20 31 30           ON 1 GOSUB 10   
        expect_buffer ($46CD):
        0000 46CD  4F 4E 20 31 20 47 4F 53 55 42 20 31 30           ON 1 GOSUB 10   
OK
  tests/list_test.c:17: assert buffer_pos (13, $D) == strlen(expect_buffer) (13, $D): OK
  tests/list_test.c:106: list_statement(): expecting "ON X GOSUB 10,20,30"
  tests/list_test.c:16: assert 19 byte(s) memory equals:
        buffer ($0200):
        0000 0200  4F 4E 20 58 20 47 4F 53 55 42 20 31 30 2C 32 30  ON X GOSUB 10,20
        0010 0210  2C 33 30                                         ,30             
        expect_buffer ($460B):
        0000 460B  4F 4E 20 58 20 47 4F 53 55 42 20 31 30 2C 32 30  ON X GOSUB 10,20
        0010 461B  2C 33 30                                         ,30             
OK
  tests/list_test.c:17: assert buffer_pos (19, $13) == strlen(expect_buffer) (19, $13): OK
  tests/list_test.c:107: list_statement(): expecting "NEXT X"
  tests/list_test.c:16: assert 6 byte(s) memory equals:
        buffer ($0200):
        0000 0200  4E 45 58 54 20 58                                NEXT X          
        expect_buffer ($47D9):
        0000 47D9  4E 45 58 54 20 58                                NEXT X          
OK
  tests/list_test.c:17: assert buffer_pos (6, $6) == strlen(expect_buffer) (6, $6): OK
  tests/list_test.c:108: list_statement(): expecting "LIST"
  tests/list_test.c:16: assert 4 byte(s) memory equals:
        buffer ($0200):
        0000 0200  4C 49 53 54                                      LIST            
        expect_buffer ($47EB):
        0000 47EB  4C 49 53 54                                      LIST            
OK
  tests/list_test.c:17: assert buffer_pos (4, $4) == strlen(expect_buffer) (4, $4): OK
  tests/list_test.c:109: list_statement(): expecting "LIST 100"
  tests/list_test.c:16: assert 8 byte(s) memory equals:
        buffer ($0200):
        0000 0200  4C 49 53 54 20 31 30 30                          LIST 100        
        expect_buffer ($47B7):
        0000 47B7  4C 49 53 54 20 31 30 30                          LIST 100        
OK
  tests/list_test.c:17: assert buffer_pos (8, $8) == strlen(expect_buffer) (8, $8): OK
  tests/list_test.c:110: list_statement(): expecting "LIST 100,500"
  tests/list_test.c:16: assert 12 byte(s) memory equals:
        buffer ($0200):
        0000 0200  4C 49 53 54 20 31 30 30 2C 35 30 30              LIST 100,500    
        expect_buffer ($4721):
        0000 4721  4C 49 53 54 20 31 30 30 2C 35 30 30              LIST 100,500    
OK
  tests/list_test.c:17: assert buffer_pos (12, $C) == strlen(expect_buffer) (12, $C): OK
  tests/list_test.c:111: list_statement(): expecting "DATA HELLO,"X,Y",5"
  tests/list_test.c:16: assert 18 byte(s) memory equals:
        buffer ($0200):
        0000 0200  44 41 54 41 20 48 45 4C 4C 4F 2C 22 58 2C 59 22  DATA HELLO,"X,Y"
        0010 0210  2C 35                                            ,5              
        expect_buffer ($4632):
        0000 4632  44 41 54 41 20 48 45 4C 4C 4F 2C 22 58 2C 59 22  DATA HELLO,"X,Y"
        0010 4642  2C 35                                            ,5              
OK
  tests/list_test.c:17: assert buffer_pos (18, $12) == strlen(expect_buffer) (18, $12): OK
  tests/list_test.c:112: list_statement(): expecting "BYE"
  tests/list_test.c:16: assert 3 byte(s) memory equals:
        buffer ($0200):
        0000 0200  42 59 45                                         BYE             
        expect_buffer ($47FC):
        0000 47FC  42 59 45                                         BYE             
OK
  tests/list_test.c:17: assert buffer_pos (3, $3) == strlen(expect_buffer) (3, $3): OK
test_list_line:
  tests/list_test.c:136: list_line(): expecting "10 PRINT X,Y;Z"
  tests/list_test.c:120: assert 14 byte(s) memory equals:
        buffer ($0200):
        0000 0200  31 30 20 50 52 49 4E 54 20 58 2C 59 3B 5A        10 PRINT X,Y;Z  
        expect_buffer ($46A0):
        0000 46A0  31 30 20 50 52 49 4E 54 20 58 2C 59 3B 5A        10 PRINT X,Y;Z  
OK
  tests/list_test.c:121: assert buffer_pos (14, $E) == strlen(expect_buffer) (14, $E): OK
  tests/list_test.c:137: list_line(): expecting "10 ?X,Y;Z"
  tests/list_test.c:120: assert 9 byte(s) memory equals:
        buffer ($0200):
        0000 0200  31 30 20 3F 58 2C 59 3B 5A                       10 ?X,Y;Z       
        expect_buffer ($479A):
        0000 479A  31 30 20 3F 58 2C 59 3B 5A                       10 ?X,Y;Z       
OK
  tests/list_test.c:121: assert buffer_pos (9, $9) == strlen(expect_buffer) (9, $9): OK
  tests/list_test.c:138: list_line(): expecting "10 LET X=100"
  tests/list_test.c:120: assert 12 byte(s) memory equals:
        buffer ($0200):
        0000 0200  31 30 20 4C 45 54 20 58 3D 31 30 30              10 LET X=100    
        expect_buffer ($472E):
        0000 472E  31 30 20 4C 45 54 20 58 3D 31 30 30              10 LET X=100    
OK
  tests/list_test.c:121: assert buffer_pos (12, $C) == strlen(expect_buffer) (12, $C): OK
  tests/list_test.c:139: list_line(): expecting "1000 LET X=100:PRINT X"
  tests/list_test.c:120: assert 22 byte(s) memory equals:
        buffer ($0200):
        0000 0200  31 30 30 30 20 4C 45 54 20 58 3D 31 30 30 3A 50  1000 LET X=100:P
        0010 0210  52 49 4E 54 20 58                                RINT X          
        expect_buffer ($454E):
        0000 454E  31 30 30 30 20 4C 45 54 20 58 3D 31 30 30 3A 50  1000 LET X=100:P
        0010 455E  52 49 4E 54 20 58                                RINT X          
OK
  tests/list_test.c:121: assert buffer_pos (22, $16) == strlen(expect_buffer) (22, $16): OK
  tests/list_test.c:140: list_line(): expecting "32767 PRINT 1:END"
  tests/list_test.c:120: assert 17 byte(s) memory equals:
        buffer ($0200):
        0000 0200  33 32 37 36 37 20 50 52 49 4E 54 20 31 3A 45 4E  32767 PRINT 1:EN
        0010 0210  44                                               D               
        expect_buffer ($466A):
        0000 466A  33 32 37 36 37 20 50 52 49 4E 54 20 31 3A 45 4E  32767 PRINT 1:EN
        0010 467A  44                                               D               
OK
  tests/list_test.c:121: assert buffer_pos (17, $11) == strlen(expect_buffer) (17, $11): OK
sim65 tests/name_test
test_initialize_name_ptr:
  tests/name_test.c:17: assert name_ptr ($0000) == ((void *) 0) ($0000): OK
  tests/name_test.c:18: assert next_name_ptr ($A000) == (void*)0xA000 ($A000): OK
test_advance_name_ptr:
  tests/name_test.c:36: assert err (0, $0) == 0 (0, $0): OK
  tests/name_test.c:37: assert name_ptr ($FD92) == name_table + 1 ($FD92): OK
  tests/name_test.c:38: assert next_name_ptr ($FD97) == name_table + 6 ($FD97): OK
  tests/name_test.c:40: assert err (0, $0) == 0 (0, $0): OK
  tests/name_test.c:41: assert name_ptr ($FD98) == name_table + 6 + 1 ($FD98): OK
  tests/name_test.c:42: assert next_name_ptr ($FDA1) == name_table + 6 + 10 ($FDA1): OK
  tests/name_test.c:44: assert err (0, $0) == 0 (0, $0): OK
  tests/name_test.c:45: assert name_ptr ($FDA3) == name_table + 6 + 10 + 2 ($FDA3): OK
  tests/name_test.c:46: assert next_name_ptr ($FDA6) == name_table + 6 + 10 + 5 ($FDA6): OK
  tests/name_test.c:48: assert err (0, $0) == 0 (0, $0): OK
  tests/name_test.c:49: assert name_ptr ($FDA8) == name_table + 6 + 10 + 5 + 2 ($FDA8): OK
  tests/name_test.c:50: assert next_name_ptr ($FFA4) == name_table + 6 + 10 + 5 + 510 ($FFA4): OK
  tests/name_test.c:52: assert err (1, $1) != 0 (0, $0): OK
  tests/name_test.c:53: assert name_ptr ($FFA4) == name_table + 6 + 10 + 5 + 510 ($FFA4): OK
  tests/name_test.c:54: assert next_name_ptr ($FFA4) == name_table + 6 + 10 + 5 + 510 ($FFA4): OK
test_find_name:
  tests/name_test.c:99: find_name("PRINT")
        name_table_ptr ($FFB5):
        0000 FFB5  06 50 52 49 4E D4 00 00 00 00 00 00 00 00 00 00  .PRINÔ..........
        0010 FFC5  00 00 00 00 00 00 00 FF FF FF FF FF FF FF FF FF  .......ÿÿÿÿÿÿÿÿÿ
  tests/name_test.c:64: assert err (0, $0) == 0 (0, $0): OK
  tests/name_test.c:65: assert index (0, $0) == expect_index (0, $0): OK
  tests/name_test.c:66: assert name_ptr ($FFBB) == expect_name_ptr ($FFBB): OK
  tests/name_test.c:100: find_name("PRINT")
        name_table_ptr ($FFAC):
        0000 FFAC  06 50 52 49 4E D4 01 D8 00 06 50 52 49 4E D4 00  .PRINÔ.Ø..PRINÔ.
        0010 FFBC  00 00 00 00 00 00 00 00 00 00 00 00 00 00 00 00  ................
  tests/name_test.c:64: assert err (0, $0) == 0 (0, $0): OK
  tests/name_test.c:65: assert index (0, $0) == expect_index (0, $0): OK
  tests/name_test.c:66: assert name_ptr ($FFB2) == expect_name_ptr ($FFB2): OK
  tests/name_test.c:101: find_name("X")
        name_table_ptr ($FFAC):
        0000 FFAC  06 50 52 49 4E D4 01 D8 00 06 50 52 49 4E D4 00  .PRINÔ.Ø..PRINÔ.
        0010 FFBC  00 00 00 00 00 00 00 00 00 00 00 00 00 00 00 00  ................
  tests/name_test.c:64: assert err (0, $0) == 0 (0, $0): OK
  tests/name_test.c:65: assert index (1, $1) == expect_index (1, $1): OK
  tests/name_test.c:66: assert name_ptr ($FFB4) == expect_name_ptr ($FFB4): OK
  tests/name_test.c:102: find_name("PRINT")
        name_table_ptr ($FFA3):
        0000 FFA3  02 D8 06 50 52 49 4E D4 00 06 50 52 49 4E D4 01  .Ø.PRINÔ..PRINÔ.
        0010 FFB3  D8 00 06 50 52 49 4E D4 00 00 00 00 00 00 00 00  Ø..PRINÔ........
  tests/name_test.c:64: assert err (0, $0) == 0 (0, $0): OK
  tests/name_test.c:65: assert index (1, $1) == expect_index (1, $1): OK
  tests/name_test.c:66: assert name_ptr ($FFAB) == expect_name_ptr ($FFAB): OK
  tests/name_test.c:103: find_name("X")
        name_table_ptr ($FFA3):
        0000 FFA3  02 D8 06 50 52 49 4E D4 00 06 50 52 49 4E D4 01  .Ø.PRINÔ..PRINÔ.
        0010 FFB3  D8 00 06 50 52 49 4E D4 00 00 00 00 00 00 00 00  Ø..PRINÔ........
  tests/name_test.c:64: assert err (0, $0) == 0 (0, $0): OK
  tests/name_test.c:65: assert index (0, $0) == expect_index (0, $0): OK
  tests/name_test.c:66: assert name_ptr ($FFA5) == expect_name_ptr ($FFA5): OK
  tests/name_test.c:104: find_name("PRINT")
        name_table_ptr ($FF93):
        0000 FF93  05 4C 49 53 D4 0A 50 52 49 4E D4 01 54 CF 01 00  .LISÔ.PRINÔ.TÏ..
        0010 FFA3  02 D8 06 50 52 49 4E D4 00 06 50 52 49 4E D4 01  .Ø.PRINÔ..PRINÔ.
  tests/name_test.c:64: assert err (0, $0) == 0 (0, $0): OK
  tests/name_test.c:65: assert index (1, $1) == expect_index (1, $1): OK
  tests/name_test.c:66: assert name_ptr ($FF9E) == expect_name_ptr ($FF9E): OK
  tests/name_test.c:105: find_name("PRINT")
        name_table_ptr ($FF82):
        0000 FF82  06 4C 49 53 D4 01 0A 50 52 49 4E D4 01 54 CF 01  .LISÔ..PRINÔ.TÏ.
        0010 FF92  00 05 4C 49 53 D4 0A 50 52 49 4E D4 01 54 CF 01  ..LISÔ.PRINÔ.TÏ.
  tests/name_test.c:64: assert err (0, $0) == 0 (0, $0): OK
  tests/name_test.c:65: assert index (1, $1) == expect_index (1, $1): OK
  tests/name_test.c:66: assert name_ptr ($FF8E) == expect_name_ptr ($FF8E): OK
  tests/name_test.c:108: find_name("PRINT")
        name_table_ptr ($FF7C):
        0000 FF7C  05 4C 49 53 D4 00 06 4C 49 53 D4 01 0A 50 52 49  .LISÔ..LISÔ..PRI
        0010 FF8C  4E D4 01 54 CF 01 00 05 4C 49 53 D4 0A 50 52 49  NÔ.TÏ...LISÔ.PRI
  tests/name_test.c:76: assert err (1, $1) != 0 (0, $0): OK
  tests/name_test.c:77: assert index (1, $1) == expect_index (1, $1): OK
  tests/name_test.c:79: assert name_ptr ($FF81) == expect_name_ptr ($FF81): OK
  tests/name_test.c:111: find_name("PRINT")
        name_table_ptr ($FF73):
        0000 FF73  08 50 52 49 4E 54 45 D2 00 05 4C 49 53 D4 00 06  .PRINTEÒ..LISÔ..
        0010 FF83  4C 49 53 D4 01 0A 50 52 49 4E D4 01 54 CF 01 00  LISÔ..PRINÔ.TÏ..
  tests/name_test.c:76: assert err (1, $1) != 0 (0, $0): OK
  tests/name_test.c:77: assert index (1, $1) == expect_index (1, $1): OK
  tests/name_test.c:79: assert name_ptr ($FF7B) == expect_name_ptr ($FF7B): OK
  tests/name_test.c:112: find_name("PRINT")
        name_table_ptr ($FF65):
        0000 FF65  05 4C 49 53 D4 08 50 52 49 4E 54 45 D2 00 08 50  .LISÔ.PRINTEÒ..P
        0010 FF75  52 49 4E 54 45 D2 00 05 4C 49 53 D4 00 06 4C 49  RINTEÒ..LISÔ..LI
  tests/name_test.c:76: assert err (1, $1) != 0 (0, $0): OK
  tests/name_test.c:77: assert index (2, $2) == expect_index (2, $2): OK
  tests/name_test.c:79: assert name_ptr ($FF72) == expect_name_ptr ($FF72): OK
  tests/name_test.c:115: find_name("PRINT")
        name_table_ptr ($FF5F):
        0000 FF5F  05 50 52 49 CE 00 05 4C 49 53 D4 08 50 52 49 4E  .PRIÎ..LISÔ.PRIN
        0010 FF6F  54 45 D2 00 08 50 52 49 4E 54 45 D2 00 05 4C 49  TEÒ..PRINTEÒ..LI
  tests/name_test.c:76: assert err (1, $1) != 0 (0, $0): OK
  tests/name_test.c:77: assert index (1, $1) == expect_index (1, $1): OK
  tests/name_test.c:79: assert name_ptr ($FF64) == expect_name_ptr ($FF64): OK
  tests/name_test.c:116: find_name("PRINT")
        name_table_ptr ($FF54):
        0000 FF54  05 4C 49 53 D4 05 50 52 49 CE 00 05 50 52 49 CE  .LISÔ.PRIÎ..PRIÎ
        0010 FF64  00 05 4C 49 53 D4 08 50 52 49 4E 54 45 D2 00 08  ..LISÔ.PRINTEÒ..
  tests/name_test.c:76: assert err (1, $1) != 0 (0, $0): OK
  tests/name_test.c:77: assert index (2, $2) == expect_index (2, $2): OK
  tests/name_test.c:79: assert name_ptr ($FF5E) == expect_name_ptr ($FF5E): OK
test_find_name_operators:
  tests/name_test.c:127: find_name(">=")
        name_table_ptr ($FFB8):
        0000 FFB8  03 3E BD 00 00 00 00 00 00 00 00 00 00 00 00 00  .>½.............
        0010 FFC8  00 00 00 00 FF FF FF FF FF FF FF FF FF FF FF FF  ....ÿÿÿÿÿÿÿÿÿÿÿÿ
  tests/name_test.c:64: assert err (0, $0) == 0 (0, $0): OK
  tests/name_test.c:65: assert index (0, $0) == expect_index (0, $0): OK
  tests/name_test.c:66: assert name_ptr ($FFBB) == expect_name_ptr ($FFBB): OK
  tests/name_test.c:128: find_name(">=")
        name_table_ptr ($FFB2):
        0000 FFB2  02 BE 03 3E BD 00 03 3E BD 00 00 00 00 00 00 00  .¾.>½..>½.......
        0010 FFC2  00 00 00 00 00 00 00 00 00 00 FF FF FF FF FF FF  ..........ÿÿÿÿÿÿ
  tests/name_test.c:64: assert err (0, $0) == 0 (0, $0): OK
  tests/name_test.c:65: assert index (1, $1) == expect_index (1, $1): OK
  tests/name_test.c:66: assert name_ptr ($FFB7) == expect_name_ptr ($FFB7): OK
  tests/name_test.c:129: find_name(">")
        name_table_ptr ($FFB2):
        0000 FFB2  02 BE 03 3E BD 00 03 3E BD 00 00 00 00 00 00 00  .¾.>½..>½.......
        0010 FFC2  00 00 00 00 00 00 00 00 00 00 FF FF FF FF FF FF  ..........ÿÿÿÿÿÿ
  tests/name_test.c:64: assert err (0, $0) == 0 (0, $0): OK
  tests/name_test.c:65: assert index (0, $0) == expect_index (0, $0): OK
  tests/name_test.c:66: assert name_ptr ($FFB4) == expect_name_ptr ($FFB4): OK
  tests/name_test.c:130: find_name(">=")
        name_table_ptr ($FFAA):
        0000 FFAA  02 BD 03 3E BD 02 BE 00 02 BE 03 3E BD 00 03 3E  .½.>½.¾..¾.>½..>
        0010 FFBA  BD 00 00 00 00 00 00 00 00 00 00 00 00 00 00 00  ½...............
  tests/name_test.c:64: assert err (0, $0) == 0 (0, $0): OK
  tests/name_test.c:65: assert index (1, $1) == expect_index (1, $1): OK
  tests/name_test.c:66: assert name_ptr ($FFAF) == expect_name_ptr ($FFAF): OK
  tests/name_test.c:131: find_name(">")
        name_table_ptr ($FFAA):
        0000 FFAA  02 BD 03 3E BD 02 BE 00 02 BE 03 3E BD 00 03 3E  .½.>½.¾..¾.>½..>
        0010 FFBA  BD 00 00 00 00 00 00 00 00 00 00 00 00 00 00 00  ½...............
  tests/name_test.c:64: assert err (0, $0) == 0 (0, $0): OK
  tests/name_test.c:65: assert index (2, $2) == expect_index (2, $2): OK
  tests/name_test.c:66: assert name_ptr ($FFB1) == expect_name_ptr ($FFB1): OK
test_get_name:
  tests/name_test.c:147: assert err (0, $0) == 0 (0, $0): OK
  tests/name_test.c:148: assert name_ptr (65434, $FF9A) == name_table + 1 (65434, $FF9A): OK
  tests/name_test.c:151: assert err (0, $0) == 0 (0, $0): OK
  tests/name_test.c:152: assert name_ptr (65440, $FFA0) == name_table + 6 + 1 (65440, $FFA0): OK
  tests/name_test.c:155: assert err (0, $0) == 0 (0, $0): OK
  tests/name_test.c:156: assert name_ptr (65448, $FFA8) == name_table + 6 + 8 + 1 (65448, $FFA8): OK
  tests/name_test.c:159: assert err (0, $0) == 0 (0, $0): OK
  tests/name_test.c:160: assert name_ptr (65461, $FFB5) == name_table + 6 + 8 + 13 + 1 (65461, $FFB5): OK
  tests/name_test.c:163: assert err (1, $1) != 0 (0, $0): OK
  tests/name_test.c:164: assert name_ptr (65467, $FFBB) == name_table + 6 + 8 + 13 + 7 (65467, $FFBB): OK
test_add_variable:
  tests/name_test.c:174: assert variable_name_table_ptr[0] (0, $0) == 0 (0, $0): OK
  tests/name_test.c:175: assert array_name_table_ptr ($941E) == variable_name_table_ptr + 1 ($941E): OK
  tests/name_test.c:179: find_name("X")
        name_table_ptr ($941D):
        0000 941D  00 00 FF FF FF FF FF FF FF FF FF FF FF FF FF FF  ..ÿÿÿÿÿÿÿÿÿÿÿÿÿÿ
        0010 942D  FF FF FF FF FF FF FF FF FF FF FF FF FF FF FF FF  ÿÿÿÿÿÿÿÿÿÿÿÿÿÿÿÿ
  tests/name_test.c:76: assert err (1, $1) != 0 (0, $0): OK
  tests/name_test.c:77: assert index (0, $0) == expect_index (0, $0): OK
  tests/name_test.c:79: assert name_ptr ($941D) == expect_name_ptr ($941D): OK
        variable_name_table_ptr ($941D):
        0000 941D  07 D8 00 00 00 00 00 00 00                       .Ø.......       
  tests/name_test.c:182: assert err (0, $0) == 0 (0, $0): OK
  tests/name_test.c:183: assert variable_name_table_ptr[0] (7, $7) == 7 (7, $7): OK
  tests/name_test.c:184: assert variable_name_table_ptr[1] (216, $D8) == 'X' | 0x80 (216, $D8): OK
  tests/name_test.c:185: assert variable_name_table_ptr[2] (0, $0) == 0 (0, $0): OK
  tests/name_test.c:186: assert variable_name_table_ptr[7] (0, $0) == 0 (0, $0): OK
  tests/name_test.c:187: assert name_ptr ($941F) == variable_name_table_ptr + 2 ($941F): OK
  tests/name_test.c:188: assert array_name_table_ptr ($9425) == variable_name_table_ptr + 7 + 1 ($9425): OK
  tests/name_test.c:191: find_name("X")
        name_table_ptr ($941D):
        0000 941D  07 D8 00 00 00 00 00 00 00 FF FF FF FF FF FF FF  .Ø.......ÿÿÿÿÿÿÿ
        0010 942D  FF FF FF FF FF FF FF FF FF FF FF FF FF FF FF FF  ÿÿÿÿÿÿÿÿÿÿÿÿÿÿÿÿ
  tests/name_test.c:64: assert err (0, $0) == 0 (0, $0): OK
  tests/name_test.c:65: assert index (0, $0) == expect_index (0, $0): OK
  tests/name_test.c:66: assert name_ptr ($941F) == expect_name_ptr ($941F): OK
  tests/name_test.c:194: find_name("AB")
        name_table_ptr ($941D):
        0000 941D  07 D8 00 00 00 00 00 00 00 FF FF FF FF FF FF FF  .Ø.......ÿÿÿÿÿÿÿ
        0010 942D  FF FF FF FF FF FF FF FF FF FF FF FF FF FF FF FF  ÿÿÿÿÿÿÿÿÿÿÿÿÿÿÿÿ
  tests/name_test.c:76: assert err (1, $1) != 0 (0, $0): OK
  tests/name_test.c:77: assert index (1, $1) == expect_index (1, $1): OK
  tests/name_test.c:79: assert name_ptr ($9424) == expect_name_ptr ($9424): OK
        variable_name_table_ptr ($941D):
        0000 941D  07 D8 00 00 00 00 00 08 41 C2 00 00 00 00 00 00  .Ø......AÂ......
        0010 942D  00                                               .               
  tests/name_test.c:197: assert err (0, $0) == 0 (0, $0): OK
  tests/name_test.c:198: assert variable_name_table_ptr[7] (8, $8) == 8 (8, $8): OK
  tests/name_test.c:199: assert variable_name_table_ptr[8] (65, $41) == 'A' (65, $41): OK
  tests/name_test.c:200: assert variable_name_table_ptr[9] (194, $C2) == 'B' | 0x80 (194, $C2): OK
  tests/name_test.c:201: assert variable_name_table_ptr[10] (0, $0) == 0 (0, $0): OK
  tests/name_test.c:202: assert variable_name_table_ptr[15] (0, $0) == 0 (0, $0): OK
  tests/name_test.c:203: assert name_ptr ($9427) == variable_name_table_ptr + 7 + 3 ($9427): OK
  tests/name_test.c:204: assert array_name_table_ptr ($942D) == variable_name_table_ptr + 7 + 8 + 1 ($942D): OK
  tests/name_test.c:206: find_name("Y")
        name_table_ptr ($941D):
        0000 941D  07 D8 00 00 00 00 00 08 41 C2 00 00 00 00 00 00  .Ø......AÂ......
        0010 942D  00 FF FF FF FF FF FF FF FF FF FF FF FF FF FF FF  .ÿÿÿÿÿÿÿÿÿÿÿÿÿÿÿ
  tests/name_test.c:76: assert err (1, $1) != 0 (0, $0): OK
  tests/name_test.c:77: assert index (2, $2) == expect_index (2, $2): OK
  tests/name_test.c:79: assert name_ptr ($942C) == expect_name_ptr ($942C): OK
        variable_name_table_ptr ($941D):
        0000 941D  07 D8 00 00 00 00 00 08 41 C2 00 00 00 00 00 07  .Ø......AÂ......
        0010 942D  D9 00 00 00 00 00 00                             Ù......         
  tests/name_test.c:210: find_name("X")
        name_table_ptr ($941D):
        0000 941D  07 D8 00 00 00 00 00 08 41 C2 00 00 00 00 00 07  .Ø......AÂ......
        0010 942D  D9 00 00 00 00 00 00 00 FF FF FF FF FF FF FF FF  Ù.......ÿÿÿÿÿÿÿÿ
  tests/name_test.c:64: assert err (0, $0) == 0 (0, $0): OK
  tests/name_test.c:65: assert index (0, $0) == expect_index (0, $0): OK
  tests/name_test.c:66: assert name_ptr ($941F) == expect_name_ptr ($941F): OK
  tests/name_test.c:211: find_name("AB")
        name_table_ptr ($941D):
        0000 941D  07 D8 00 00 00 00 00 08 41 C2 00 00 00 00 00 07  .Ø......AÂ......
        0010 942D  D9 00 00 00 00 00 00 00 FF FF FF FF FF FF FF FF  Ù.......ÿÿÿÿÿÿÿÿ
  tests/name_test.c:64: assert err (0, $0) == 0 (0, $0): OK
  tests/name_test.c:65: assert index (1, $1) == expect_index (1, $1): OK
  tests/name_test.c:66: assert name_ptr ($9427) == expect_name_ptr ($9427): OK
  tests/name_test.c:212: find_name("Y")
        name_table_ptr ($941D):
        0000 941D  07 D8 00 00 00 00 00 08 41 C2 00 00 00 00 00 07  .Ø......AÂ......
        0010 942D  D9 00 00 00 00 00 00 00 FF FF FF FF FF FF FF FF  Ù.......ÿÿÿÿÿÿÿÿ
  tests/name_test.c:64: assert err (0, $0) == 0 (0, $0): OK
  tests/name_test.c:65: assert index (2, $2) == expect_index (2, $2): OK
  tests/name_test.c:66: assert name_ptr ($942E) == expect_name_ptr ($942E): OK
  tests/name_test.c:214: assert array_name_table_ptr ($9434) == variable_name_table_ptr + 7 + 8 + 7 + 1 ($9434): OK
test_imul_16:
  tests/name_test.c:228: assert err (0, $0) == 0 (0, $0): OK
  tests/name_test.c:229: assert result (0, $0) == 0 (0, $0): OK
  tests/name_test.c:231: assert err (0, $0) == 0 (0, $0): OK
  tests/name_test.c:232: assert result (0, $0) == 0 (0, $0): OK
  tests/name_test.c:234: assert err (0, $0) == 0 (0, $0): OK
  tests/name_test.c:235: assert result (1, $1) == 1 (1, $1): OK
  tests/name_test.c:237: assert err (0, $0) == 0 (0, $0): OK
  tests/name_test.c:238: assert result (2, $2) == 2 (2, $2): OK
  tests/name_test.c:240: assert err (0, $0) == 0 (0, $0): OK
  tests/name_test.c:241: assert result (2, $2) == 2 (2, $2): OK
  tests/name_test.c:243: assert err (0, $0) == 0 (0, $0): OK
  tests/name_test.c:244: assert result (4, $4) == 4 (4, $4): OK
  tests/name_test.c:246: assert err (0, $0) == 0 (0, $0): OK
  tests/name_test.c:247: assert result (135, $87) == 135 (135, $87): OK
  tests/name_test.c:249: assert err (0, $0) == 0 (0, $0): OK
  tests/name_test.c:250: assert result (9000, $2328) == 9000 (9000, $2328): OK
  tests/name_test.c:252: assert err (0, $0) == 0 (0, $0): OK
  tests/name_test.c:253: assert result (32767, $7FFF) == 32767 (32767, $7FFF): OK
  tests/name_test.c:255: assert err (0, $0) == 0 (0, $0): OK
  tests/name_test.c:256: assert result (-2, $FFFFFFFE) == -2 (-2, $FFFFFFFE): OK
  tests/name_test.c:259: assert err (1, $1) != 0 (0, $0): OK
  tests/name_test.c:261: assert err (1, $1) != 0 (0, $0): OK
test_dimension_array:
  tests/name_test.c:308: assert array_name_table_ptr[0] (0, $0) == 0 (0, $0): OK
  tests/name_test.c:309: assert free_ptr ($941F) == array_name_table_ptr + 1 ($941F): OK
  tests/name_test.c:316: assert decode_name_type (0, $0) == 0x00 (0, $0): OK
  tests/name_test.c:317: assert decode_name_arity (-1, $FFFFFFFF) == -1 (-1, $FFFFFFFF): OK
  tests/name_test.c:319: assert err (1, $1) != 0 (0, $0): OK
  tests/name_test.c:320: assert index (0, $0) == 0 (0, $0): OK
  tests/name_test.c:324: assert decode_name_arity (1, $1) == 1 (1, $1): OK
  tests/name_test.c:327: assert stack_pos (186, $BA) == 192 - 6 (186, $BA): OK
  tests/name_test.c:331: assert err (0, $0) == 0 (0, $0): OK
        array_name_table_ptr ($941E):
        0000 941E  80 1A D8 01 14 00 00 00 00 00 00 00 00 00 00 00  €.Ø.............
        0010 942E  00 00 00 00 00 00 00 00 00 00 00 FF FF FF FF FF  ...........ÿÿÿÿÿ
        0020 943E  FF FF FF FF FF FF FF FF FF FF FF FF FF FF FF FF  ÿÿÿÿÿÿÿÿÿÿÿÿÿÿÿÿ
        0030 944E  FF FF FF FF FF FF FF FF FF FF FF FF FF FF FF FF  ÿÿÿÿÿÿÿÿÿÿÿÿÿÿÿÿ
  tests/name_test.c:343: assert free_ptr ($9439) == array_name_table_ptr + 26 + 1 ($9439): OK
  tests/name_test.c:344: assert 27 byte(s) memory equals:
        array_name_table_ptr ($941E):
        0000 941E  80 1A D8 01 14 00 00 00 00 00 00 00 00 00 00 00  €.Ø.............
        0010 942E  00 00 00 00 00 00 00 00 00 00 00                 ...........     
        expect_array_data_1 ($FF91):
        0000 FF91  80 1A D8 01 14 00 00 00 00 00 00 00 00 00 00 00  €.Ø.............
        0010 FFA1  00 00 00 00 00 00 00 00 00 00 00                 ...........     
OK
  tests/name_test.c:351: assert decode_name_type (0, $0) == 0x00 (0, $0): OK
  tests/name_test.c:352: assert decode_name_arity (-1, $FFFFFFFF) == -1 (-1, $FFFFFFFF): OK
  tests/name_test.c:354: assert err (1, $1) != 0 (0, $0): OK
  tests/name_test.c:355: assert index (1, $1) == 1 (1, $1): OK
  tests/name_test.c:359: assert decode_name_arity (2, $2) == 2 (2, $2): OK
  tests/name_test.c:362: assert stack_pos (180, $B4) == 192 - 12 (180, $B4): OK
  tests/name_test.c:366: assert err (0, $0) == 0 (0, $0): OK
        array_name_table_ptr ($941E):
        0000 941E  80 1A D8 01 14 00 00 00 00 00 00 00 00 00 00 00  €.Ø.............
        0010 942E  00 00 00 00 00 00 00 00 00 00 83 14 D9 02 1E 00  ..........ƒ.Ù...
        0020 943E  0C 03 00 00 00 00 00 00 00 00 00 00 00 00 00 00  ................
        0030 944E  00 00 00 00 00 00 00 00 00 00 00 00 00 00 00 00  ................
  tests/name_test.c:378: assert free_ptr ($974D) == array_name_table_ptr + 26 + 788 + 1 ($974D): OK
  tests/name_test.c:379: assert 8 byte(s) memory equals:
        array_name_table_ptr + 26 ($9438):
        0000 9438  83 14 D9 02 1E 00 0C 03                          ƒ.Ù.....        
        expect_array_data_2 ($FF89):
        0000 FF89  83 14 D9 02 1E 00 0C 03                          ƒ.Ù.....        
OK
  tests/name_test.c:386: assert decode_name_type (1, $1) == 0x01 (1, $1): OK
  tests/name_test.c:387: assert decode_name_arity (-1, $FFFFFFFF) == -1 (-1, $FFFFFFFF): OK
  tests/name_test.c:389: assert err (1, $1) != 0 (0, $0): OK
  tests/name_test.c:390: assert index (2, $2) == 2 (2, $2): OK
  tests/name_test.c:394: assert decode_name_arity (1, $1) == 1 (1, $1): OK
  tests/name_test.c:397: assert stack_pos (186, $BA) == 192 - 6 (186, $BA): OK
  tests/name_test.c:401: assert err (0, $0) == 0 (0, $0): OK
        array_name_table_ptr ($941E):
        0000 941E  80 1A D8 01 14 00 00 00 00 00 00 00 00 00 00 00  €.Ø.............
        0010 942E  00 00 00 00 00 00 00 00 00 00 83 14 D9 02 1E 00  ..........ƒ.Ù...
        0020 943E  0C 03 00 00 00 00 00 00 00 00 00 00 00 00 00 00  ................
        0030 944E  00 00 00 00 00 00 00 00 00 00 00 00 00 00 00 00  ................
  tests/name_test.c:407: assert free_ptr ($9760) == array_name_table_ptr + 26 + 788 + 19 + 1 ($9760): OK
  tests/name_test.c:408: assert 20 byte(s) memory equals:
        array_name_table_ptr + 26 + 788 ($974C):
        0000 974C  80 13 41 A4 01 0C 00 00 00 00 00 00 00 00 00 00  €.A¤............
        0010 975C  00 00 00 00                                      ....            
        expect_array_data_3 ($FF75):
        0000 FF75  80 13 41 A4 01 0C 00 00 00 00 00 00 00 00 00 00  €.A¤............
        0010 FF85  00 00 00 00                                      ....            
OK
test_find_array_element:
  tests/name_test.c:455: assert err (1, $1) != 0 (0, $0): OK
  tests/name_test.c:456: assert index (0, $0) == 0 (0, $0): OK
  tests/name_test.c:459: assert err (0, $0) == 0 (0, $0): OK
  tests/name_test.c:464: find_array_element()
  tests/name_test.c:419: assert decode_name_type (0, $0) == 0x00 (0, $0): OK
  tests/name_test.c:420: assert decode_name_arity (-1, $FFFFFFFF) == -1 (-1, $FFFFFFFF): OK
  tests/name_test.c:422: assert err (0, $0) == 0 (0, $0): OK
  tests/name_test.c:423: assert index (0, $0) == expect_index (0, $0): OK
  tests/name_test.c:427: assert err (0, $0) == 0 (0, $0): OK
  tests/name_test.c:428: assert name_ptr ($9424) == expect_name_ptr ($9424): OK
  tests/name_test.c:465: find_array_element()
  tests/name_test.c:419: assert decode_name_type (0, $0) == 0x00 (0, $0): OK
  tests/name_test.c:420: assert decode_name_arity (-1, $FFFFFFFF) == -1 (-1, $FFFFFFFF): OK
  tests/name_test.c:422: assert err (0, $0) == 0 (0, $0): OK
  tests/name_test.c:423: assert index (0, $0) == expect_index (0, $0): OK
  tests/name_test.c:427: assert err (0, $0) == 0 (0, $0): OK
  tests/name_test.c:428: assert name_ptr ($9429) == expect_name_ptr ($9429): OK
  tests/name_test.c:466: find_array_element()
  tests/name_test.c:419: assert decode_name_type (0, $0) == 0x00 (0, $0): OK
  tests/name_test.c:420: assert decode_name_arity (-1, $FFFFFFFF) == -1 (-1, $FFFFFFFF): OK
  tests/name_test.c:422: assert err (0, $0) == 0 (0, $0): OK
  tests/name_test.c:423: assert index (0, $0) == expect_index (0, $0): OK
  tests/name_test.c:427: assert err (0, $0) == 0 (0, $0): OK
  tests/name_test.c:428: assert name_ptr ($9433) == expect_name_ptr ($9433): OK
  tests/name_test.c:472: assert err (1, $1) != 0 (0, $0): OK
  tests/name_test.c:473: assert index (1, $1) == 1 (1, $1): OK
  tests/name_test.c:476: assert err (0, $0) == 0 (0, $0): OK
  tests/name_test.c:480: find_array_element()
  tests/name_test.c:419: assert decode_name_type (0, $0) == 0x00 (0, $0): OK
  tests/name_test.c:420: assert decode_name_arity (-1, $FFFFFFFF) == -1 (-1, $FFFFFFFF): OK
  tests/name_test.c:422: assert err (0, $0) == 0 (0, $0): OK
  tests/name_test.c:423: assert index (1, $1) == expect_index (1, $1): OK
  tests/name_test.c:427: assert err (0, $0) == 0 (0, $0): OK
  tests/name_test.c:428: assert name_ptr ($9440) == expect_name_ptr ($9440): OK
  tests/name_test.c:482: find_array_element()
  tests/name_test.c:419: assert decode_name_type (0, $0) == 0x00 (0, $0): OK
  tests/name_test.c:420: assert decode_name_arity (-1, $FFFFFFFF) == -1 (-1, $FFFFFFFF): OK
  tests/name_test.c:422: assert err (0, $0) == 0 (0, $0): OK
  tests/name_test.c:423: assert index (1, $1) == expect_index (1, $1): OK
  tests/name_test.c:427: assert err (0, $0) == 0 (0, $0): OK
  tests/name_test.c:428: assert name_ptr ($9463) == expect_name_ptr ($9463): OK
  tests/name_test.c:490: assert err (139, $8B) != 0 (0, $0): OK
sim65 tests/parser_test
test_pvm_number:
  tests/parser_test.c:46: parse_pvm("1")
  tests/parser_test.c:16: assert err (0, $0) == 0 (0, $0): OK
  tests/parser_test.c:17: assert buffer_pos (1, $1) == expect_buffer_pos (1, $1): OK
  tests/parser_test.c:19: assert 1 byte(s) memory equals:
        line_buffer.data ($0303):
        0000 0303  31                                               1               
        expect_line_data ($FFBB):
        0000 FFBB  31                                               1               
OK
  tests/parser_test.c:21: assert line_pos (4, $4) == (size_t) (&((Line*) 0)->data) + expect_line_data_length (4, $4): OK
  tests/parser_test.c:47: parse_pvm("91")
  tests/parser_test.c:16: assert err (0, $0) == 0 (0, $0): OK
  tests/parser_test.c:17: assert buffer_pos (2, $2) == expect_buffer_pos (2, $2): OK
  tests/parser_test.c:19: assert 2 byte(s) memory equals:
        line_buffer.data ($0303):
        0000 0303  39 31                                            91              
        expect_line_data ($FFB9):
        0000 FFB9  39 31                                            91              
OK
  tests/parser_test.c:21: assert line_pos (5, $5) == (size_t) (&((Line*) 0)->data) + expect_line_data_length (5, $5): OK
  tests/parser_test.c:48: parse_pvm("91X")
  tests/parser_test.c:16: assert err (0, $0) == 0 (0, $0): OK
  tests/parser_test.c:17: assert buffer_pos (2, $2) == expect_buffer_pos (2, $2): OK
  tests/parser_test.c:19: assert 2 byte(s) memory equals:
        line_buffer.data ($0303):
        0000 0303  39 31                                            91              
        expect_line_data ($FFB9):
        0000 FFB9  39 31                                            91              
OK
  tests/parser_test.c:21: assert line_pos (5, $5) == (size_t) (&((Line*) 0)->data) + expect_line_data_length (5, $5): OK
  tests/parser_test.c:49: parse_pvm("  91")
  tests/parser_test.c:16: assert err (0, $0) == 0 (0, $0): OK
  tests/parser_test.c:17: assert buffer_pos (4, $4) == expect_buffer_pos (4, $4): OK
  tests/parser_test.c:19: assert 2 byte(s) memory equals:
        line_buffer.data ($0303):
        0000 0303  39 31                                            91              
        expect_line_data ($FFB9):
        0000 FFB9  39 31                                            91              
OK
  tests/parser_test.c:21: assert line_pos (5, $5) == (size_t) (&((Line*) 0)->data) + expect_line_data_length (5, $5): OK
  tests/parser_test.c:50: parse_pvm("-100")
  tests/parser_test.c:16: assert err (0, $0) == 0 (0, $0): OK
  tests/parser_test.c:17: assert buffer_pos (4, $4) == expect_buffer_pos (4, $4): OK
  tests/parser_test.c:19: assert 4 byte(s) memory equals:
        line_buffer.data ($0303):
        0000 0303  2D 31 30 30                                      -100            
        expect_line_data ($FFB5):
        0000 FFB5  2D 31 30 30                                      -100            
OK
  tests/parser_test.c:21: assert line_pos (7, $7) == (size_t) (&((Line*) 0)->data) + expect_line_data_length (7, $7): OK
  tests/parser_test.c:51: parse_pvm("  -100")
  tests/parser_test.c:16: assert err (0, $0) == 0 (0, $0): OK
  tests/parser_test.c:17: assert buffer_pos (6, $6) == expect_buffer_pos (6, $6): OK
  tests/parser_test.c:19: assert 4 byte(s) memory equals:
        line_buffer.data ($0303):
        0000 0303  2D 31 30 30                                      -100            
        expect_line_data ($FFB5):
        0000 FFB5  2D 31 30 30                                      -100            
OK
  tests/parser_test.c:21: assert line_pos (7, $7) == (size_t) (&((Line*) 0)->data) + expect_line_data_length (7, $7): OK
  tests/parser_test.c:52: parse_pvm("3.14159")
  tests/parser_test.c:16: assert err (0, $0) == 0 (0, $0): OK
  tests/parser_test.c:17: assert buffer_pos (7, $7) == expect_buffer_pos (7, $7): OK
  tests/parser_test.c:19: assert 7 byte(s) memory equals:
        line_buffer.data ($0303):
        0000 0303  33 2E 31 34 31 35 39                             3.14159         
        expect_line_data ($FFAE):
        0000 FFAE  33 2E 31 34 31 35 39                             3.14159         
OK
  tests/parser_test.c:21: assert line_pos (10, $A) == (size_t) (&((Line*) 0)->data) + expect_line_data_length (10, $A): OK
  tests/parser_test.c:53: parse_pvm("3.")
  tests/parser_test.c:16: assert err (0, $0) == 0 (0, $0): OK
  tests/parser_test.c:17: assert buffer_pos (2, $2) == expect_buffer_pos (2, $2): OK
  tests/parser_test.c:19: assert 2 byte(s) memory equals:
        line_buffer.data ($0303):
        0000 0303  33 2E                                            3.              
        expect_line_data ($FFAC):
        0000 FFAC  33 2E                                            3.              
OK
  tests/parser_test.c:21: assert line_pos (5, $5) == (size_t) (&((Line*) 0)->data) + expect_line_data_length (5, $5): OK
  tests/parser_test.c:54: parse_pvm("98.6")
  tests/parser_test.c:16: assert err (0, $0) == 0 (0, $0): OK
  tests/parser_test.c:17: assert buffer_pos (4, $4) == expect_buffer_pos (4, $4): OK
  tests/parser_test.c:19: assert 4 byte(s) memory equals:
        line_buffer.data ($0303):
        0000 0303  39 38 2E 36                                      98.6            
        expect_line_data ($FFA8):
        0000 FFA8  39 38 2E 36                                      98.6            
OK
  tests/parser_test.c:21: assert line_pos (7, $7) == (size_t) (&((Line*) 0)->data) + expect_line_data_length (7, $7): OK
  tests/parser_test.c:55: parse_pvm(".350")
  tests/parser_test.c:16: assert err (0, $0) == 0 (0, $0): OK
  tests/parser_test.c:17: assert buffer_pos (4, $4) == expect_buffer_pos (4, $4): OK
  tests/parser_test.c:19: assert 4 byte(s) memory equals:
        line_buffer.data ($0303):
        0000 0303  2E 33 35 30                                      .350            
        expect_line_data ($FFA4):
        0000 FFA4  2E 33 35 30                                      .350            
OK
  tests/parser_test.c:21: assert line_pos (7, $7) == (size_t) (&((Line*) 0)->data) + expect_line_data_length (7, $7): OK
  tests/parser_test.c:56: parse_pvm("-.5")
  tests/parser_test.c:16: assert err (0, $0) == 0 (0, $0): OK
  tests/parser_test.c:17: assert buffer_pos (3, $3) == expect_buffer_pos (3, $3): OK
  tests/parser_test.c:19: assert 3 byte(s) memory equals:
        line_buffer.data ($0303):
        0000 0303  2D 2E 35                                         -.5             
        expect_line_data ($FFA1):
        0000 FFA1  2D 2E 35                                         -.5             
OK
  tests/parser_test.c:21: assert line_pos (6, $6) == (size_t) (&((Line*) 0)->data) + expect_line_data_length (6, $6): OK
  tests/parser_test.c:57: parse_pvm("10E5")
  tests/parser_test.c:16: assert err (0, $0) == 0 (0, $0): OK
  tests/parser_test.c:17: assert buffer_pos (4, $4) == expect_buffer_pos (4, $4): OK
  tests/parser_test.c:19: assert 4 byte(s) memory equals:
        line_buffer.data ($0303):
        0000 0303  31 30 45 35                                      10E5            
        expect_line_data ($FF9D):
        0000 FF9D  31 30 45 35                                      10E5            
OK
  tests/parser_test.c:21: assert line_pos (7, $7) == (size_t) (&((Line*) 0)->data) + expect_line_data_length (7, $7): OK
  tests/parser_test.c:58: parse_pvm("10.E5")
  tests/parser_test.c:16: assert err (0, $0) == 0 (0, $0): OK
  tests/parser_test.c:17: assert buffer_pos (5, $5) == expect_buffer_pos (5, $5): OK
  tests/parser_test.c:19: assert 5 byte(s) memory equals:
        line_buffer.data ($0303):
        0000 0303  31 30 2E 45 35                                   10.E5           
        expect_line_data ($FF98):
        0000 FF98  31 30 2E 45 35                                   10.E5           
OK
  tests/parser_test.c:21: assert line_pos (8, $8) == (size_t) (&((Line*) 0)->data) + expect_line_data_length (8, $8): OK
  tests/parser_test.c:59: parse_pvm(".10E5")
  tests/parser_test.c:16: assert err (0, $0) == 0 (0, $0): OK
  tests/parser_test.c:17: assert buffer_pos (5, $5) == expect_buffer_pos (5, $5): OK
  tests/parser_test.c:19: assert 5 byte(s) memory equals:
        line_buffer.data ($0303):
        0000 0303  2E 31 30 45 35                                   .10E5           
        expect_line_data ($FF93):
        0000 FF93  2E 31 30 45 35                                   .10E5           
OK
  tests/parser_test.c:21: assert line_pos (8, $8) == (size_t) (&((Line*) 0)->data) + expect_line_data_length (8, $8): OK
  tests/parser_test.c:60: parse_pvm("10E-5")
  tests/parser_test.c:16: assert err (0, $0) == 0 (0, $0): OK
  tests/parser_test.c:17: assert buffer_pos (5, $5) == expect_buffer_pos (5, $5): OK
  tests/parser_test.c:19: assert 5 byte(s) memory equals:
        line_buffer.data ($0303):
        0000 0303  31 30 45 2D 35                                   10E-5           
        expect_line_data ($FF8E):
        0000 FF8E  31 30 45 2D 35                                   10E-5           
OK
  tests/parser_test.c:21: assert line_pos (8, $8) == (size_t) (&((Line*) 0)->data) + expect_line_data_length (8, $8): OK
test_pvm_string:
  tests/parser_test.c:72: parse_pvm(""HELLO"")
  tests/parser_test.c:16: assert err (0, $0) == 0 (0, $0): OK
  tests/parser_test.c:17: assert buffer_pos (7, $7) == expect_buffer_pos (7, $7): OK
  tests/parser_test.c:19: assert 7 byte(s) memory equals:
        line_buffer.data ($0303):
        0000 0303  22 48 45 4C 4C 4F 22                             "HELLO"         
        expect_line_data ($FFB5):
        0000 FFB5  22 48 45 4C 4C 4F 22                             "HELLO"         
OK
  tests/parser_test.c:21: assert line_pos (10, $A) == (size_t) (&((Line*) 0)->data) + expect_line_data_length (10, $A): OK
  tests/parser_test.c:73: parse_pvm("""")
  tests/parser_test.c:16: assert err (0, $0) == 0 (0, $0): OK
  tests/parser_test.c:17: assert buffer_pos (2, $2) == expect_buffer_pos (2, $2): OK
  tests/parser_test.c:19: assert 2 byte(s) memory equals:
        line_buffer.data ($0303):
        0000 0303  22 22                                            ""              
        expect_line_data ($FFB3):
        0000 FFB3  22 22                                            ""              
OK
  tests/parser_test.c:21: assert line_pos (5, $5) == (size_t) (&((Line*) 0)->data) + expect_line_data_length (5, $5): OK
  tests/parser_test.c:74: parse_pvm("  """)
  tests/parser_test.c:16: assert err (0, $0) == 0 (0, $0): OK
  tests/parser_test.c:17: assert buffer_pos (4, $4) == expect_buffer_pos (4, $4): OK
  tests/parser_test.c:19: assert 2 byte(s) memory equals:
        line_buffer.data ($0303):
        0000 0303  22 22                                            ""              
        expect_line_data ($FFB3):
        0000 FFB3  22 22                                            ""              
OK
  tests/parser_test.c:21: assert line_pos (5, $5) == (size_t) (&((Line*) 0)->data) + expect_line_data_length (5, $5): OK
  tests/parser_test.c:75: parse_pvm(""INTERNAL ""QUOTES"""")
  tests/parser_test.c:16: assert err (0, $0) == 0 (0, $0): OK
  tests/parser_test.c:17: assert buffer_pos (21, $15) == expect_buffer_pos (21, $15): OK
  tests/parser_test.c:19: assert 21 byte(s) memory equals:
        line_buffer.data ($0303):
        0000 0303  22 49 4E 54 45 52 4E 41 4C 20 22 22 51 55 4F 54  "INTERNAL ""QUOT
        0010 0313  45 53 22 22 22                                   ES"""           
        expect_line_data ($FF9E):
        0000 FF9E  22 49 4E 54 45 52 4E 41 4C 20 22 22 51 55 4F 54  "INTERNAL ""QUOT
        0010 FFAE  45 53 22 22 22                                   ES"""           
OK
  tests/parser_test.c:21: assert line_pos (24, $18) == (size_t) (&((Line*) 0)->data) + expect_line_data_length (24, $18): OK
  tests/parser_test.c:76: parse_pvm(""lowercase"")
  tests/parser_test.c:16: assert err (0, $0) == 0 (0, $0): OK
  tests/parser_test.c:17: assert buffer_pos (11, $B) == expect_buffer_pos (11, $B): OK
  tests/parser_test.c:19: assert 11 byte(s) memory equals:
        line_buffer.data ($0303):
        0000 0303  22 6C 6F 77 65 72 63 61 73 65 22                 "lowercase"     
        expect_line_data ($FF93):
        0000 FF93  22 6C 6F 77 65 72 63 61 73 65 22                 "lowercase"     
OK
  tests/parser_test.c:21: assert line_pos (14, $E) == (size_t) (&((Line*) 0)->data) + expect_line_data_length (14, $E): OK
test_pvm_name:
  tests/parser_test.c:89: parse_pvm("X")
  tests/parser_test.c:16: assert err (0, $0) == 0 (0, $0): OK
  tests/parser_test.c:17: assert buffer_pos (1, $1) == expect_buffer_pos (1, $1): OK
  tests/parser_test.c:19: assert 1 byte(s) memory equals:
        line_buffer.data ($0303):
        0000 0303  58                                               X               
        expect_line_data ($FFBB):
        0000 FFBB  58                                               X               
OK
  tests/parser_test.c:21: assert line_pos (4, $4) == (size_t) (&((Line*) 0)->data) + expect_line_data_length (4, $4): OK
  tests/parser_test.c:90: parse_pvm("X(")
  tests/parser_test.c:16: assert err (0, $0) == 0 (0, $0): OK
  tests/parser_test.c:17: assert buffer_pos (1, $1) == expect_buffer_pos (1, $1): OK
  tests/parser_test.c:19: assert 1 byte(s) memory equals:
        line_buffer.data ($0303):
        0000 0303  58                                               X               
        expect_line_data ($FFBB):
        0000 FFBB  58                                               X               
OK
  tests/parser_test.c:21: assert line_pos (4, $4) == (size_t) (&((Line*) 0)->data) + expect_line_data_length (4, $4): OK
  tests/parser_test.c:91: parse_pvm("X10")
  tests/parser_test.c:16: assert err (0, $0) == 0 (0, $0): OK
  tests/parser_test.c:17: assert buffer_pos (3, $3) == expect_buffer_pos (3, $3): OK
  tests/parser_test.c:19: assert 3 byte(s) memory equals:
        line_buffer.data ($0303):
        0000 0303  58 31 30                                         X10             
        expect_line_data ($FFB8):
        0000 FFB8  58 31 30                                         X10             
OK
  tests/parser_test.c:21: assert line_pos (6, $6) == (size_t) (&((Line*) 0)->data) + expect_line_data_length (6, $6): OK
  tests/parser_test.c:92: parse_pvm("X_10")
  tests/parser_test.c:16: assert err (0, $0) == 0 (0, $0): OK
  tests/parser_test.c:17: assert buffer_pos (4, $4) == expect_buffer_pos (4, $4): OK
  tests/parser_test.c:19: assert 4 byte(s) memory equals:
        line_buffer.data ($0303):
        0000 0303  58 5F 31 30                                      X_10            
        expect_line_data ($FFB4):
        0000 FFB4  58 5F 31 30                                      X_10            
OK
  tests/parser_test.c:21: assert line_pos (7, $7) == (size_t) (&((Line*) 0)->data) + expect_line_data_length (7, $7): OK
  tests/parser_test.c:93: parse_pvm("X_10X")
  tests/parser_test.c:16: assert err (0, $0) == 0 (0, $0): OK
  tests/parser_test.c:17: assert buffer_pos (5, $5) == expect_buffer_pos (5, $5): OK
  tests/parser_test.c:19: assert 5 byte(s) memory equals:
        line_buffer.data ($0303):
        0000 0303  58 5F 31 30 58                                   X_10X           
        expect_line_data ($FFAF):
        0000 FFAF  58 5F 31 30 58                                   X_10X           
OK
  tests/parser_test.c:21: assert line_pos (8, $8) == (size_t) (&((Line*) 0)->data) + expect_line_data_length (8, $8): OK
  tests/parser_test.c:94: parse_pvm("X9AP")
  tests/parser_test.c:16: assert err (0, $0) == 0 (0, $0): OK
  tests/parser_test.c:17: assert buffer_pos (4, $4) == expect_buffer_pos (4, $4): OK
  tests/parser_test.c:19: assert 4 byte(s) memory equals:
        line_buffer.data ($0303):
        0000 0303  58 39 41 50                                      X9AP            
        expect_line_data ($FFAB):
        0000 FFAB  58 39 41 50                                      X9AP            
OK
  tests/parser_test.c:21: assert line_pos (7, $7) == (size_t) (&((Line*) 0)->data) + expect_line_data_length (7, $7): OK
test_pvm_expression:
  tests/parser_test.c:119: parse_pvm("1")
  tests/parser_test.c:16: assert err (0, $0) == 0 (0, $0): OK
  tests/parser_test.c:17: assert buffer_pos (1, $1) == expect_buffer_pos (1, $1): OK
  tests/parser_test.c:19: assert 1 byte(s) memory equals:
        line_buffer.data ($0303):
        0000 0303  31                                               1               
        expect_line_data ($FFBB):
        0000 FFBB  31                                               1               
OK
  tests/parser_test.c:21: assert line_pos (4, $4) == (size_t) (&((Line*) 0)->data) + expect_line_data_length (4, $4): OK
  tests/parser_test.c:122: parse_pvm("X")
  tests/parser_test.c:16: assert err (0, $0) == 0 (0, $0): OK
  tests/parser_test.c:17: assert buffer_pos (1, $1) == expect_buffer_pos (1, $1): OK
  tests/parser_test.c:19: assert 1 byte(s) memory equals:
        line_buffer.data ($0303):
        0000 0303  D8                                               Ø               
        expect_line_data ($FFBA):
        0000 FFBA  D8                                               Ø               
OK
  tests/parser_test.c:21: assert line_pos (4, $4) == (size_t) (&((Line*) 0)->data) + expect_line_data_length (4, $4): OK
  tests/parser_test.c:123: parse_pvm("S$")
  tests/parser_test.c:16: assert err (0, $0) == 0 (0, $0): OK
  tests/parser_test.c:17: assert buffer_pos (2, $2) == expect_buffer_pos (2, $2): OK
  tests/parser_test.c:19: assert 2 byte(s) memory equals:
        line_buffer.data ($0303):
        0000 0303  53 A4                                            S¤              
        expect_line_data ($FFB8):
        0000 FFB8  53 A4                                            S¤              
OK
  tests/parser_test.c:21: assert line_pos (5, $5) == (size_t) (&((Line*) 0)->data) + expect_line_data_length (5, $5): OK
  tests/parser_test.c:124: parse_pvm("X(5)")
  tests/parser_test.c:16: assert err (0, $0) == 0 (0, $0): OK
  tests/parser_test.c:17: assert buffer_pos (4, $4) == expect_buffer_pos (4, $4): OK
  tests/parser_test.c:19: assert 4 byte(s) memory equals:
        line_buffer.data ($0303):
        0000 0303  D8 28 35 29                                      Ø(5)            
        expect_line_data ($FFB4):
        0000 FFB4  D8 28 35 29                                      Ø(5)            
OK
  tests/parser_test.c:21: assert line_pos (7, $7) == (size_t) (&((Line*) 0)->data) + expect_line_data_length (7, $7): OK
  tests/parser_test.c:125: parse_pvm("S$(1,25)")
  tests/parser_test.c:16: assert err (0, $0) == 0 (0, $0): OK
  tests/parser_test.c:17: assert buffer_pos (8, $8) == expect_buffer_pos (8, $8): OK
  tests/parser_test.c:19: assert 8 byte(s) memory equals:
        line_buffer.data ($0303):
        0000 0303  53 A4 28 31 2C 32 35 29                          S¤(1,25)        
        expect_line_data ($FFAC):
        0000 FFAC  53 A4 28 31 2C 32 35 29                          S¤(1,25)        
OK
  tests/parser_test.c:21: assert line_pos (11, $B) == (size_t) (&((Line*) 0)->data) + expect_line_data_length (11, $B): OK
  tests/parser_test.c:128: parse_pvm("1+1")
  tests/parser_test.c:16: assert err (0, $0) == 0 (0, $0): OK
  tests/parser_test.c:17: assert buffer_pos (3, $3) == expect_buffer_pos (3, $3): OK
  tests/parser_test.c:19: assert 3 byte(s) memory equals:
        line_buffer.data ($0303):
        0000 0303  31 10 31                                         1.1             
        expect_line_data ($FFA9):
        0000 FFA9  31 10 31                                         1.1             
OK
  tests/parser_test.c:21: assert line_pos (6, $6) == (size_t) (&((Line*) 0)->data) + expect_line_data_length (6, $6): OK
  tests/parser_test.c:129: parse_pvm("  1+1")
  tests/parser_test.c:16: assert err (0, $0) == 0 (0, $0): OK
  tests/parser_test.c:17: assert buffer_pos (5, $5) == expect_buffer_pos (5, $5): OK
  tests/parser_test.c:19: assert 3 byte(s) memory equals:
        line_buffer.data ($0303):
        0000 0303  31 10 31                                         1.1             
        expect_line_data ($FFA9):
        0000 FFA9  31 10 31                                         1.1             
OK
  tests/parser_test.c:21: assert line_pos (6, $6) == (size_t) (&((Line*) 0)->data) + expect_line_data_length (6, $6): OK
  tests/parser_test.c:130: parse_pvm("  1  +  1")
  tests/parser_test.c:16: assert err (0, $0) == 0 (0, $0): OK
  tests/parser_test.c:17: assert buffer_pos (9, $9) == expect_buffer_pos (9, $9): OK
  tests/parser_test.c:19: assert 3 byte(s) memory equals:
        line_buffer.data ($0303):
        0000 0303  31 10 31                                         1.1             
        expect_line_data ($FFA9):
        0000 FFA9  31 10 31                                         1.1             
OK
  tests/parser_test.c:21: assert line_pos (6, $6) == (size_t) (&((Line*) 0)->data) + expect_line_data_length (6, $6): OK
  tests/parser_test.c:131: parse_pvm("1+1/2")
  tests/parser_test.c:16: assert err (0, $0) == 0 (0, $0): OK
  tests/parser_test.c:17: assert buffer_pos (5, $5) == expect_buffer_pos (5, $5): OK
  tests/parser_test.c:19: assert 5 byte(s) memory equals:
        line_buffer.data ($0303):
        0000 0303  31 10 31 13 32                                   1.1.2           
        expect_line_data ($FFA4):
        0000 FFA4  31 10 31 13 32                                   1.1.2           
OK
  tests/parser_test.c:21: assert line_pos (8, $8) == (size_t) (&((Line*) 0)->data) + expect_line_data_length (8, $8): OK
  tests/parser_test.c:132: parse_pvm(""A" & "B"")
  tests/parser_test.c:16: assert err (0, $0) == 0 (0, $0): OK
  tests/parser_test.c:17: assert buffer_pos (9, $9) == expect_buffer_pos (9, $9): OK
  tests/parser_test.c:19: assert 7 byte(s) memory equals:
        line_buffer.data ($0303):
        0000 0303  22 41 22 15 22 42 22                             "A"."B"         
        expect_line_data ($FF9D):
        0000 FF9D  22 41 22 15 22 42 22                             "A"."B"         
OK
  tests/parser_test.c:21: assert line_pos (10, $A) == (size_t) (&((Line*) 0)->data) + expect_line_data_length (10, $A): OK
  tests/parser_test.c:133: parse_pvm("X AND Y")
  tests/parser_test.c:16: assert err (0, $0) == 0 (0, $0): OK
  tests/parser_test.c:17: assert buffer_pos (7, $7) == expect_buffer_pos (7, $7): OK
  tests/parser_test.c:19: assert 3 byte(s) memory equals:
        line_buffer.data ($0303):
        0000 0303  D8 1C D9                                         Ø.Ù             
        expect_line_data ($FF9A):
        0000 FF9A  D8 1C D9                                         Ø.Ù             
OK
  tests/parser_test.c:21: assert line_pos (6, $6) == (size_t) (&((Line*) 0)->data) + expect_line_data_length (6, $6): OK
  tests/parser_test.c:136: parse_pvm("1+-A")
  tests/parser_test.c:16: assert err (0, $0) == 0 (0, $0): OK
  tests/parser_test.c:17: assert buffer_pos (4, $4) == expect_buffer_pos (4, $4): OK
  tests/parser_test.c:19: assert 4 byte(s) memory equals:
        line_buffer.data ($0303):
        0000 0303  31 10 04 C1                                      1..Á            
        expect_line_data ($FF96):
        0000 FF96  31 10 04 C1                                      1..Á            
OK
  tests/parser_test.c:21: assert line_pos (7, $7) == (size_t) (&((Line*) 0)->data) + expect_line_data_length (7, $7): OK
  tests/parser_test.c:137: parse_pvm("NOT 1")
  tests/parser_test.c:16: assert err (0, $0) == 0 (0, $0): OK
  tests/parser_test.c:17: assert buffer_pos (5, $5) == expect_buffer_pos (5, $5): OK
  tests/parser_test.c:19: assert 2 byte(s) memory equals:
        line_buffer.data ($0303):
        0000 0303  05 31                                            .1              
        expect_line_data ($FF94):
        0000 FF94  05 31                                            .1              
OK
  tests/parser_test.c:21: assert line_pos (5, $5) == (size_t) (&((Line*) 0)->data) + expect_line_data_length (5, $5): OK
  tests/parser_test.c:140: parse_pvm("1+(1+1)")
  tests/parser_test.c:16: assert err (0, $0) == 0 (0, $0): OK
  tests/parser_test.c:17: assert buffer_pos (7, $7) == expect_buffer_pos (7, $7): OK
  tests/parser_test.c:19: assert 7 byte(s) memory equals:
        line_buffer.data ($0303):
        0000 0303  31 10 28 31 10 31 29                             1.(1.1)         
        expect_line_data ($FF8D):
        0000 FF8D  31 10 28 31 10 31 29                             1.(1.1)         
OK
  tests/parser_test.c:21: assert line_pos (10, $A) == (size_t) (&((Line*) 0)->data) + expect_line_data_length (10, $A): OK
  tests/parser_test.c:141: parse_pvm("X AND (Y OR NOT Z)")
  tests/parser_test.c:16: assert err (0, $0) == 0 (0, $0): OK
  tests/parser_test.c:17: assert buffer_pos (18, $12) == expect_buffer_pos (18, $12): OK
  tests/parser_test.c:19: assert 8 byte(s) memory equals:
        line_buffer.data ($0303):
        0000 0303  D8 1C 28 D9 1D 05 DA 29                          Ø.(Ù..Ú)        
        expect_line_data ($FF85):
        0000 FF85  D8 1C 28 D9 1D 05 DA 29                          Ø.(Ù..Ú)        
OK
  tests/parser_test.c:21: assert line_pos (11, $B) == (size_t) (&((Line*) 0)->data) + expect_line_data_length (11, $B): OK
  tests/parser_test.c:144: parse_pvm("LEN("HELLO")")
  tests/parser_test.c:16: assert err (0, $0) == 0 (0, $0): OK
  tests/parser_test.c:17: assert buffer_pos (12, $C) == expect_buffer_pos (12, $C): OK
  tests/parser_test.c:19: assert 11 byte(s) memory equals:
        line_buffer.data ($0303):
        0000 0303  01 00 28 22 48 45 4C 4C 4F 22 29                 ..("HELLO")     
        expect_line_data ($FF7A):
        0000 FF7A  01 00 28 22 48 45 4C 4C 4F 22 29                 ..("HELLO")     
OK
  tests/parser_test.c:21: assert line_pos (14, $E) == (size_t) (&((Line*) 0)->data) + expect_line_data_length (14, $E): OK
  tests/parser_test.c:145: parse_pvm("MID$("HELLO",2,3)")
  tests/parser_test.c:16: assert err (0, $0) == 0 (0, $0): OK
  tests/parser_test.c:17: assert buffer_pos (17, $11) == expect_buffer_pos (17, $11): OK
  tests/parser_test.c:19: assert 15 byte(s) memory equals:
        line_buffer.data ($0303):
        0000 0303  01 06 28 22 48 45 4C 4C 4F 22 2C 32 2C 33 29     ..("HELLO",2,3) 
        expect_line_data ($FF6B):
        0000 FF6B  01 06 28 22 48 45 4C 4C 4F 22 2C 32 2C 33 29     ..("HELLO",2,3) 
OK
  tests/parser_test.c:21: assert line_pos (18, $12) == (size_t) (&((Line*) 0)->data) + expect_line_data_length (18, $12): OK
  tests/parser_test.c:146: parse_pvm("VER$(0)")
  tests/parser_test.c:16: assert err (0, $0) == 0 (0, $0): OK
  tests/parser_test.c:17: assert buffer_pos (7, $7) == expect_buffer_pos (7, $7): OK
  tests/parser_test.c:19: assert 5 byte(s) memory equals:
        line_buffer.data ($0303):
        0000 0303  01 80 28 30 29                                   .€(0)           
        expect_line_data ($FF66):
        0000 FF66  01 80 28 30 29                                   .€(0)           
OK
  tests/parser_test.c:21: assert line_pos (8, $8) == (size_t) (&((Line*) 0)->data) + expect_line_data_length (8, $8): OK
test_pvm_statement:
  tests/parser_test.c:180: parse_pvm("END")
  tests/parser_test.c:16: assert err (0, $0) == 0 (0, $0): OK
  tests/parser_test.c:17: assert buffer_pos (3, $3) == expect_buffer_pos (3, $3): OK
  tests/parser_test.c:19: assert 1 byte(s) memory equals:
        line_buffer.data ($0303):
        0000 0303  18                                               .               
        expect_line_data ($FFBB):
        0000 FFBB  18                                               .               
OK
  tests/parser_test.c:21: assert line_pos (4, $4) == (size_t) (&((Line*) 0)->data) + expect_line_data_length (4, $4): OK
  tests/parser_test.c:183: parse_pvm("PRINT 1")
  tests/parser_test.c:16: assert err (0, $0) == 0 (0, $0): OK
  tests/parser_test.c:17: assert buffer_pos (7, $7) == expect_buffer_pos (7, $7): OK
  tests/parser_test.c:19: assert 2 byte(s) memory equals:
        line_buffer.data ($0303):
        0000 0303  03 31                                            .1              
        expect_line_data ($FFB9):
        0000 FFB9  03 31                                            .1              
OK
  tests/parser_test.c:21: assert line_pos (5, $5) == (size_t) (&((Line*) 0)->data) + expect_line_data_length (5, $5): OK
  tests/parser_test.c:184: parse_pvm("PRINT 1,"YES";(0)")
  tests/parser_test.c:16: assert err (0, $0) == 0 (0, $0): OK
  tests/parser_test.c:17: assert buffer_pos (17, $11) == expect_buffer_pos (17, $11): OK
  tests/parser_test.c:19: assert 12 byte(s) memory equals:
        line_buffer.data ($0303):
        0000 0303  03 31 2C 22 59 45 53 22 3B 28 30 29              .1,"YES";(0)    
        expect_line_data ($FFAD):
        0000 FFAD  03 31 2C 22 59 45 53 22 3B 28 30 29              .1,"YES";(0)    
OK
  tests/parser_test.c:21: assert line_pos (15, $F) == (size_t) (&((Line*) 0)->data) + expect_line_data_length (15, $F): OK
  tests/parser_test.c:185: parse_pvm("?X")
  tests/parser_test.c:16: assert err (0, $0) == 0 (0, $0): OK
  tests/parser_test.c:17: assert buffer_pos (2, $2) == expect_buffer_pos (2, $2): OK
  tests/parser_test.c:19: assert 2 byte(s) memory equals:
        line_buffer.data ($0303):
        0000 0303  04 D8                                            .Ø              
        expect_line_data ($FFAB):
        0000 FFAB  04 D8                                            .Ø              
OK
  tests/parser_test.c:21: assert line_pos (5, $5) == (size_t) (&((Line*) 0)->data) + expect_line_data_length (5, $5): OK
  tests/parser_test.c:186: parse_pvm("? X")
  tests/parser_test.c:16: assert err (0, $0) == 0 (0, $0): OK
  tests/parser_test.c:17: assert buffer_pos (3, $3) == expect_buffer_pos (3, $3): OK
  tests/parser_test.c:19: assert 2 byte(s) memory equals:
        line_buffer.data ($0303):
        0000 0303  04 D8                                            .Ø              
        expect_line_data ($FFAB):
        0000 FFAB  04 D8                                            .Ø              
OK
  tests/parser_test.c:21: assert line_pos (5, $5) == (size_t) (&((Line*) 0)->data) + expect_line_data_length (5, $5): OK
  tests/parser_test.c:189: parse_pvm("FOR X=1 TO 5")
  tests/parser_test.c:16: assert err (0, $0) == 0 (0, $0): OK
  tests/parser_test.c:17: assert buffer_pos (12, $C) == expect_buffer_pos (12, $C): OK
  tests/parser_test.c:19: assert 6 byte(s) memory equals:
        line_buffer.data ($0303):
        0000 0303  0C D8 3D 31 0B 35                                .Ø=1.5          
        expect_line_data ($FFA5):
        0000 FFA5  0C D8 3D 31 0B 35                                .Ø=1.5          
OK
  tests/parser_test.c:21: assert line_pos (9, $9) == (size_t) (&((Line*) 0)->data) + expect_line_data_length (9, $9): OK
  tests/parser_test.c:190: parse_pvm("FOR X=1 TO 20 STEP 2")
  tests/parser_test.c:16: assert err (0, $0) == 0 (0, $0): OK
  tests/parser_test.c:17: assert buffer_pos (20, $14) == expect_buffer_pos (20, $14): OK
  tests/parser_test.c:19: assert 9 byte(s) memory equals:
        line_buffer.data ($0303):
        0000 0303  0C D8 3D 31 0B 32 30 0C 32                       .Ø=1.20.2       
        expect_line_data ($FF9C):
        0000 FF9C  0C D8 3D 31 0B 32 30 0C 32                       .Ø=1.20.2       
OK
  tests/parser_test.c:21: assert line_pos (12, $C) == (size_t) (&((Line*) 0)->data) + expect_line_data_length (12, $C): OK
  tests/parser_test.c:193: parse_pvm("NEXT X")
  tests/parser_test.c:16: assert err (0, $0) == 0 (0, $0): OK
  tests/parser_test.c:17: assert buffer_pos (6, $6) == expect_buffer_pos (6, $6): OK
  tests/parser_test.c:19: assert 2 byte(s) memory equals:
        line_buffer.data ($0303):
        0000 0303  0D D8                                            .Ø              
        expect_line_data ($FF9A):
        0000 FF9A  0D D8                                            .Ø              
OK
  tests/parser_test.c:21: assert line_pos (5, $5) == (size_t) (&((Line*) 0)->data) + expect_line_data_length (5, $5): OK
  tests/parser_test.c:196: parse_pvm("LET X=100")
  tests/parser_test.c:16: assert err (0, $0) == 0 (0, $0): OK
  tests/parser_test.c:17: assert buffer_pos (9, $9) == expect_buffer_pos (9, $9): OK
  tests/parser_test.c:19: assert 6 byte(s) memory equals:
        line_buffer.data ($0303):
        0000 0303  00 D8 3D 31 30 30                                .Ø=100          
        expect_line_data ($FF94):
        0000 FF94  00 D8 3D 31 30 30                                .Ø=100          
OK
  tests/parser_test.c:21: assert line_pos (9, $9) == (size_t) (&((Line*) 0)->data) + expect_line_data_length (9, $9): OK
  tests/parser_test.c:197: parse_pvm("X=100")
  tests/parser_test.c:16: assert err (0, $0) == 0 (0, $0): OK
  tests/parser_test.c:17: assert buffer_pos (5, $5) == expect_buffer_pos (5, $5): OK
  tests/parser_test.c:19: assert 6 byte(s) memory equals:
        line_buffer.data ($0303):
        0000 0303  01 D8 3D 31 30 30                                .Ø=100          
        expect_line_data ($FF8E):
        0000 FF8E  01 D8 3D 31 30 30                                .Ø=100          
OK
  tests/parser_test.c:21: assert line_pos (9, $9) == (size_t) (&((Line*) 0)->data) + expect_line_data_length (9, $9): OK
  tests/parser_test.c:200: parse_pvm("IF X=1 THEN GOTO 10")
  tests/parser_test.c:16: assert err (0, $0) == 0 (0, $0): OK
  tests/parser_test.c:17: assert buffer_pos (19, $13) == expect_buffer_pos (19, $13): OK
  tests/parser_test.c:19: assert 8 byte(s) memory equals:
        line_buffer.data ($0303):
        0000 0303  1A D8 16 31 08 06 31 30                          .Ø.1..10        
        expect_line_data ($FF86):
        0000 FF86  1A D8 16 31 08 06 31 30                          .Ø.1..10        
OK
  tests/parser_test.c:21: assert line_pos (11, $B) == (size_t) (&((Line*) 0)->data) + expect_line_data_length (11, $B): OK
  tests/parser_test.c:201: parse_pvm("IF X=1 THEN 10")
  tests/parser_test.c:16: assert err (0, $0) == 0 (0, $0): OK
  tests/parser_test.c:17: assert buffer_pos (14, $E) == expect_buffer_pos (14, $E): OK
  tests/parser_test.c:19: assert 8 byte(s) memory equals:
        line_buffer.data ($0303):
        0000 0303  1A D8 16 31 08 07 31 30                          .Ø.1..10        
        expect_line_data ($FF7E):
        0000 FF7E  1A D8 16 31 08 07 31 30                          .Ø.1..10        
OK
  tests/parser_test.c:21: assert line_pos (11, $B) == (size_t) (&((Line*) 0)->data) + expect_line_data_length (11, $B): OK
  tests/parser_test.c:202: parse_pvm("IF X=1 THEN LET X=X+1")
  tests/parser_test.c:16: assert err (0, $0) == 0 (0, $0): OK
  tests/parser_test.c:17: assert buffer_pos (21, $15) == expect_buffer_pos (21, $15): OK
  tests/parser_test.c:19: assert 11 byte(s) memory equals:
        line_buffer.data ($0303):
        0000 0303  1A D8 16 31 08 00 D8 3D D8 10 31                 .Ø.1..Ø=Ø.1     
        expect_line_data ($FF73):
        0000 FF73  1A D8 16 31 08 00 D8 3D D8 10 31                 .Ø.1..Ø=Ø.1     
OK
  tests/parser_test.c:21: assert line_pos (14, $E) == (size_t) (&((Line*) 0)->data) + expect_line_data_length (14, $E): OK
  tests/parser_test.c:203: parse_pvm("IF X=1 THEN X=X+1")
  tests/parser_test.c:16: assert err (0, $0) == 0 (0, $0): OK
  tests/parser_test.c:17: assert buffer_pos (17, $11) == expect_buffer_pos (17, $11): OK
  tests/parser_test.c:19: assert 11 byte(s) memory equals:
        line_buffer.data ($0303):
        0000 0303  1A D8 16 31 08 01 D8 3D D8 10 31                 .Ø.1..Ø=Ø.1     
        expect_line_data ($FF68):
        0000 FF68  1A D8 16 31 08 01 D8 3D D8 10 31                 .Ø.1..Ø=Ø.1     
OK
  tests/parser_test.c:21: assert line_pos (14, $E) == (size_t) (&((Line*) 0)->data) + expect_line_data_length (14, $E): OK
  tests/parser_test.c:206: parse_pvm("INPUT A")
  tests/parser_test.c:16: assert err (0, $0) == 0 (0, $0): OK
  tests/parser_test.c:17: assert buffer_pos (7, $7) == expect_buffer_pos (7, $7): OK
  tests/parser_test.c:19: assert 2 byte(s) memory equals:
        line_buffer.data ($0303):
        0000 0303  19 C1                                            .Á              
        expect_line_data ($FF66):
        0000 FF66  19 C1                                            .Á              
OK
  tests/parser_test.c:21: assert line_pos (5, $5) == (size_t) (&((Line*) 0)->data) + expect_line_data_length (5, $5): OK
  tests/parser_test.c:207: parse_pvm("INPUT A,B,C")
  tests/parser_test.c:16: assert err (0, $0) == 0 (0, $0): OK
  tests/parser_test.c:17: assert buffer_pos (11, $B) == expect_buffer_pos (11, $B): OK
  tests/parser_test.c:19: assert 6 byte(s) memory equals:
        line_buffer.data ($0303):
        0000 0303  19 C1 2C C2 2C C3                                .Á,Â,Ã          
        expect_line_data ($FF60):
        0000 FF60  19 C1 2C C2 2C C3                                .Á,Â,Ã          
OK
  tests/parser_test.c:21: assert line_pos (9, $9) == (size_t) (&((Line*) 0)->data) + expect_line_data_length (9, $9): OK
  tests/parser_test.c:210: parse_pvm("ON 1 GOTO 10")
  tests/parser_test.c:16: assert err (0, $0) == 0 (0, $0): OK
  tests/parser_test.c:17: assert buffer_pos (12, $C) == expect_buffer_pos (12, $C): OK
  tests/parser_test.c:19: assert 5 byte(s) memory equals:
        line_buffer.data ($0303):
        0000 0303  0B 31 09 31 30                                   .1.10           
        expect_line_data ($FF5B):
        0000 FF5B  0B 31 09 31 30                                   .1.10           
OK
  tests/parser_test.c:21: assert line_pos (8, $8) == (size_t) (&((Line*) 0)->data) + expect_line_data_length (8, $8): OK
  tests/parser_test.c:211: parse_pvm("ON 1 GOSUB 10")
  tests/parser_test.c:16: assert err (0, $0) == 0 (0, $0): OK
  tests/parser_test.c:17: assert buffer_pos (13, $D) == expect_buffer_pos (13, $D): OK
  tests/parser_test.c:19: assert 5 byte(s) memory equals:
        line_buffer.data ($0303):
        0000 0303  0B 31 0A 31 30                                   .1.10           
        expect_line_data ($FF56):
        0000 FF56  0B 31 0A 31 30                                   .1.10           
OK
  tests/parser_test.c:21: assert line_pos (8, $8) == (size_t) (&((Line*) 0)->data) + expect_line_data_length (8, $8): OK
  tests/parser_test.c:212: parse_pvm("ON X GOSUB 10,20,30")
  tests/parser_test.c:16: assert err (0, $0) == 0 (0, $0): OK
  tests/parser_test.c:17: assert buffer_pos (19, $13) == expect_buffer_pos (19, $13): OK
  tests/parser_test.c:19: assert 11 byte(s) memory equals:
        line_buffer.data ($0303):
        0000 0303  0B D8 0A 31 30 2C 32 30 2C 33 30                 .Ø.10,20,30     
        expect_line_data ($FF4B):
        0000 FF4B  0B D8 0A 31 30 2C 32 30 2C 33 30                 .Ø.10,20,30     
OK
  tests/parser_test.c:21: assert line_pos (14, $E) == (size_t) (&((Line*) 0)->data) + expect_line_data_length (14, $E): OK
  tests/parser_test.c:215: parse_pvm("LIST")
  tests/parser_test.c:16: assert err (0, $0) == 0 (0, $0): OK
  tests/parser_test.c:17: assert buffer_pos (4, $4) == expect_buffer_pos (4, $4): OK
  tests/parser_test.c:19: assert 1 byte(s) memory equals:
        line_buffer.data ($0303):
        0000 0303  05                                               .               
        expect_line_data ($FF4A):
        0000 FF4A  05                                               .               
OK
  tests/parser_test.c:21: assert line_pos (4, $4) == (size_t) (&((Line*) 0)->data) + expect_line_data_length (4, $4): OK
  tests/parser_test.c:216: parse_pvm("LIST 100")
  tests/parser_test.c:16: assert err (0, $0) == 0 (0, $0): OK
  tests/parser_test.c:17: assert buffer_pos (8, $8) == expect_buffer_pos (8, $8): OK
  tests/parser_test.c:19: assert 4 byte(s) memory equals:
        line_buffer.data ($0303):
        0000 0303  05 31 30 30                                      .100            
        expect_line_data ($FF46):
        0000 FF46  05 31 30 30                                      .100            
OK
  tests/parser_test.c:21: assert line_pos (7, $7) == (size_t) (&((Line*) 0)->data) + expect_line_data_length (7, $7): OK
  tests/parser_test.c:217: parse_pvm("LIST 100,500")
  tests/parser_test.c:16: assert err (0, $0) == 0 (0, $0): OK
  tests/parser_test.c:17: assert buffer_pos (12, $C) == expect_buffer_pos (12, $C): OK
  tests/parser_test.c:19: assert 8 byte(s) memory equals:
        line_buffer.data ($0303):
        0000 0303  05 31 30 30 2C 35 30 30                          .100,500        
        expect_line_data ($FF3E):
        0000 FF3E  05 31 30 30 2C 35 30 30                          .100,500        
OK
  tests/parser_test.c:21: assert line_pos (11, $B) == (size_t) (&((Line*) 0)->data) + expect_line_data_length (11, $B): OK
  tests/parser_test.c:220: parse_pvm("DATA HELLO,"X,Y",5")
  tests/parser_test.c:16: assert err (0, $0) == 0 (0, $0): OK
  tests/parser_test.c:17: assert buffer_pos (18, $12) == expect_buffer_pos (18, $12): OK
  tests/parser_test.c:19: assert 14 byte(s) memory equals:
        line_buffer.data ($0303):
        0000 0303  14 48 45 4C 4C 4F 2C 22 58 2C 59 22 2C 35        .HELLO,"X,Y",5  
        expect_line_data ($FF30):
        0000 FF30  14 48 45 4C 4C 4F 2C 22 58 2C 59 22 2C 35        .HELLO,"X,Y",5  
OK
  tests/parser_test.c:21: assert line_pos (17, $11) == (size_t) (&((Line*) 0)->data) + expect_line_data_length (17, $11): OK
  tests/parser_test.c:223: parse_pvm("POKE 710, 0")
  tests/parser_test.c:16: assert err (0, $0) == 0 (0, $0): OK
  tests/parser_test.c:17: assert buffer_pos (11, $B) == expect_buffer_pos (11, $B): OK
  tests/parser_test.c:19: assert 6 byte(s) memory equals:
        line_buffer.data ($0303):
        0000 0303  17 37 31 30 2C 30                                .710,0          
        expect_line_data ($FF2A):
        0000 FF2A  17 37 31 30 2C 30                                .710,0          
OK
  tests/parser_test.c:21: assert line_pos (9, $9) == (size_t) (&((Line*) 0)->data) + expect_line_data_length (9, $9): OK
  tests/parser_test.c:226: parse_pvm("DIM A(5)")
  tests/parser_test.c:16: assert err (0, $0) == 0 (0, $0): OK
  tests/parser_test.c:17: assert buffer_pos (8, $8) == expect_buffer_pos (8, $8): OK
  tests/parser_test.c:19: assert 5 byte(s) memory equals:
        line_buffer.data ($0303):
        0000 0303  12 C1 28 35 29                                   .Á(5)           
        expect_line_data ($FF25):
        0000 FF25  12 C1 28 35 29                                   .Á(5)           
OK
  tests/parser_test.c:21: assert line_pos (8, $8) == (size_t) (&((Line*) 0)->data) + expect_line_data_length (8, $8): OK
  tests/parser_test.c:229: parse_pvm("BYE")
  tests/parser_test.c:16: assert err (0, $0) == 0 (0, $0): OK
  tests/parser_test.c:17: assert buffer_pos (3, $3) == expect_buffer_pos (3, $3): OK
  tests/parser_test.c:19: assert 1 byte(s) memory equals:
        line_buffer.data ($0303):
        0000 0303  80                                               €               
        expect_line_data ($FF24):
        0000 FF24  80                                               €               
OK
  tests/parser_test.c:21: assert line_pos (4, $4) == (size_t) (&((Line*) 0)->data) + expect_line_data_length (4, $4): OK
test_parse_line:
  tests/parser_test.c:252: parse_line("POP")
  tests/parser_test.c:236: assert err (0, $0) == 0 (0, $0): OK
  tests/parser_test.c:237: assert buffer_pos (3, $3) == strlen(s) (3, $3): OK
  tests/parser_test.c:238: assert 6 byte(s) memory equals:
        &line_buffer ($0300):
        0000 0300  06 FF FF 06 0A 00                                .ÿÿ...          
        expect_line ($FFB6):
        0000 FFB6  06 FF FF 06 0A 00                                .ÿÿ...          
OK
  tests/parser_test.c:239: assert line_pos (6, $6) == expect_line->next_line_offset (6, $6): OK
  tests/parser_test.c:253: parse_line("POP:POP")
  tests/parser_test.c:236: assert err (0, $0) == 0 (0, $0): OK
  tests/parser_test.c:237: assert buffer_pos (7, $7) == strlen(s) (7, $7): OK
  tests/parser_test.c:238: assert 9 byte(s) memory equals:
        &line_buffer ($0300):
        0000 0300  09 FF FF 06 0A 00 09 0A 00                       .ÿÿ......       
        expect_line ($FFAD):
        0000 FFAD  09 FF FF 06 0A 00 09 0A 00                       .ÿÿ......       
OK
  tests/parser_test.c:239: assert line_pos (9, $9) == expect_line->next_line_offset (9, $9): OK
  tests/parser_test.c:254: parse_line("LET X=100")
  tests/parser_test.c:236: assert err (0, $0) == 0 (0, $0): OK
  tests/parser_test.c:237: assert buffer_pos (9, $9) == strlen(s) (9, $9): OK
  tests/parser_test.c:238: assert 11 byte(s) memory equals:
        &line_buffer ($0300):
        0000 0300  0B FF FF 0B 00 D8 3D 31 30 30 00                 .ÿÿ..Ø=100.     
        expect_line ($FFA2):
        0000 FFA2  0B FF FF 0B 00 D8 3D 31 30 30 00                 .ÿÿ..Ø=100.     
OK
  tests/parser_test.c:239: assert line_pos (11, $B) == expect_line->next_line_offset (11, $B): OK
  tests/parser_test.c:255: parse_line("LET X=100:PRINT X")
  tests/parser_test.c:236: assert err (0, $0) == 0 (0, $0): OK
  tests/parser_test.c:237: assert buffer_pos (17, $11) == strlen(s) (17, $11): OK
  tests/parser_test.c:238: assert 15 byte(s) memory equals:
        &line_buffer ($0300):
        0000 0300  0F FF FF 0B 00 D8 3D 31 30 30 00 0F 03 D8 00     .ÿÿ..Ø=100...Ø. 
        expect_line ($FF93):
        0000 FF93  0F FF FF 0B 00 D8 3D 31 30 30 00 0F 03 D8 00     .ÿÿ..Ø=100...Ø. 
OK
  tests/parser_test.c:239: assert line_pos (15, $F) == expect_line->next_line_offset (15, $F): OK
  tests/parser_test.c:256: parse_line("10 PRINT 1")
  tests/parser_test.c:236: assert err (0, $0) == 0 (0, $0): OK
  tests/parser_test.c:237: assert buffer_pos (10, $A) == strlen(s) (10, $A): OK
  tests/parser_test.c:238: assert 7 byte(s) memory equals:
        &line_buffer ($0300):
        0000 0300  07 0A 00 07 03 31 00                             .....1.         
        expect_line ($FF8C):
        0000 FF8C  07 0A 00 07 03 31 00                             .....1.         
OK
  tests/parser_test.c:239: assert line_pos (7, $7) == expect_line->next_line_offset (7, $7): OK
sim65 tests/program_test
test_initalize_program:
  tests/program_test.c:14: assert variable_name_table_ptr ($79ED) == (char*)program_ptr + sizeof (Line) ($79ED): OK
  tests/program_test.c:15: assert *variable_name_table_ptr (0, $0) == 0 (0, $0): OK
  tests/program_test.c:16: assert array_name_table_ptr ($79EE) == variable_name_table_ptr + 1 ($79EE): OK
  tests/program_test.c:17: assert *array_name_table_ptr (0, $0) == 0 (0, $0): OK
  tests/program_test.c:18: assert free_ptr ($79EF) == array_name_table_ptr + 1 ($79EF): OK
  tests/program_test.c:19: assert free_ptr ($79EF) < himem_ptr ($F7C0): OK
test_reset_next_line_ptr:
  tests/program_test.c:31: assert next_line_ptr ($79EA) == program_ptr ($79EA): OK
test_advance_next_line_ptr:
  tests/program_test.c:41: assert next_line_ptr ($79EA) == program_ptr ($79EA): OK
  tests/program_test.c:49: assert next_line_ptr ($79F4) == (char*)program_ptr + 10 ($79F4): OK
  tests/program_test.c:52: assert next_line_ptr ($7AEE) == (char*)program_ptr + 10 + 250 ($7AEE): OK
test_grow:
  tests/program_test.c:64: assert next_line_ptr ($79EA) == program_ptr ($79EA): OK
  tests/program_test.c:68: assert err (0, $0) == 0 (0, $0): OK
  tests/program_test.c:77: assert err (0, $0) == 0 (0, $0): OK
  tests/program_test.c:84: assert next_line_ptr ($79EA) == program_ptr ($79EA): OK
  tests/program_test.c:85: assert variable_name_table_ptr ($79F3) == (char*)next_line_ptr + sizeof (Line) * 3 ($79F3): OK
  tests/program_test.c:86: assert *variable_name_table_ptr (0, $0) == 0 (0, $0): OK
  tests/program_test.c:87: assert array_name_table_ptr ($79F4) == variable_name_table_ptr + 1 ($79F4): OK
  tests/program_test.c:88: assert *array_name_table_ptr (0, $0) == 0 (0, $0): OK
  tests/program_test.c:89: assert free_ptr ($79F5) == array_name_table_ptr + 1 ($79F5): OK
  tests/program_test.c:92: assert next_line_ptr->next_line_offset (3, $3) == sizeof (Line) (3, $3): OK
  tests/program_test.c:93: assert next_line_ptr->number (10, $A) == 10 (10, $A): OK
  tests/program_test.c:95: assert next_line_ptr->next_line_offset (3, $3) == sizeof (Line) (3, $3): OK
  tests/program_test.c:96: assert next_line_ptr->number (20, $14) == 20 (20, $14): OK
  tests/program_test.c:98: assert next_line_ptr->next_line_offset (0, $0) == 0 (0, $0): OK
  tests/program_test.c:99: assert next_line_ptr->number (-1, $FFFFFFFF) == -1 (-1, $FFFFFFFF): OK
  tests/program_test.c:106: assert err (0, $0) == 0 (0, $0): OK
  tests/program_test.c:108: assert next_line_ptr ($79EA) == program_ptr ($79EA): OK
  tests/program_test.c:109: assert variable_name_table_ptr ($79F3) == (char*)next_line_ptr + sizeof (Line) * 3 ($79F3): OK
  tests/program_test.c:110: assert *variable_name_table_ptr (0, $0) == 0 (0, $0): OK
  tests/program_test.c:111: assert array_name_table_ptr ($79F4) == variable_name_table_ptr + 1 ($79F4): OK
  tests/program_test.c:112: assert *array_name_table_ptr (0, $0) == 0 (0, $0): OK
  tests/program_test.c:113: assert free_ptr ($7DF5) == array_name_table_ptr + 1 + 0x400 ($7DF5): OK
  tests/program_test.c:120: assert err (130, $82) == 0x82 (130, $82): OK
test_shrink:
  tests/program_test.c:141: assert err (0, $0) == 0 (0, $0): OK
  tests/program_test.c:146: assert err (0, $0) == 0 (0, $0): OK
  tests/program_test.c:152: assert next_line_ptr ($79EA) == program_ptr ($79EA): OK
  tests/program_test.c:153: assert variable_name_table_ptr ($7DED) == (char*)next_line_ptr + sizeof (Line) + 0x400 ($7DED): OK
  tests/program_test.c:154: assert array_name_table_ptr ($7DFE) == variable_name_table_ptr + sizeof variable_name_table_data ($7DFE): OK
  tests/program_test.c:155: assert free_ptr ($7DFF) == array_name_table_ptr + 1 ($7DFF): OK
  tests/program_test.c:160: assert variable_name_table_ptr ($7DDD) == (char*)next_line_ptr + sizeof (Line) + 0x400 - 0x10 ($7DDD): OK
  tests/program_test.c:161: assert 17 byte(s) memory equals:
        variable_name_table_ptr ($7DDD):
        0000 7DDD  04 C1 10 11 04 C2 12 13 08 58 D9 14 15 16 17 18  .Á...Â...XÙ.....
        0010 7DED  00                                               .               
        variable_name_table_data ($FFAB):
        0000 FFAB  04 C1 10 11 04 C2 12 13 08 58 D9 14 15 16 17 18  .Á...Â...XÙ.....
        0010 FFBB  00                                               .               
OK
  tests/program_test.c:162: assert array_name_table_ptr ($7DEE) == variable_name_table_ptr + sizeof variable_name_table_data ($7DEE): OK
  tests/program_test.c:163: assert free_ptr ($7DEF) == array_name_table_ptr + 1 ($7DEF): OK
  tests/program_test.c:166: assert variable_name_table_ptr ($7DDD) == (char*)next_line_ptr + sizeof (Line) + 0x400 - 0x10 ($7DDD): OK
  tests/program_test.c:167: assert 13 byte(s) memory equals:
        variable_name_table_ptr ($7DDD):
        0000 7DDD  04 C1 10 11 04 C2 12 13 08 58 D9 14 15           .Á...Â...XÙ..   
        variable_name_table_data ($FFAB):
        0000 FFAB  04 C1 10 11 04 C2 12 13 08 58 D9 14 15           .Á...Â...XÙ..   
OK
  tests/program_test.c:168: assert array_name_table_ptr ($7DEA) == variable_name_table_ptr + sizeof variable_name_table_data - 4 ($7DEA): OK
  tests/program_test.c:169: assert free_ptr ($7DEB) == array_name_table_ptr + 1 ($7DEB): OK
test_find_line:
  tests/program_test.c:179: assert next_line_ptr ($79EA) == program_ptr ($79EA): OK
  tests/program_test.c:203: assert err (0, $0) == 0 (0, $0): OK
  tests/program_test.c:204: assert next_line_ptr->number (10, $A) == 10 (10, $A): OK
  tests/program_test.c:206: assert err (0, $0) == 0 (0, $0): OK
  tests/program_test.c:207: assert next_line_ptr->number (256, $100) == 256 (256, $100): OK
  tests/program_test.c:209: assert err (0, $0) == 0 (0, $0): OK
  tests/program_test.c:210: assert next_line_ptr->number (10000, $2710) == 10000 (10000, $2710): OK
  tests/program_test.c:215: assert err (1, $1) != 0 (0, $0): OK
  tests/program_test.c:216: assert next_line_ptr->number (256, $100) == 256 (256, $100): OK
  tests/program_test.c:220: assert err (0, $0) == 0 (0, $0): OK
  tests/program_test.c:221: assert next_line_ptr->number (10000, $2710) == 10000 (10000, $2710): OK
  tests/program_test.c:223: assert err (0, $0) == 0 (0, $0): OK
  tests/program_test.c:224: assert next_line_ptr->number (10, $A) == 10 (10, $A): OK
test_insert_or_update_line:
  tests/program_test.c:241: assert err (0, $0) == 0 (0, $0): OK
  tests/program_test.c:243: assert next_line_ptr->next_line_offset (10, $A) == sizeof (Line) + sizeof line_10_data (10, $A): OK
  tests/program_test.c:244: assert next_line_ptr->number (10, $A) == 10 (10, $A): OK
  tests/program_test.c:245: assert 7 byte(s) memory equals:
        next_line_ptr->data ($79ED):
        0000 79ED  50 52 49 4E 54 20 31                             PRINT 1         
        line_10_data ($FFB2):
        0000 FFB2  50 52 49 4E 54 20 31                             PRINT 1         
OK
  tests/program_test.c:248: assert next_line_ptr->next_line_offset (0, $0) == 0 (0, $0): OK
  tests/program_test.c:249: assert next_line_ptr->number (-1, $FFFFFFFF) == -1 (-1, $FFFFFFFF): OK
  tests/program_test.c:253: assert err (0, $0) == 0 (0, $0): OK
  tests/program_test.c:255: assert next_line_ptr->next_line_offset (10, $A) == sizeof (Line) + sizeof line_10_data (10, $A): OK
  tests/program_test.c:256: assert next_line_ptr->number (10, $A) == 10 (10, $A): OK
  tests/program_test.c:258: assert next_line_ptr->next_line_offset (16, $10) == sizeof (Line) + sizeof line_200_data (16, $10): OK
  tests/program_test.c:259: assert next_line_ptr->number (200, $C8) == 200 (200, $C8): OK
  tests/program_test.c:261: assert next_line_ptr->next_line_offset (0, $0) == 0 (0, $0): OK
  tests/program_test.c:262: assert next_line_ptr->number (-1, $FFFFFFFF) == -1 (-1, $FFFFFFFF): OK
  tests/program_test.c:267: assert err (0, $0) == 0 (0, $0): OK
  tests/program_test.c:269: assert next_line_ptr->next_line_offset (6, $6) == sizeof (Line) + sizeof line_5_data (6, $6): OK
  tests/program_test.c:270: assert next_line_ptr->number (5, $5) == 5 (5, $5): OK
  tests/program_test.c:272: assert next_line_ptr->next_line_offset (10, $A) == sizeof (Line) + sizeof line_10_data (10, $A): OK
  tests/program_test.c:273: assert next_line_ptr->number (10, $A) == 10 (10, $A): OK
  tests/program_test.c:275: assert next_line_ptr->next_line_offset (16, $10) == sizeof (Line) + sizeof line_200_data (16, $10): OK
  tests/program_test.c:276: assert next_line_ptr->number (200, $C8) == 200 (200, $C8): OK
  tests/program_test.c:278: assert next_line_ptr->next_line_offset (0, $0) == 0 (0, $0): OK
  tests/program_test.c:279: assert next_line_ptr->number (-1, $FFFFFFFF) == -1 (-1, $FFFFFFFF): OK
  tests/program_test.c:284: assert err (0, $0) == 0 (0, $0): OK
  tests/program_test.c:286: assert next_line_ptr->next_line_offset (6, $6) == sizeof (Line) + sizeof line_5_data (6, $6): OK
  tests/program_test.c:287: assert next_line_ptr->number (5, $5) == 5 (5, $5): OK
  tests/program_test.c:289: assert next_line_ptr->next_line_offset (10, $A) == sizeof (Line) + sizeof line_10_data (10, $A): OK
  tests/program_test.c:290: assert next_line_ptr->number (10, $A) == 10 (10, $A): OK
  tests/program_test.c:292: assert next_line_ptr->number (-1, $FFFFFFFF) == -1 (-1, $FFFFFFFF): OK
  tests/program_test.c:293: assert next_line_ptr->next_line_offset (0, $0) == 0 (0, $0): OK
  tests/program_test.c:300: assert err (130, $82) == 0x82 (130, $82): OK
sim65 tests/string_test
test_load_s:
  tests/string_test.c:30: assert S0 ($FFB7) == &s.data ($FFB7): OK
  tests/string_test.c:31: assert length (5, $5) == s.length (5, $5): OK
  tests/string_test.c:32: assert S1 ($0000) is NULL: OK
  tests/string_test.c:35: assert S1 ($FFB7) == &s.data ($FFB7): OK
  tests/string_test.c:36: assert length (5, $5) == s.length (5, $5): OK
  tests/string_test.c:41: assert length (0, $0) == 0 (0, $0): OK
test_string_alloc:
original_string_ptr=F7C0
s=F7B3
  tests/string_test.c:56: assert err (0, $0) == 0 (0, $0): OK
  tests/string_test.c:57: assert s ($F7B3) == string_ptr ($F7B3): OK
  tests/string_test.c:58: assert string_ptr ($F7B3) == (char*)original_string_ptr - 10 - 3 ($F7B3): OK
  tests/string_test.c:59: assert s->length (10, $A) == 10 (10, $A): OK
  tests/string_test.c:62: assert err (0, $0) == 0 (0, $0): OK
  tests/string_test.c:63: assert s ($F79C) == string_ptr ($F79C): OK
  tests/string_test.c:64: assert string_ptr ($F79C) == (char*)original_string_ptr - 10 - 3 - 20 - 3 ($F79C): OK
  tests/string_test.c:65: assert s->length (20, $14) == 20 (20, $14): OK
test_read_string:
  tests/string_test.c:91: read_string(input="HELLO")
  tests/string_test.c:75: assert err (0, $0) == 0 (0, $0): OK
        string_ptr ($F6BB):
        0000 F6BB  05 48 45 4C 4C 4F                                .HELLO          
  tests/string_test.c:77: assert string_ptr->length (5, $5) == expect_length (5, $5): OK
  tests/string_test.c:78: assert memcmp(string_ptr->data, expect_string_data, string_ptr->length) (0, $0) == 0 (0, $0): OK
  tests/string_test.c:81: assert leftover->length (250, $FA) == 255 - string_ptr->length (250, $FA): OK
  tests/string_test.c:83: assert Y (5, $5) == expect_y (5, $5): OK
  tests/string_test.c:92: read_string(input="HELLO,WORLD")
  tests/string_test.c:75: assert err (0, $0) == 0 (0, $0): OK
        string_ptr ($F5B6):
        0000 F5B6  05 48 45 4C 4C 4F                                .HELLO          
  tests/string_test.c:77: assert string_ptr->length (5, $5) == expect_length (5, $5): OK
  tests/string_test.c:78: assert memcmp(string_ptr->data, expect_string_data, string_ptr->length) (0, $0) == 0 (0, $0): OK
  tests/string_test.c:81: assert leftover->length (250, $FA) == 255 - string_ptr->length (250, $FA): OK
  tests/string_test.c:83: assert Y (5, $5) == expect_y (5, $5): OK
  tests/string_test.c:93: read_string(input=""HELLO"")
  tests/string_test.c:75: assert err (0, $0) == 0 (0, $0): OK
        string_ptr ($F4B1):
        0000 F4B1  05 48 45 4C 4C 4F                                .HELLO          
  tests/string_test.c:77: assert string_ptr->length (5, $5) == expect_length (5, $5): OK
  tests/string_test.c:78: assert memcmp(string_ptr->data, expect_string_data, string_ptr->length) (0, $0) == 0 (0, $0): OK
  tests/string_test.c:81: assert leftover->length (250, $FA) == 255 - string_ptr->length (250, $FA): OK
  tests/string_test.c:83: assert Y (7, $7) == expect_y (7, $7): OK
  tests/string_test.c:94: read_string(input="HELLO"")
  tests/string_test.c:75: assert err (0, $0) == 0 (0, $0): OK
        string_ptr ($F3AC):
        0000 F3AC  06 48 45 4C 4C 4F 22                             .HELLO"         
  tests/string_test.c:77: assert string_ptr->length (6, $6) == expect_length (6, $6): OK
  tests/string_test.c:78: assert memcmp(string_ptr->data, expect_string_data, string_ptr->length) (0, $0) == 0 (0, $0): OK
  tests/string_test.c:81: assert leftover->length (249, $F9) == 255 - string_ptr->length (249, $F9): OK
  tests/string_test.c:83: assert Y (6, $6) == expect_y (6, $6): OK
  tests/string_test.c:95: read_string(input="""")
  tests/string_test.c:75: assert err (0, $0) == 0 (0, $0): OK
        string_ptr ($F2A7):
        0000 F2A7  00                                               .               
  tests/string_test.c:77: assert string_ptr->length (0, $0) == expect_length (0, $0): OK
  tests/string_test.c:78: assert memcmp(string_ptr->data, expect_string_data, string_ptr->length) (0, $0) == 0 (0, $0): OK
  tests/string_test.c:81: assert leftover->length (255, $FF) == 255 - string_ptr->length (255, $FF): OK
  tests/string_test.c:83: assert Y (2, $2) == expect_y (2, $2): OK
  tests/string_test.c:96: read_string(input=""",IGNORE")
  tests/string_test.c:75: assert err (0, $0) == 0 (0, $0): OK
        string_ptr ($F1A2):
        0000 F1A2  00                                               .               
  tests/string_test.c:77: assert string_ptr->length (0, $0) == expect_length (0, $0): OK
  tests/string_test.c:78: assert memcmp(string_ptr->data, expect_string_data, string_ptr->length) (0, $0) == 0 (0, $0): OK
  tests/string_test.c:81: assert leftover->length (255, $FF) == 255 - string_ptr->length (255, $FF): OK
  tests/string_test.c:83: assert Y (2, $2) == expect_y (2, $2): OK
  tests/string_test.c:97: read_string(input=",IGNORE")
  tests/string_test.c:75: assert err (0, $0) == 0 (0, $0): OK
        string_ptr ($F09D):
        0000 F09D  00                                               .               
  tests/string_test.c:77: assert string_ptr->length (0, $0) == expect_length (0, $0): OK
  tests/string_test.c:78: assert memcmp(string_ptr->data, expect_string_data, string_ptr->length) (0, $0) == 0 (0, $0): OK
  tests/string_test.c:81: assert leftover->length (255, $FF) == 255 - string_ptr->length (255, $FF): OK
  tests/string_test.c:83: assert Y (0, $0) == expect_y (0, $0): OK
  tests/string_test.c:98: read_string(input="REPEATED""CHARS")
  tests/string_test.c:75: assert err (0, $0) == 0 (0, $0): OK
        string_ptr ($EF98):
        0000 EF98  0F 52 45 50 45 41 54 45 44 22 22 43 48 41 52 53  .REPEATED""CHARS
  tests/string_test.c:77: assert string_ptr->length (15, $F) == expect_length (15, $F): OK
  tests/string_test.c:78: assert memcmp(string_ptr->data, expect_string_data, string_ptr->length) (0, $0) == 0 (0, $0): OK
  tests/string_test.c:81: assert leftover->length (240, $F0) == 255 - string_ptr->length (240, $F0): OK
  tests/string_test.c:83: assert Y (15, $F) == expect_y (15, $F): OK
  tests/string_test.c:99: read_string(input=""REPEATED""CHARS"")
  tests/string_test.c:75: assert err (0, $0) == 0 (0, $0): OK
        string_ptr ($EE93):
        0000 EE93  0E 52 45 50 45 41 54 45 44 22 43 48 41 52 53     .REPEATED"CHARS 
  tests/string_test.c:77: assert string_ptr->length (14, $E) == expect_length (14, $E): OK
  tests/string_test.c:78: assert memcmp(string_ptr->data, expect_string_data, string_ptr->length) (0, $0) == 0 (0, $0): OK
  tests/string_test.c:81: assert leftover->length (241, $F1) == 255 - string_ptr->length (241, $F1): OK
  tests/string_test.c:83: assert Y (17, $11) == expect_y (17, $11): OK
test_compact:
  tests/string_test.c:111: assert string_ptr ($F7C0) == himem_ptr ($F7C0): OK
  tests/string_test.c:115: assert string_ptr ($F7C0) == himem_ptr ($F7C0): OK
  tests/string_test.c:119: assert err (0, $0) == 0 (0, $0): OK
  tests/string_test.c:120: assert string_ptr ($F7B3) == (char*)himem_ptr - 10 - 3 ($F7B3): OK
  tests/string_test.c:122: assert string_ptr ($F7C0) == himem_ptr ($F7C0): OK
  tests/string_test.c:126: assert err (0, $0) == 0 (0, $0): OK
  tests/string_test.c:128: assert err (0, $0) == 0 (0, $0): OK
  tests/string_test.c:129: assert string_ptr ($F738) == (char*)himem_ptr - 10 - 3 - 120 - 3 ($F738): OK
  tests/string_test.c:131: assert string_ptr ($F7C0) == himem_ptr ($F7C0): OK
  tests/string_test.c:135: assert err (0, $0) == 0 (0, $0): OK
  tests/string_test.c:137: assert err (0, $0) == 0 (0, $0): OK
  tests/string_test.c:12: assert err (1, $1) != 0 (0, $0): OK
  tests/string_test.c:16: assert err (0, $0) == 0 (0, $0): OK
  tests/string_test.c:141: assert err (0, $0) == 0 (0, $0): OK
  tests/string_test.c:142: assert string_ptr ($F730) == (char*)himem_ptr - 10 - 3 - 5 - 3 - 120 - 3 ($F730): OK
  tests/string_test.c:145: assert string_ptr ($F7B8) == (char*)himem_ptr - 5 - 3 ($F7B8): OK
  tests/string_test.c:149: assert err (0, $0) == 0 (0, $0): OK
  tests/string_test.c:151: assert s ($F7B8) == (char*)himem_ptr - 5 - 3 ($F7B8): OK
  tests/string_test.c:152: assert s->length (5, $5) == 5 (5, $5): OK
  tests/string_test.c:153: assert memcmp(s->data, "HELLO", 5) (0, $0) == 0 (0, $0): OK
  tests/string_test.c:158: assert err (0, $0) == 0 (0, $0): OK
  tests/string_test.c:160: assert err (0, $0) == 0 (0, $0): OK
  tests/string_test.c:12: assert err (1, $1) != 0 (0, $0): OK
  tests/string_test.c:16: assert err (0, $0) == 0 (0, $0): OK
  tests/string_test.c:166: assert err (0, $0) == 0 (0, $0): OK
  tests/string_test.c:168: assert err (0, $0) == 0 (0, $0): OK
  tests/string_test.c:171: assert string_ptr ($F6B6) == (char*)himem_ptr - 5 - 3 - 255 - 3 ($F6B6): OK
  tests/string_test.c:175: assert err (0, $0) == 0 (0, $0): OK
  tests/string_test.c:177: assert s->length (5, $5) == 5 (5, $5): OK
  tests/string_test.c:178: assert memcmp(s->data, "HELLO", 5) (0, $0) == 0 (0, $0): OK
  tests/string_test.c:182: assert err (0, $0) == 0 (0, $0): OK
  tests/string_test.c:184: assert s->length (255, $FF) == 255 (255, $FF): OK
  tests/string_test.c:185: assert s->data[0] (0, $0) == 0 (0, $0): OK
  tests/string_test.c:186: assert s->data[1] (1, $1) == 1 (1, $1): OK
  tests/string_test.c:187: assert s->data[254] (254, $FE) == 254 (254, $FE): OK
test_compact_with_array:
  tests/string_test.c:206: assert decode_name_type (1, $1) == 0x01 (1, $1): OK
  tests/string_test.c:207: assert decode_name_arity (-1, $FFFFFFFF) == -1 (-1, $FFFFFFFF): OK
  tests/string_test.c:209: assert err (1, $1) != 0 (0, $0): OK
  tests/string_test.c:210: assert index (0, $0) == 0 (0, $0): OK
  tests/string_test.c:216: assert stack_pos (186, $BA) == 192 - 6 (186, $BA): OK
  tests/string_test.c:220: assert err (0, $0) == 0 (0, $0): OK
        array_name_table_ptr ($8299):
        0000 8299  80 13 41 A4 01 0C 00 00 00 00 00 00 00 00 00 00  €.A¤............
        0010 82A9  00 00 00 00 08 09 0A 0B 0C 0D 0E 0F 10 11 12 13  ................
        0020 82B9  14 15 16 17 18 19 1A 1B 1C 1D 1E 1F 20 21 22 23  ............ !"#
        0030 82C9  24 25 26 27 28 29 2A 2B 2C 2D 2E 2F 30 31 32 33  $%&'()*+,-./0123
  tests/string_test.c:228: assert err (0, $0) == 0 (0, $0): OK
  tests/string_test.c:229: assert index (0, $0) == 0 (0, $0): OK
  tests/string_test.c:234: assert name_ptr ($829D) == array_name_table_ptr + 4 ($829D): OK
  tests/string_test.c:240: assert err (0, $0) == 0 (0, $0): OK
  tests/string_test.c:242: assert err (0, $0) == 0 (0, $0): OK
  tests/string_test.c:246: assert err (0, $0) == 0 (0, $0): OK
  tests/string_test.c:253: assert string_ptr ($F799) == (char*)himem_ptr - 30 - 3 * 3 ($F799): OK
  tests/string_test.c:258: assert string_ptr ($F7B0) == (char*)himem_ptr - 10 - 2 * 3 ($F7B0): OK
  tests/string_test.c:264: assert err (0, $0) == 0 (0, $0): OK
  tests/string_test.c:265: assert index (0, $0) == 0 (0, $0): OK
  tests/string_test.c:272: assert hello->length (5, $5) == 5 (5, $5): OK
  tests/string_test.c:273: assert 5 byte(s) memory equals:
        hello->data ($F7B9):
        0000 F7B9  48 45 4C 4C 4F                                   HELLO           
        "HELLO" ($80A8):
        0000 80A8  48 45 4C 4C 4F                                   HELLO           
OK
  tests/string_test.c:274: assert world->length (5, $5) == 5 (5, $5): OK
  tests/string_test.c:275: assert 5 byte(s) memory equals:
        world->data ($F7B1):
        0000 F7B1  57 4F 52 4C 44                                   WORLD           
        "WORLD" ($7FEC):
        0000 7FEC  57 4F 52 4C 44                                   WORLD           
OK
test_string_alloc_retry:
  tests/string_test.c:342: assert err (0, $0) == 0 (0, $0): OK
  tests/string_test.c:343: assert string_ptr ($82FB) == (char*)himem_ptr - 100 - 3 ($82FB): OK
  tests/string_test.c:344: assert s ($82FB) == string_ptr ($82FB): OK
  tests/string_test.c:346: assert err (0, $0) == 0 (0, $0): OK
  tests/string_test.c:347: assert string_ptr ($82FB) == (char*)himem_ptr - 100 - 3 ($82FB): OK
  tests/string_test.c:348: assert s2 ($82FB) == string_ptr ($82FB): OK
  tests/string_test.c:355: assert err (0, $0) == 0 (0, $0): OK
  tests/string_test.c:356: assert s ($82F3) == s2 - 5 - 3 ($82F3): OK
  tests/string_test.c:12: assert err (1, $1) != 0 (0, $0): OK
  tests/string_test.c:16: assert err (0, $0) == 0 (0, $0): OK
  tests/string_test.c:364: assert err (0, $0) == 0 (0, $0): OK
  tests/string_test.c:365: assert string_ptr ($82F3) == (char*)himem_ptr - 5 - 3 - 100 - 3 ($82F3): OK
  tests/string_test.c:366: assert s2 ($82F3) == string_ptr ($82F3): OK
  tests/string_test.c:371: assert err (0, $0) == 0 (0, $0): OK
  tests/string_test.c:373: assert s ($835A) == (char *)himem_ptr - 5 - 3 ($835A): OK
  tests/string_test.c:374: assert s->length (5, $5) == 5 (5, $5): OK
  tests/string_test.c:375: assert memcmp(s->data, "HELLO", 5) (0, $0) == 0 (0, $0): OK
test_compact_with_expression:
  tests/string_test.c:291: assert err (0, $0) == 0 (0, $0): OK
  tests/string_test.c:293: assert err (0, $0) == 0 (0, $0): OK
  tests/string_test.c:297: assert err (0, $0) == 0 (0, $0): OK
  tests/string_test.c:302: assert string_ptr ($F799) == (char*)himem_ptr - 30 - 3 * 3 ($F799): OK
hello=F7A1
world=F799
  tests/string_test.c:310: assert string_ptr ($F7B0) == (char*)himem_ptr - 10 - 2 * 3 ($F7B0): OK
hello=F7B8
world=F7B0
  tests/string_test.c:319: assert hello->length (5, $5) == 5 (5, $5): OK
  tests/string_test.c:320: assert 5 byte(s) memory equals:
        hello->data ($F7B9):
        0000 F7B9  48 45 4C 4C 4F                                   HELLO           
        "HELLO" ($80A8):
        0000 80A8  48 45 4C 4C 4F                                   HELLO           
OK
  tests/string_test.c:321: assert world->length (5, $5) == 5 (5, $5): OK
  tests/string_test.c:322: assert 5 byte(s) memory equals:
        world->data ($F7B1):
        0000 F7B1  57 4F 52 4C 44                                   WORLD           
        "WORLD" ($7FEC):
        0000 7FEC  57 4F 52 4C 44                                   WORLD           
OK
sim65 tests/util_test
test_clear_memory:
        test_data ($56DB):
        0000 56DB  00 01 02 03 04 05 06 07 08 09 0A 0B 0C 0D 0E 0F  ................
        test_data ($56DB):
        0000 56DB  00 00 00 00 00 00 00 00 00 00 0A 0B 0C 0D 0E 0F  ................
  tests/util_test.c:29: assert test_data[0] (0, $0) == 0 (0, $0): OK
  tests/util_test.c:30: assert test_data[9] (0, $0) == 0 (0, $0): OK
  tests/util_test.c:31: assert test_data[10] (10, $A) == 10 (10, $A): OK
  tests/util_test.c:37: assert test_data[0] (0, $0) == 0 (0, $0): OK
  tests/util_test.c:38: assert test_data[255] (0, $0) == 0 (0, $0): OK
  tests/util_test.c:39: assert test_data[256] (0, $0) == 0 (0, $0): OK
  tests/util_test.c:40: assert test_data[257] (1, $1) == 1 (1, $1): OK
test_copy:
  tests/util_test.c:74: test_copy_case(size=10, offset=1)
        test_data + offset ($56DC):
        0000 56DC  00 01 02 03 04 05 06 07 08 09 00 00 00 00 00 00  ................
        test_data ($56DB):
        0000 56DB  00 01 02 03 04 05 06 07 08 09 09 00 00 00 00 00  ................
  tests/util_test.c:45: assert p[0] (0, $0) == 0 (0, $0): OK
  tests/util_test.c:46: assert p[1] (1, $1) == 1 (1, $1): OK
  tests/util_test.c:47: assert p[2] (2, $2) == 2 (2, $2): OK
  tests/util_test.c:48: assert p[3] (3, $3) == 3 (3, $3): OK
  tests/util_test.c:49: assert p[size - 4] (6, $6) == (char)(size - 4) (6, $6): OK
  tests/util_test.c:50: assert p[size - 3] (7, $7) == (char)(size - 3) (7, $7): OK
  tests/util_test.c:51: assert p[size - 2] (8, $8) == (char)(size - 2) (8, $8): OK
  tests/util_test.c:52: assert p[size - 1] (9, $9) == (char)(size - 1) (9, $9): OK
  tests/util_test.c:67: assert src_ptr ($56E6) == test_data + offset + size ($56E6): OK
  tests/util_test.c:68: assert dst_ptr ($56E5) == test_data + size ($56E5): OK
  tests/util_test.c:75: test_copy_case(size=10, offset=100)
        test_data + offset ($573F):
        0000 573F  00 01 02 03 04 05 06 07 08 09 00 00 00 00 00 00  ................
        test_data ($56DB):
        0000 56DB  00 01 02 03 04 05 06 07 08 09 00 00 00 00 00 00  ................
  tests/util_test.c:45: assert p[0] (0, $0) == 0 (0, $0): OK
  tests/util_test.c:46: assert p[1] (1, $1) == 1 (1, $1): OK
  tests/util_test.c:47: assert p[2] (2, $2) == 2 (2, $2): OK
  tests/util_test.c:48: assert p[3] (3, $3) == 3 (3, $3): OK
  tests/util_test.c:49: assert p[size - 4] (6, $6) == (char)(size - 4) (6, $6): OK
  tests/util_test.c:50: assert p[size - 3] (7, $7) == (char)(size - 3) (7, $7): OK
  tests/util_test.c:51: assert p[size - 2] (8, $8) == (char)(size - 2) (8, $8): OK
  tests/util_test.c:52: assert p[size - 1] (9, $9) == (char)(size - 1) (9, $9): OK
  tests/util_test.c:67: assert src_ptr ($5749) == test_data + offset + size ($5749): OK
  tests/util_test.c:68: assert dst_ptr ($56E5) == test_data + size ($56E5): OK
  tests/util_test.c:76: test_copy_case(size=10, offset=256)
        test_data + offset ($57DB):
        0000 57DB  00 01 02 03 04 05 06 07 08 09 00 00 00 00 00 00  ................
        test_data ($56DB):
        0000 56DB  00 01 02 03 04 05 06 07 08 09 00 00 00 00 00 00  ................
  tests/util_test.c:45: assert p[0] (0, $0) == 0 (0, $0): OK
  tests/util_test.c:46: assert p[1] (1, $1) == 1 (1, $1): OK
  tests/util_test.c:47: assert p[2] (2, $2) == 2 (2, $2): OK
  tests/util_test.c:48: assert p[3] (3, $3) == 3 (3, $3): OK
  tests/util_test.c:49: assert p[size - 4] (6, $6) == (char)(size - 4) (6, $6): OK
  tests/util_test.c:50: assert p[size - 3] (7, $7) == (char)(size - 3) (7, $7): OK
  tests/util_test.c:51: assert p[size - 2] (8, $8) == (char)(size - 2) (8, $8): OK
  tests/util_test.c:52: assert p[size - 1] (9, $9) == (char)(size - 1) (9, $9): OK
  tests/util_test.c:67: assert src_ptr ($57E5) == test_data + offset + size ($57E5): OK
  tests/util_test.c:68: assert dst_ptr ($56E5) == test_data + size ($56E5): OK
  tests/util_test.c:77: test_copy_case(size=256, offset=1)
        test_data + offset ($56DC):
        0000 56DC  00 01 02 03 04 05 06 07 08 09 0A 0B 0C 0D 0E 0F  ................
        test_data ($56DB):
        0000 56DB  00 01 02 03 04 05 06 07 08 09 0A 0B 0C 0D 0E 0F  ................
  tests/util_test.c:45: assert p[0] (0, $0) == 0 (0, $0): OK
  tests/util_test.c:46: assert p[1] (1, $1) == 1 (1, $1): OK
  tests/util_test.c:47: assert p[2] (2, $2) == 2 (2, $2): OK
  tests/util_test.c:48: assert p[3] (3, $3) == 3 (3, $3): OK
  tests/util_test.c:49: assert p[size - 4] (252, $FC) == (char)(size - 4) (252, $FC): OK
  tests/util_test.c:50: assert p[size - 3] (253, $FD) == (char)(size - 3) (253, $FD): OK
  tests/util_test.c:51: assert p[size - 2] (254, $FE) == (char)(size - 2) (254, $FE): OK
  tests/util_test.c:52: assert p[size - 1] (255, $FF) == (char)(size - 1) (255, $FF): OK
  tests/util_test.c:67: assert src_ptr ($57DC) == test_data + offset + size ($57DC): OK
  tests/util_test.c:68: assert dst_ptr ($57DB) == test_data + size ($57DB): OK
  tests/util_test.c:78: test_copy_case(size=256, offset=100)
        test_data + offset ($573F):
        0000 573F  00 01 02 03 04 05 06 07 08 09 0A 0B 0C 0D 0E 0F  ................
        test_data ($56DB):
        0000 56DB  00 01 02 03 04 05 06 07 08 09 0A 0B 0C 0D 0E 0F  ................
  tests/util_test.c:45: assert p[0] (0, $0) == 0 (0, $0): OK
  tests/util_test.c:46: assert p[1] (1, $1) == 1 (1, $1): OK
  tests/util_test.c:47: assert p[2] (2, $2) == 2 (2, $2): OK
  tests/util_test.c:48: assert p[3] (3, $3) == 3 (3, $3): OK
  tests/util_test.c:49: assert p[size - 4] (252, $FC) == (char)(size - 4) (252, $FC): OK
  tests/util_test.c:50: assert p[size - 3] (253, $FD) == (char)(size - 3) (253, $FD): OK
  tests/util_test.c:51: assert p[size - 2] (254, $FE) == (char)(size - 2) (254, $FE): OK
  tests/util_test.c:52: assert p[size - 1] (255, $FF) == (char)(size - 1) (255, $FF): OK
  tests/util_test.c:67: assert src_ptr ($583F) == test_data + offset + size ($583F): OK
  tests/util_test.c:68: assert dst_ptr ($57DB) == test_data + size ($57DB): OK
  tests/util_test.c:79: test_copy_case(size=256, offset=256)
        test_data + offset ($57DB):
        0000 57DB  00 01 02 03 04 05 06 07 08 09 0A 0B 0C 0D 0E 0F  ................
        test_data ($56DB):
        0000 56DB  00 01 02 03 04 05 06 07 08 09 0A 0B 0C 0D 0E 0F  ................
  tests/util_test.c:45: assert p[0] (0, $0) == 0 (0, $0): OK
  tests/util_test.c:46: assert p[1] (1, $1) == 1 (1, $1): OK
  tests/util_test.c:47: assert p[2] (2, $2) == 2 (2, $2): OK
  tests/util_test.c:48: assert p[3] (3, $3) == 3 (3, $3): OK
  tests/util_test.c:49: assert p[size - 4] (252, $FC) == (char)(size - 4) (252, $FC): OK
  tests/util_test.c:50: assert p[size - 3] (253, $FD) == (char)(size - 3) (253, $FD): OK
  tests/util_test.c:51: assert p[size - 2] (254, $FE) == (char)(size - 2) (254, $FE): OK
  tests/util_test.c:52: assert p[size - 1] (255, $FF) == (char)(size - 1) (255, $FF): OK
  tests/util_test.c:67: assert src_ptr ($58DB) == test_data + offset + size ($58DB): OK
  tests/util_test.c:68: assert dst_ptr ($57DB) == test_data + size ($57DB): OK
  tests/util_test.c:80: test_copy_case(size=4000, offset=1)
        test_data + offset ($56DC):
        0000 56DC  00 01 02 03 04 05 06 07 08 09 0A 0B 0C 0D 0E 0F  ................
        test_data ($56DB):
        0000 56DB  00 01 02 03 04 05 06 07 08 09 0A 0B 0C 0D 0E 0F  ................
  tests/util_test.c:45: assert p[0] (0, $0) == 0 (0, $0): OK
  tests/util_test.c:46: assert p[1] (1, $1) == 1 (1, $1): OK
  tests/util_test.c:47: assert p[2] (2, $2) == 2 (2, $2): OK
  tests/util_test.c:48: assert p[3] (3, $3) == 3 (3, $3): OK
  tests/util_test.c:49: assert p[size - 4] (156, $9C) == (char)(size - 4) (156, $9C): OK
  tests/util_test.c:50: assert p[size - 3] (157, $9D) == (char)(size - 3) (157, $9D): OK
  tests/util_test.c:51: assert p[size - 2] (158, $9E) == (char)(size - 2) (158, $9E): OK
  tests/util_test.c:52: assert p[size - 1] (159, $9F) == (char)(size - 1) (159, $9F): OK
  tests/util_test.c:67: assert src_ptr ($667C) == test_data + offset + size ($667C): OK
  tests/util_test.c:68: assert dst_ptr ($667B) == test_data + size ($667B): OK
  tests/util_test.c:81: test_copy_case(size=4000, offset=100)
        test_data + offset ($573F):
        0000 573F  00 01 02 03 04 05 06 07 08 09 0A 0B 0C 0D 0E 0F  ................
        test_data ($56DB):
        0000 56DB  00 01 02 03 04 05 06 07 08 09 0A 0B 0C 0D 0E 0F  ................
  tests/util_test.c:45: assert p[0] (0, $0) == 0 (0, $0): OK
  tests/util_test.c:46: assert p[1] (1, $1) == 1 (1, $1): OK
  tests/util_test.c:47: assert p[2] (2, $2) == 2 (2, $2): OK
  tests/util_test.c:48: assert p[3] (3, $3) == 3 (3, $3): OK
  tests/util_test.c:49: assert p[size - 4] (156, $9C) == (char)(size - 4) (156, $9C): OK
  tests/util_test.c:50: assert p[size - 3] (157, $9D) == (char)(size - 3) (157, $9D): OK
  tests/util_test.c:51: assert p[size - 2] (158, $9E) == (char)(size - 2) (158, $9E): OK
  tests/util_test.c:52: assert p[size - 1] (159, $9F) == (char)(size - 1) (159, $9F): OK
  tests/util_test.c:67: assert src_ptr ($66DF) == test_data + offset + size ($66DF): OK
  tests/util_test.c:68: assert dst_ptr ($667B) == test_data + size ($667B): OK
  tests/util_test.c:82: test_copy_case(size=4000, offset=256)
        test_data + offset ($57DB):
        0000 57DB  00 01 02 03 04 05 06 07 08 09 0A 0B 0C 0D 0E 0F  ................
        test_data ($56DB):
        0000 56DB  00 01 02 03 04 05 06 07 08 09 0A 0B 0C 0D 0E 0F  ................
  tests/util_test.c:45: assert p[0] (0, $0) == 0 (0, $0): OK
  tests/util_test.c:46: assert p[1] (1, $1) == 1 (1, $1): OK
  tests/util_test.c:47: assert p[2] (2, $2) == 2 (2, $2): OK
  tests/util_test.c:48: assert p[3] (3, $3) == 3 (3, $3): OK
  tests/util_test.c:49: assert p[size - 4] (156, $9C) == (char)(size - 4) (156, $9C): OK
  tests/util_test.c:50: assert p[size - 3] (157, $9D) == (char)(size - 3) (157, $9D): OK
  tests/util_test.c:51: assert p[size - 2] (158, $9E) == (char)(size - 2) (158, $9E): OK
  tests/util_test.c:52: assert p[size - 1] (159, $9F) == (char)(size - 1) (159, $9F): OK
  tests/util_test.c:67: assert src_ptr ($677B) == test_data + offset + size ($677B): OK
  tests/util_test.c:68: assert dst_ptr ($667B) == test_data + size ($667B): OK
test_reverse_copy:
  tests/util_test.c:104: test_reverse_copy_case(size=10, offset=1)
        test_data ($56DB):
        0000 56DB  00 01 02 03 04 05 06 07 08 09 00 00 00 00 00 00  ................
        test_data + offset ($56DC):
        0000 56DC  00 01 02 03 04 05 06 07 08 09 00 00 00 00 00 00  ................
  tests/util_test.c:45: assert p[0] (0, $0) == 0 (0, $0): OK
  tests/util_test.c:46: assert p[1] (1, $1) == 1 (1, $1): OK
  tests/util_test.c:47: assert p[2] (2, $2) == 2 (2, $2): OK
  tests/util_test.c:48: assert p[3] (3, $3) == 3 (3, $3): OK
  tests/util_test.c:49: assert p[size - 4] (6, $6) == (char)(size - 4) (6, $6): OK
  tests/util_test.c:50: assert p[size - 3] (7, $7) == (char)(size - 3) (7, $7): OK
  tests/util_test.c:51: assert p[size - 2] (8, $8) == (char)(size - 2) (8, $8): OK
  tests/util_test.c:52: assert p[size - 1] (9, $9) == (char)(size - 1) (9, $9): OK
  tests/util_test.c:97: assert src_ptr ($56DB) == test_data ($56DB): OK
  tests/util_test.c:98: assert dst_ptr ($56DC) == test_data + offset ($56DC): OK
  tests/util_test.c:105: test_reverse_copy_case(size=10, offset=100)
        test_data ($56DB):
        0000 56DB  00 01 02 03 04 05 06 07 08 09 00 00 00 00 00 00  ................
        test_data + offset ($573F):
        0000 573F  00 01 02 03 04 05 06 07 08 09 00 00 00 00 00 00  ................
  tests/util_test.c:45: assert p[0] (0, $0) == 0 (0, $0): OK
  tests/util_test.c:46: assert p[1] (1, $1) == 1 (1, $1): OK
  tests/util_test.c:47: assert p[2] (2, $2) == 2 (2, $2): OK
  tests/util_test.c:48: assert p[3] (3, $3) == 3 (3, $3): OK
  tests/util_test.c:49: assert p[size - 4] (6, $6) == (char)(size - 4) (6, $6): OK
  tests/util_test.c:50: assert p[size - 3] (7, $7) == (char)(size - 3) (7, $7): OK
  tests/util_test.c:51: assert p[size - 2] (8, $8) == (char)(size - 2) (8, $8): OK
  tests/util_test.c:52: assert p[size - 1] (9, $9) == (char)(size - 1) (9, $9): OK
  tests/util_test.c:97: assert src_ptr ($56DB) == test_data ($56DB): OK
  tests/util_test.c:98: assert dst_ptr ($573F) == test_data + offset ($573F): OK
  tests/util_test.c:106: test_reverse_copy_case(size=10, offset=256)
        test_data ($56DB):
        0000 56DB  00 01 02 03 04 05 06 07 08 09 00 00 00 00 00 00  ................
        test_data + offset ($57DB):
        0000 57DB  00 01 02 03 04 05 06 07 08 09 00 00 00 00 00 00  ................
  tests/util_test.c:45: assert p[0] (0, $0) == 0 (0, $0): OK
  tests/util_test.c:46: assert p[1] (1, $1) == 1 (1, $1): OK
  tests/util_test.c:47: assert p[2] (2, $2) == 2 (2, $2): OK
  tests/util_test.c:48: assert p[3] (3, $3) == 3 (3, $3): OK
  tests/util_test.c:49: assert p[size - 4] (6, $6) == (char)(size - 4) (6, $6): OK
  tests/util_test.c:50: assert p[size - 3] (7, $7) == (char)(size - 3) (7, $7): OK
  tests/util_test.c:51: assert p[size - 2] (8, $8) == (char)(size - 2) (8, $8): OK
  tests/util_test.c:52: assert p[size - 1] (9, $9) == (char)(size - 1) (9, $9): OK
  tests/util_test.c:97: assert src_ptr ($56DB) == test_data ($56DB): OK
  tests/util_test.c:98: assert dst_ptr ($57DB) == test_data + offset ($57DB): OK
  tests/util_test.c:107: test_reverse_copy_case(size=256, offset=1)
        test_data ($56DB):
        0000 56DB  00 01 02 03 04 05 06 07 08 09 0A 0B 0C 0D 0E 0F  ................
        test_data + offset ($56DC):
        0000 56DC  00 01 02 03 04 05 06 07 08 09 0A 0B 0C 0D 0E 0F  ................
  tests/util_test.c:45: assert p[0] (0, $0) == 0 (0, $0): OK
  tests/util_test.c:46: assert p[1] (1, $1) == 1 (1, $1): OK
  tests/util_test.c:47: assert p[2] (2, $2) == 2 (2, $2): OK
  tests/util_test.c:48: assert p[3] (3, $3) == 3 (3, $3): OK
  tests/util_test.c:49: assert p[size - 4] (252, $FC) == (char)(size - 4) (252, $FC): OK
  tests/util_test.c:50: assert p[size - 3] (253, $FD) == (char)(size - 3) (253, $FD): OK
  tests/util_test.c:51: assert p[size - 2] (254, $FE) == (char)(size - 2) (254, $FE): OK
  tests/util_test.c:52: assert p[size - 1] (255, $FF) == (char)(size - 1) (255, $FF): OK
  tests/util_test.c:97: assert src_ptr ($56DB) == test_data ($56DB): OK
  tests/util_test.c:98: assert dst_ptr ($56DC) == test_data + offset ($56DC): OK
  tests/util_test.c:108: test_reverse_copy_case(size=256, offset=100)
        test_data ($56DB):
        0000 56DB  00 01 02 03 04 05 06 07 08 09 0A 0B 0C 0D 0E 0F  ................
        test_data + offset ($573F):
        0000 573F  00 01 02 03 04 05 06 07 08 09 0A 0B 0C 0D 0E 0F  ................
  tests/util_test.c:45: assert p[0] (0, $0) == 0 (0, $0): OK
  tests/util_test.c:46: assert p[1] (1, $1) == 1 (1, $1): OK
  tests/util_test.c:47: assert p[2] (2, $2) == 2 (2, $2): OK
  tests/util_test.c:48: assert p[3] (3, $3) == 3 (3, $3): OK
  tests/util_test.c:49: assert p[size - 4] (252, $FC) == (char)(size - 4) (252, $FC): OK
  tests/util_test.c:50: assert p[size - 3] (253, $FD) == (char)(size - 3) (253, $FD): OK
  tests/util_test.c:51: assert p[size - 2] (254, $FE) == (char)(size - 2) (254, $FE): OK
  tests/util_test.c:52: assert p[size - 1] (255, $FF) == (char)(size - 1) (255, $FF): OK
  tests/util_test.c:97: assert src_ptr ($56DB) == test_data ($56DB): OK
  tests/util_test.c:98: assert dst_ptr ($573F) == test_data + offset ($573F): OK
  tests/util_test.c:109: test_reverse_copy_case(size=256, offset=256)
        test_data ($56DB):
        0000 56DB  00 01 02 03 04 05 06 07 08 09 0A 0B 0C 0D 0E 0F  ................
        test_data + offset ($57DB):
        0000 57DB  00 01 02 03 04 05 06 07 08 09 0A 0B 0C 0D 0E 0F  ................
  tests/util_test.c:45: assert p[0] (0, $0) == 0 (0, $0): OK
  tests/util_test.c:46: assert p[1] (1, $1) == 1 (1, $1): OK
  tests/util_test.c:47: assert p[2] (2, $2) == 2 (2, $2): OK
  tests/util_test.c:48: assert p[3] (3, $3) == 3 (3, $3): OK
  tests/util_test.c:49: assert p[size - 4] (252, $FC) == (char)(size - 4) (252, $FC): OK
  tests/util_test.c:50: assert p[size - 3] (253, $FD) == (char)(size - 3) (253, $FD): OK
  tests/util_test.c:51: assert p[size - 2] (254, $FE) == (char)(size - 2) (254, $FE): OK
  tests/util_test.c:52: assert p[size - 1] (255, $FF) == (char)(size - 1) (255, $FF): OK
  tests/util_test.c:97: assert src_ptr ($56DB) == test_data ($56DB): OK
  tests/util_test.c:98: assert dst_ptr ($57DB) == test_data + offset ($57DB): OK
  tests/util_test.c:110: test_reverse_copy_case(size=4000, offset=1)
        test_data ($56DB):
        0000 56DB  00 01 02 03 04 05 06 07 08 09 0A 0B 0C 0D 0E 0F  ................
        test_data + offset ($56DC):
        0000 56DC  00 01 02 03 04 05 06 07 08 09 0A 0B 0C 0D 0E 0F  ................
  tests/util_test.c:45: assert p[0] (0, $0) == 0 (0, $0): OK
  tests/util_test.c:46: assert p[1] (1, $1) == 1 (1, $1): OK
  tests/util_test.c:47: assert p[2] (2, $2) == 2 (2, $2): OK
  tests/util_test.c:48: assert p[3] (3, $3) == 3 (3, $3): OK
  tests/util_test.c:49: assert p[size - 4] (156, $9C) == (char)(size - 4) (156, $9C): OK
  tests/util_test.c:50: assert p[size - 3] (157, $9D) == (char)(size - 3) (157, $9D): OK
  tests/util_test.c:51: assert p[size - 2] (158, $9E) == (char)(size - 2) (158, $9E): OK
  tests/util_test.c:52: assert p[size - 1] (159, $9F) == (char)(size - 1) (159, $9F): OK
  tests/util_test.c:97: assert src_ptr ($56DB) == test_data ($56DB): OK
  tests/util_test.c:98: assert dst_ptr ($56DC) == test_data + offset ($56DC): OK
  tests/util_test.c:111: test_reverse_copy_case(size=4000, offset=100)
        test_data ($56DB):
        0000 56DB  00 01 02 03 04 05 06 07 08 09 0A 0B 0C 0D 0E 0F  ................
        test_data + offset ($573F):
        0000 573F  00 01 02 03 04 05 06 07 08 09 0A 0B 0C 0D 0E 0F  ................
  tests/util_test.c:45: assert p[0] (0, $0) == 0 (0, $0): OK
  tests/util_test.c:46: assert p[1] (1, $1) == 1 (1, $1): OK
  tests/util_test.c:47: assert p[2] (2, $2) == 2 (2, $2): OK
  tests/util_test.c:48: assert p[3] (3, $3) == 3 (3, $3): OK
  tests/util_test.c:49: assert p[size - 4] (156, $9C) == (char)(size - 4) (156, $9C): OK
  tests/util_test.c:50: assert p[size - 3] (157, $9D) == (char)(size - 3) (157, $9D): OK
  tests/util_test.c:51: assert p[size - 2] (158, $9E) == (char)(size - 2) (158, $9E): OK
  tests/util_test.c:52: assert p[size - 1] (159, $9F) == (char)(size - 1) (159, $9F): OK
  tests/util_test.c:97: assert src_ptr ($56DB) == test_data ($56DB): OK
  tests/util_test.c:98: assert dst_ptr ($573F) == test_data + offset ($573F): OK
  tests/util_test.c:112: test_reverse_copy_case(size=4000, offset=256)
        test_data ($56DB):
        0000 56DB  00 01 02 03 04 05 06 07 08 09 0A 0B 0C 0D 0E 0F  ................
        test_data + offset ($57DB):
        0000 57DB  00 01 02 03 04 05 06 07 08 09 0A 0B 0C 0D 0E 0F  ................
  tests/util_test.c:45: assert p[0] (0, $0) == 0 (0, $0): OK
  tests/util_test.c:46: assert p[1] (1, $1) == 1 (1, $1): OK
  tests/util_test.c:47: assert p[2] (2, $2) == 2 (2, $2): OK
  tests/util_test.c:48: assert p[3] (3, $3) == 3 (3, $3): OK
  tests/util_test.c:49: assert p[size - 4] (156, $9C) == (char)(size - 4) (156, $9C): OK
  tests/util_test.c:50: assert p[size - 3] (157, $9D) == (char)(size - 3) (157, $9D): OK
  tests/util_test.c:51: assert p[size - 2] (158, $9E) == (char)(size - 2) (158, $9E): OK
  tests/util_test.c:52: assert p[size - 1] (159, $9F) == (char)(size - 1) (159, $9F): OK
  tests/util_test.c:97: assert src_ptr ($56DB) == test_data ($56DB): OK
  tests/util_test.c:98: assert dst_ptr ($57DB) == test_data + offset ($57DB): OK
test_invoke_indexed_vector:
  tests/util_test.c:125: assert result (31415, $7AB7) == 31415 (31415, $7AB7): OK
  tests/util_test.c:127: assert result (7771, $1E5B) == 7771 (7771, $1E5B): OK
  tests/util_test.c:129: assert result (7771, $1E5B) == 7771 (7771, $1E5B): OK
  tests/util_test.c:131: assert result (31415, $7AB7) == 31415 (31415, $7AB7): OK
test_skip_whitespace:
  tests/util_test.c:143: assert Y (0, $0) == 0 (0, $0): OK
  tests/util_test.c:146: assert Y (3, $3) == 3 (3, $3): OK
test_read_argument_separator:
  tests/util_test.c:158: assert err (1, $1) != 0 (0, $0): OK
  tests/util_test.c:159: assert Y (0, $0) == 0 (0, $0): OK
  tests/util_test.c:162: assert err (0, $0) == 0 (0, $0): OK
  tests/util_test.c:163: assert Y (2, $2) == 2 (2, $2): OK
  tests/util_test.c:166: assert err (0, $0) == 0 (0, $0): OK
  tests/util_test.c:167: assert Y (5, $5) == 5 (5, $5): OK
